<html>
<body>
<pre>
<h1>µVision Build Log</h1>
<h2>Project:</h2>
D:\Users\Yiqing\nonwin\yqwork\ece\ece254\ece254f12\manual\code\sys1\trunk\lab3\example\rtx_nolib_demo_stu\rtx_nolib_demo_stu.uvproj
Project File Date:  11/02/2012

<h2>Output:</h2>
Clean started: Project: 'rtx_nolib_demo_stu'
   deleting intermediate output files for target 'rtx_nolib_demo_stu SIM'
Build target 'rtx_nolib_demo_stu SIM'
assembling SVC_Table.s...
compiling HAL_CM3.c...
compiling rt_Event.c...
compiling rt_List.c...
compiling rt_Mailbox.c...
compiling rt_Mem.c...
compiling rt_MemBox.c...
compiling rt_Mutex.c...
compiling rt_Robin.c...
compiling rt_Semaphore.c...
compiling rt_System.c...
compiling rt_Task.c...
compiling rt_Time.c...
compiling rt_Timer.c...
assembling startup_LPC17xx.s...
compiling Retarget.c...
compiling RTX_Conf_CM.c...
compiling Serial.c...
compiling system_LPC17xx.c...
compiling main.c...
linking...
Program Size: Code=7368 RO-data=316 RW-data=60 ZI-data=5444  
".\SIM\rtx_nolib_demo_stu.axf" - 0 Error(s), 0 Warning(s).
Clean started: Project: 'rtx_nolib_demo_stu'
   deleting intermediate output files for target 'rtx_nolib_demo_stu SIM'
