ARM Linker, 4.1 [Build 894] [Evaluation]

==============================================================================

Section Cross References

    startup_lpc17xx.o(RESET) refers to startup_lpc17xx.o(STACK) for __initial_sp
    startup_lpc17xx.o(RESET) refers to startup_lpc17xx.o(.text) for Reset_Handler
    startup_lpc17xx.o(RESET) refers to hal_cm3.o(.emb_text) for SVC_Handler
    startup_lpc17xx.o(.text) refers to system_lpc17xx.o(.text) for SystemInit
    startup_lpc17xx.o(.text) refers to entry.o(.ARM.Collect$$$$00000000) for __main
    glcd_spi_lpc1700.o(.text) refers to glcd_spi_lpc1700.o(.data) for driverCode
    glcd_spi_lpc1700.o(.text) refers to glcd_spi_lpc1700.o(.constdata) for Font_6x8_h
    main.o(.text) refers to hal_cm3.o(.emb_text) for _free_box
    main.o(.text) refers to rand.o(.text) for rand
    main.o(.text) refers to system_lpc17xx.o(.text) for SystemInit
    main.o(.text) refers to glcd_spi_lpc1700.o(.text) for GLCD_Init
    main.o(.text) refers to rt_membox.o(i._init_box) for _init_box
    main.o(.text) refers to main.o(.bss) for MsgBox
    main.o(.text) refers to rt_mailbox.o(i.rt_mbx_wait) for rt_mbx_wait
    main.o(.text) refers to main.o(.data) for mpool
    main.o(.text) refers to rt_event.o(i.rt_evt_set) for rt_evt_set
    main.o(.text) refers to rt_task.o(i.rt_tsk_delete) for rt_tsk_delete
    main.o(.text) refers to rt_task.o(i.rt_tsk_create) for rt_tsk_create
    main.o(.text) refers to rt_mailbox.o(i.rt_mbx_init) for rt_mbx_init
    main.o(.text) refers to rt_mailbox.o(i.rt_mbx_send) for rt_mbx_send
    main.o(.text) refers to rt_event.o(i.rt_evt_wait) for rt_evt_wait
    main.o(.text) refers to rt_task.o(i.rt_sys_init) for rt_sys_init
    system_lpc17xx.o(.text) refers to system_lpc17xx.o(.data) for SystemFrequency
    rt_task.o(i.rt_block) refers to rt_list.o(i.rt_put_dly) for rt_put_dly
    rt_task.o(i.rt_block) refers to rt_list.o(i.rt_get_first) for rt_get_first
    rt_task.o(i.rt_block) refers to rt_task.o(i.rt_switch_req) for rt_switch_req
    rt_task.o(i.rt_block) refers to rt_task.o(.data) for .data
    rt_task.o(i.rt_block) refers to rt_list.o(.bss) for os_rdy
    rt_task.o(i.rt_dispatch) refers to rt_list.o(i.rt_put_rdy_first) for rt_put_rdy_first
    rt_task.o(i.rt_dispatch) refers to rt_task.o(i.rt_switch_req) for rt_switch_req
    rt_task.o(i.rt_dispatch) refers to rt_list.o(i.rt_get_first) for rt_get_first
    rt_task.o(i.rt_dispatch) refers to rt_list.o(i.rt_put_prio) for rt_put_prio
    rt_task.o(i.rt_dispatch) refers to rt_task.o(.data) for .data
    rt_task.o(i.rt_dispatch) refers to rt_list.o(.bss) for os_rdy
    rt_task.o(i.rt_init_context) refers to rt_membox.o(i.rt_alloc_box) for rt_alloc_box
    rt_task.o(i.rt_init_context) refers to hal_cm3.o(i.rt_init_stack) for rt_init_stack
    rt_task.o(i.rt_init_context) refers to rtx_conf_cm.o(.bss) for mp_stk
    rt_task.o(i.rt_switch_req) refers to hal_cm3.o(i.dbg_task_switch) for dbg_task_switch
    rt_task.o(i.rt_switch_req) refers to rt_task.o(.data) for .data
    rt_task.o(i.rt_switch_req) refers to hal_cm3.o(.data) for dbg_msg
    rt_task.o(i.rt_sys_init) refers to hal_cm3.o(i.dbg_init) for dbg_init
    rt_task.o(i.rt_sys_init) refers to rt_membox.o(i._init_box) for _init_box
    rt_task.o(i.rt_sys_init) refers to rt_task.o(i.rt_init_context) for rt_init_context
    rt_task.o(i.rt_sys_init) refers to hal_cm3.o(.emb_text) for rt_set_PSP
    rt_task.o(i.rt_sys_init) refers to rt_robin.o(i.rt_init_robin) for rt_init_robin
    rt_task.o(i.rt_sys_init) refers to rt_task.o(i.rt_tsk_create) for rt_tsk_create
    rt_task.o(i.rt_sys_init) refers to rtx_conf_cm.o(.bss) for os_active_TCB
    rt_task.o(i.rt_sys_init) refers to rtx_conf_cm.o(.constdata) for os_maxtaskrun
    rt_task.o(i.rt_sys_init) refers to rtx_conf_cm.o(.data) for m_tmr
    rt_task.o(i.rt_sys_init) refers to rt_task.o(.bss) for .bss
    rt_task.o(i.rt_sys_init) refers to rtx_conf_cm.o(.text) for os_idle_demon
    rt_task.o(i.rt_sys_init) refers to rt_list.o(.bss) for os_rdy
    rt_task.o(i.rt_sys_init) refers to rt_task.o(.data) for .data
    rt_task.o(i.rt_tsk_create) refers to rt_membox.o(i.rt_alloc_box) for rt_alloc_box
    rt_task.o(i.rt_tsk_create) refers to rt_task.o(i.rt_init_context) for rt_init_context
    rt_task.o(i.rt_tsk_create) refers to hal_cm3.o(i.dbg_task_notify) for dbg_task_notify
    rt_task.o(i.rt_tsk_create) refers to rt_task.o(i.rt_dispatch) for rt_dispatch
    rt_task.o(i.rt_tsk_create) refers to rtx_conf_cm.o(.bss) for mp_tcb
    rt_task.o(i.rt_tsk_create) refers to rtx_conf_cm.o(.constdata) for os_maxtaskrun
    rt_task.o(i.rt_tsk_create) refers to hal_cm3.o(.data) for dbg_msg
    rt_task.o(i.rt_tsk_create) refers to rt_task.o(.data) for .data
    rt_task.o(i.rt_tsk_delete) refers to rt_membox.o(i.rt_free_box) for rt_free_box
    rt_task.o(i.rt_tsk_delete) refers to hal_cm3.o(i.dbg_task_notify) for dbg_task_notify
    rt_task.o(i.rt_tsk_delete) refers to rt_task.o(i.rt_dispatch) for rt_dispatch
    rt_task.o(i.rt_tsk_delete) refers to rt_list.o(i.rt_rmv_list) for rt_rmv_list
    rt_task.o(i.rt_tsk_delete) refers to rt_list.o(i.rt_rmv_dly) for rt_rmv_dly
    rt_task.o(i.rt_tsk_delete) refers to hal_cm3.o(.data) for dbg_msg
    rt_task.o(i.rt_tsk_delete) refers to rt_task.o(.data) for .data
    rt_task.o(i.rt_tsk_delete) refers to rtx_conf_cm.o(.bss) for os_active_TCB
    rt_task.o(i.rt_tsk_delete) refers to rtx_conf_cm.o(.constdata) for os_maxtaskrun
    rt_task.o(i.rt_tsk_pass) refers to rt_list.o(i.rt_get_same_rdy_prio) for rt_get_same_rdy_prio
    rt_task.o(i.rt_tsk_pass) refers to rt_list.o(i.rt_put_prio) for rt_put_prio
    rt_task.o(i.rt_tsk_pass) refers to rt_task.o(i.rt_switch_req) for rt_switch_req
    rt_task.o(i.rt_tsk_pass) refers to rt_task.o(.data) for .data
    rt_task.o(i.rt_tsk_pass) refers to rt_list.o(.bss) for os_rdy
    rt_task.o(i.rt_tsk_prio) refers to rt_list.o(i.rt_put_prio) for rt_put_prio
    rt_task.o(i.rt_tsk_prio) refers to rt_list.o(i.rt_resort_prio) for rt_resort_prio
    rt_task.o(i.rt_tsk_prio) refers to rt_list.o(i.rt_get_first) for rt_get_first
    rt_task.o(i.rt_tsk_prio) refers to rt_task.o(i.rt_dispatch) for rt_dispatch
    rt_task.o(i.rt_tsk_prio) refers to rt_task.o(.data) for .data
    rt_task.o(i.rt_tsk_prio) refers to rtx_conf_cm.o(.constdata) for os_maxtaskrun
    rt_task.o(i.rt_tsk_prio) refers to rtx_conf_cm.o(.bss) for os_active_TCB
    rt_task.o(i.rt_tsk_prio) refers to rt_list.o(.bss) for os_rdy
    rt_task.o(i.rt_tsk_self) refers to rt_task.o(.data) for .data
    rt_event.o(i.isr_evt_set) refers to rt_list.o(i.rt_psq_enq) for rt_psq_enq
    rt_event.o(i.isr_evt_set) refers to rt_system.o(i.rt_psh_req) for rt_psh_req
    rt_event.o(i.isr_evt_set) refers to rtx_conf_cm.o(.bss) for os_active_TCB
    rt_event.o(i.rt_evt_clr) refers to rtx_conf_cm.o(.bss) for os_active_TCB
    rt_event.o(i.rt_evt_get) refers to rt_task.o(.data) for os_tsk
    rt_event.o(i.rt_evt_psh) refers to rt_list.o(i.rt_rmv_dly) for rt_rmv_dly
    rt_event.o(i.rt_evt_psh) refers to rt_list.o(i.rt_put_prio) for rt_put_prio
    rt_event.o(i.rt_evt_psh) refers to rt_list.o(.bss) for os_rdy
    rt_event.o(i.rt_evt_set) refers to rt_list.o(i.rt_rmv_dly) for rt_rmv_dly
    rt_event.o(i.rt_evt_set) refers to rt_task.o(i.rt_dispatch) for rt_dispatch
    rt_event.o(i.rt_evt_set) refers to rtx_conf_cm.o(.bss) for os_active_TCB
    rt_event.o(i.rt_evt_wait) refers to rt_task.o(i.rt_block) for rt_block
    rt_event.o(i.rt_evt_wait) refers to rt_task.o(.data) for os_tsk
    rt_mailbox.o(i.isr_mbx_receive) refers to rt_list.o(i.rt_psq_enq) for rt_psq_enq
    rt_mailbox.o(i.isr_mbx_receive) refers to rt_system.o(i.rt_psh_req) for rt_psh_req
    rt_mailbox.o(i.isr_mbx_send) refers to rt_list.o(i.rt_psq_enq) for rt_psq_enq
    rt_mailbox.o(i.isr_mbx_send) refers to rt_system.o(i.rt_psh_req) for rt_psh_req
    rt_mailbox.o(i.rt_mbx_psh) refers to rt_list.o(i.rt_get_first) for rt_get_first
    rt_mailbox.o(i.rt_mbx_psh) refers to rt_list.o(i.rt_rmv_dly) for rt_rmv_dly
    rt_mailbox.o(i.rt_mbx_psh) refers to rt_list.o(i.rt_put_prio) for rt_put_prio
    rt_mailbox.o(i.rt_mbx_psh) refers to rtx_conf_cm.o(.text) for os_error
    rt_mailbox.o(i.rt_mbx_psh) refers to rt_list.o(.bss) for os_rdy
    rt_mailbox.o(i.rt_mbx_send) refers to rt_list.o(i.rt_put_prio) for rt_put_prio
    rt_mailbox.o(i.rt_mbx_send) refers to rt_list.o(i.rt_get_first) for rt_get_first
    rt_mailbox.o(i.rt_mbx_send) refers to rt_list.o(i.rt_rmv_dly) for rt_rmv_dly
    rt_mailbox.o(i.rt_mbx_send) refers to rt_task.o(i.rt_dispatch) for rt_dispatch
    rt_mailbox.o(i.rt_mbx_send) refers to rt_task.o(i.rt_block) for rt_block
    rt_mailbox.o(i.rt_mbx_send) refers to rt_task.o(.data) for os_tsk
    rt_mailbox.o(i.rt_mbx_wait) refers to rt_list.o(i.rt_get_first) for rt_get_first
    rt_mailbox.o(i.rt_mbx_wait) refers to rt_list.o(i.rt_rmv_dly) for rt_rmv_dly
    rt_mailbox.o(i.rt_mbx_wait) refers to rt_task.o(i.rt_dispatch) for rt_dispatch
    rt_mailbox.o(i.rt_mbx_wait) refers to rt_list.o(i.rt_put_prio) for rt_put_prio
    rt_mailbox.o(i.rt_mbx_wait) refers to rt_task.o(i.rt_block) for rt_block
    rt_mailbox.o(i.rt_mbx_wait) refers to rt_task.o(.data) for os_tsk
    rt_membox.o(i._calloc_box) refers to hal_cm3.o(.emb_text) for _alloc_box
    hal_cm3.o(.emb_text) refers to rtx_conf_cm.o(.constdata) for os_flags
    hal_cm3.o(.emb_text) refers to rt_membox.o(i.rt_alloc_box) for rt_alloc_box
    hal_cm3.o(.emb_text) refers to rt_membox.o(i.rt_free_box) for rt_free_box
    hal_cm3.o(.emb_text) refers to rt_system.o(i.rt_stk_check) for rt_stk_check
    hal_cm3.o(.emb_text) refers to rt_task.o(.data) for os_tsk
    hal_cm3.o(.emb_text) refers to SVC_Table.o(SVC_TABLE) for SVC_Count
    hal_cm3.o(.emb_text) refers to rt_system.o(i.rt_pop_req) for rt_pop_req
    hal_cm3.o(.emb_text) refers to rt_system.o(i.rt_systick) for rt_systick
    hal_cm3.o(i.dbg_init) refers to hal_cm3.o(.data) for .data
    hal_cm3.o(i.rt_init_stack) refers to rtx_conf_cm.o(.constdata) for os_stackinfo
    rt_system.o(i.rt_pop_req) refers to rt_list.o(i.rt_put_rdy_first) for rt_put_rdy_first
    rt_system.o(i.rt_pop_req) refers to rt_semaphore.o(i.rt_sem_psh) for rt_sem_psh
    rt_system.o(i.rt_pop_req) refers to rt_list.o(i.rt_get_first) for rt_get_first
    rt_system.o(i.rt_pop_req) refers to rt_task.o(i.rt_switch_req) for rt_switch_req
    rt_system.o(i.rt_pop_req) refers to rt_event.o(i.rt_evt_psh) for rt_evt_psh
    rt_system.o(i.rt_pop_req) refers to rt_mailbox.o(i.rt_mbx_psh) for rt_mbx_psh
    rt_system.o(i.rt_pop_req) refers to rt_task.o(.data) for os_tsk
    rt_system.o(i.rt_pop_req) refers to rtx_conf_cm.o(.bss) for os_fifo
    rt_system.o(i.rt_pop_req) refers to rt_list.o(.bss) for os_rdy
    rt_system.o(i.rt_psh_req) refers to rt_system.o(.data) for .data
    rt_system.o(i.rt_stk_check) refers to rtx_conf_cm.o(.text) for os_error
    rt_system.o(i.rt_stk_check) refers to rt_task.o(.data) for os_tsk
    rt_system.o(i.rt_systick) refers to rt_list.o(i.rt_put_rdy_first) for rt_put_rdy_first
    rt_system.o(i.rt_systick) refers to rt_robin.o(i.rt_chk_robin) for rt_chk_robin
    rt_system.o(i.rt_systick) refers to rt_list.o(i.rt_dec_dly) for rt_dec_dly
    rt_system.o(i.rt_systick) refers to rt_timer.o(i.rt_tmr_tick) for rt_tmr_tick
    rt_system.o(i.rt_systick) refers to rt_list.o(i.rt_get_first) for rt_get_first
    rt_system.o(i.rt_systick) refers to rt_task.o(i.rt_switch_req) for rt_switch_req
    rt_system.o(i.rt_systick) refers to rt_task.o(.data) for os_tsk
    rt_system.o(i.rt_systick) refers to rt_time.o(.data) for os_time
    rt_system.o(i.rt_systick) refers to rt_list.o(.bss) for os_rdy
    rt_system.o(i.rt_tsk_lock) refers to rt_system.o(.data) for .data
    rt_system.o(i.rt_tsk_unlock) refers to rt_system.o(.data) for .data
    rt_list.o(i.rt_dec_dly) refers to rt_list.o(i.rt_put_prio) for rt_put_prio
    rt_list.o(i.rt_dec_dly) refers to rt_list.o(.bss) for .bss
    rt_list.o(i.rt_dec_dly) refers to rt_time.o(.data) for os_time
    rt_list.o(i.rt_get_same_rdy_prio) refers to rt_list.o(.bss) for .bss
    rt_list.o(i.rt_get_same_rdy_prio) refers to rt_task.o(.data) for os_tsk
    rt_list.o(i.rt_psq_enq) refers to rtx_conf_cm.o(.text) for os_error
    rt_list.o(i.rt_psq_enq) refers to rtx_conf_cm.o(.bss) for os_fifo
    rt_list.o(i.rt_put_dly) refers to rt_list.o(.bss) for .bss
    rt_list.o(i.rt_put_rdy_first) refers to rt_list.o(.bss) for .bss
    rt_list.o(i.rt_resort_prio) refers to rt_list.o(i.rt_rmv_list) for rt_rmv_list
    rt_list.o(i.rt_resort_prio) refers to rt_list.o(i.rt_put_prio) for rt_put_prio
    rt_list.o(i.rt_resort_prio) refers to rt_list.o(.bss) for .bss
    rt_list.o(i.rt_rmv_list) refers to rt_list.o(.bss) for .bss
    rt_robin.o(i.rt_chk_robin) refers to rt_list.o(i.rt_get_first) for rt_get_first
    rt_robin.o(i.rt_chk_robin) refers to rt_list.o(i.rt_put_prio) for rt_put_prio
    rt_robin.o(i.rt_chk_robin) refers to rt_robin.o(.data) for .data
    rt_robin.o(i.rt_chk_robin) refers to rt_list.o(.bss) for os_rdy
    rt_robin.o(i.rt_chk_robin) refers to rt_time.o(.data) for os_time
    rt_robin.o(i.rt_init_robin) refers to rt_robin.o(.data) for .data
    rt_robin.o(i.rt_init_robin) refers to rtx_conf_cm.o(.constdata) for os_rrobin
    rt_semaphore.o(i.isr_sem_send) refers to rt_list.o(i.rt_psq_enq) for rt_psq_enq
    rt_semaphore.o(i.isr_sem_send) refers to rt_system.o(i.rt_psh_req) for rt_psh_req
    rt_semaphore.o(i.rt_sem_psh) refers to rt_list.o(i.rt_get_first) for rt_get_first
    rt_semaphore.o(i.rt_sem_psh) refers to rt_list.o(i.rt_rmv_dly) for rt_rmv_dly
    rt_semaphore.o(i.rt_sem_psh) refers to rt_list.o(i.rt_put_prio) for rt_put_prio
    rt_semaphore.o(i.rt_sem_psh) refers to rt_list.o(.bss) for os_rdy
    rt_semaphore.o(i.rt_sem_send) refers to rt_list.o(i.rt_get_first) for rt_get_first
    rt_semaphore.o(i.rt_sem_send) refers to rt_list.o(i.rt_rmv_dly) for rt_rmv_dly
    rt_semaphore.o(i.rt_sem_send) refers to rt_task.o(i.rt_dispatch) for rt_dispatch
    rt_semaphore.o(i.rt_sem_send) refers to rt_task.o(.data) for os_tsk
    rt_semaphore.o(i.rt_sem_wait) refers to rt_list.o(i.rt_put_prio) for rt_put_prio
    rt_semaphore.o(i.rt_sem_wait) refers to rt_task.o(i.rt_block) for rt_block
    rt_semaphore.o(i.rt_sem_wait) refers to rt_task.o(.data) for os_tsk
    rt_time.o(i.rt_dly_wait) refers to rt_task.o(i.rt_block) for rt_block
    rt_time.o(i.rt_itv_set) refers to rt_task.o(.data) for os_tsk
    rt_time.o(i.rt_itv_set) refers to rt_time.o(.data) for .data
    rt_time.o(i.rt_itv_wait) refers to rt_task.o(i.rt_block) for rt_block
    rt_time.o(i.rt_itv_wait) refers to rt_task.o(.data) for os_tsk
    rt_time.o(i.rt_itv_wait) refers to rt_time.o(.data) for .data
    rt_timer.o(i.rt_tmr_create) refers to rt_membox.o(i.rt_alloc_box) for rt_alloc_box
    rt_timer.o(i.rt_tmr_create) refers to rtx_conf_cm.o(.data) for m_tmr
    rt_timer.o(i.rt_tmr_create) refers to rt_timer.o(.data) for .data
    rt_timer.o(i.rt_tmr_kill) refers to rt_membox.o(i.rt_free_box) for rt_free_box
    rt_timer.o(i.rt_tmr_kill) refers to rt_timer.o(.data) for .data
    rt_timer.o(i.rt_tmr_kill) refers to rtx_conf_cm.o(.data) for m_tmr
    rt_timer.o(i.rt_tmr_tick) refers to rtx_conf_cm.o(.text) for os_tmr_call
    rt_timer.o(i.rt_tmr_tick) refers to rt_membox.o(i.rt_free_box) for rt_free_box
    rt_timer.o(i.rt_tmr_tick) refers to rt_timer.o(.data) for .data
    rt_timer.o(i.rt_tmr_tick) refers to rtx_conf_cm.o(.data) for m_tmr
    entry.o(.ARM.Collect$$$$00000000) refers (Special) to entry7b.o(.ARM.Collect$$$$00000008) for _main_clock
    entry.o(.ARM.Collect$$$$00000000) refers (Special) to entry8.o(.ARM.Collect$$$$00000009) for _main_init
    entry.o(.ARM.Collect$$$$00000000) refers (Special) to entry5.o(.ARM.Collect$$$$00000004) for _main_scatterload
    entry.o(.ARM.Collect$$$$00000000) refers (Special) to entry2.o(.ARM.Collect$$$$00000001) for _main_stk
    rand.o(.text) refers to rand.o(.data) for .data
    entry2.o(.ARM.Collect$$$$00000001) refers to entry2.o(.ARM.Collect$$$$00002712) for __lit__00000000
    entry2.o(.ARM.Collect$$$$00002712) refers to startup_lpc17xx.o(STACK) for __initial_sp
    entry2.o(__vectab_stack_and_reset_area) refers to startup_lpc17xx.o(STACK) for __initial_sp
    entry2.o(__vectab_stack_and_reset_area) refers to entry.o(.ARM.Collect$$$$00000000) for __main
    entry5.o(.ARM.Collect$$$$00000004) refers to init.o(.text) for __scatterload
    entry8.o(.ARM.Collect$$$$00000009) refers to main.o(.text) for main
    init.o(.text) refers to entry5.o(.ARM.Collect$$$$00000004) for __main_after_scatterload


==============================================================================

Removing Unused input sections from the image.

    Removing startup_lpc17xx.o(HEAP), (0 bytes).
    Removing glcd_spi_lpc1700.o(.rev16_text), (4 bytes).
    Removing glcd_spi_lpc1700.o(.revsh_text), (4 bytes).
    Removing main.o(.rev16_text), (4 bytes).
    Removing main.o(.revsh_text), (4 bytes).
    Removing system_lpc17xx.o(.rev16_text), (4 bytes).
    Removing system_lpc17xx.o(.revsh_text), (4 bytes).
    Removing rt_task.o(i.rt_tsk_pass), (48 bytes).
    Removing rt_task.o(i.rt_tsk_prio), (128 bytes).
    Removing rt_task.o(i.rt_tsk_self), (16 bytes).
    Removing rt_event.o(i.isr_evt_set), (40 bytes).
    Removing rt_event.o(i.rt_evt_clr), (28 bytes).
    Removing rt_event.o(i.rt_evt_get), (12 bytes).
    Removing rt_mailbox.o(i.isr_mbx_receive), (84 bytes).
    Removing rt_mailbox.o(i.isr_mbx_send), (14 bytes).
    Removing rt_mailbox.o(i.rt_mbx_check), (8 bytes).
    Removing rt_membox.o(i._calloc_box), (30 bytes).
    Removing rt_system.o(.emb_text), (0 bytes).
    Removing rt_system.o(i.rt_psh_req), (32 bytes).
    Removing rt_system.o(i.rt_tsk_lock), (40 bytes).
    Removing rt_system.o(i.rt_tsk_unlock), (40 bytes).
    Removing rt_system.o(.data), (3 bytes).
    Removing rt_list.o(i.rt_get_same_rdy_prio), (36 bytes).
    Removing rt_list.o(i.rt_psq_enq), (88 bytes).
    Removing rt_list.o(i.rt_resort_prio), (52 bytes).
    Removing rt_semaphore.o(i.isr_sem_send), (16 bytes).
    Removing rt_semaphore.o(i.rt_sem_init), (12 bytes).
    Removing rt_semaphore.o(i.rt_sem_send), (56 bytes).
    Removing rt_semaphore.o(i.rt_sem_wait), (60 bytes).
    Removing rt_time.o(i.rt_dly_wait), (6 bytes).
    Removing rt_time.o(i.rt_itv_set), (24 bytes).
    Removing rt_time.o(i.rt_itv_wait), (44 bytes).
    Removing rt_timer.o(i.rt_tmr_create), (80 bytes).
    Removing rt_timer.o(i.rt_tmr_kill), (52 bytes).

34 unused section(s) (total 1073 bytes) removed from the image.

==============================================================================

Image Symbol Table

    Local Symbols

    Symbol Name                              Value     Ov Type        Size  Object(Section)

    RESET                                    0x00000000   Section      204  startup_lpc17xx.o(RESET)
    ../../microlib/init/entry.s              0x00000000   Number         0  entry8.o ABSOLUTE
    ../../microlib/init/entry.s              0x00000000   Number         0  entry7b.o ABSOLUTE
    ../../microlib/init/entry.s              0x00000000   Number         0  entry7a.o ABSOLUTE
    ../../microlib/init/entry.s              0x00000000   Number         0  entry5.o ABSOLUTE
    ../../microlib/init/entry.s              0x00000000   Number         0  entry2.o ABSOLUTE
    ../../microlib/init/entry.s              0x00000000   Number         0  entry.o ABSOLUTE
    ../../microlib/stdlib/rand.c             0x00000000   Number         0  rand.o ABSOLUTE
    GLCD_SPI_LPC1700.c                       0x00000000   Number         0  glcd_spi_lpc1700.o ABSOLUTE
    GLCD_SPI_LPC1700.c                       0x00000000   Number         0  glcd_spi_lpc1700.o ABSOLUTE
    RTX_Conf_CM.c                            0x00000000   Number         0  rtx_conf_cm.o ABSOLUTE
    SRC\CM\HAL_CM3.c                         0x00000000   Number         0  hal_cm3.o ABSOLUTE
    SRC\CM\SVC_Table.s                       0x00000000   Number         0  SVC_Table.o ABSOLUTE
    SRC\CM\rt_Event.c                        0x00000000   Number         0  rt_event.o ABSOLUTE
    SRC\CM\rt_List.c                         0x00000000   Number         0  rt_list.o ABSOLUTE
    SRC\CM\rt_Mailbox.c                      0x00000000   Number         0  rt_mailbox.o ABSOLUTE
    SRC\CM\rt_MemBox.c                       0x00000000   Number         0  rt_membox.o ABSOLUTE
    SRC\CM\rt_Robin.c                        0x00000000   Number         0  rt_robin.o ABSOLUTE
    SRC\CM\rt_Semaphore.c                    0x00000000   Number         0  rt_semaphore.o ABSOLUTE
    SRC\CM\rt_System.c                       0x00000000   Number         0  rt_system.o ABSOLUTE
    SRC\CM\rt_Task.c                         0x00000000   Number         0  rt_task.o ABSOLUTE
    SRC\CM\rt_Time.c                         0x00000000   Number         0  rt_time.o ABSOLUTE
    SRC\CM\rt_Timer.c                        0x00000000   Number         0  rt_timer.o ABSOLUTE
    SRC\\CM\\HAL_CM3.c                       0x00000000   Number         0  hal_cm3.o ABSOLUTE
    SRC\\CM\\rt_System.c                     0x00000000   Number         0  rt_system.o ABSOLUTE
    dc.s                                     0x00000000   Number         0  dc.o ABSOLUTE
    handlers.s                               0x00000000   Number         0  handlers.o ABSOLUTE
    init.s                                   0x00000000   Number         0  init.o ABSOLUTE
    main.c                                   0x00000000   Number         0  main.o ABSOLUTE
    main.c                                   0x00000000   Number         0  main.o ABSOLUTE
    startup_LPC17xx.s                        0x00000000   Number         0  startup_lpc17xx.o ABSOLUTE
    system_LPC17xx.c                         0x00000000   Number         0  system_lpc17xx.o ABSOLUTE
    system_LPC17xx.c                         0x00000000   Number         0  system_lpc17xx.o ABSOLUTE
    .ARM.Collect$$$$00000000                 0x000000cc   Section        0  entry.o(.ARM.Collect$$$$00000000)
    .ARM.Collect$$$$00000001                 0x000000cc   Section        4  entry2.o(.ARM.Collect$$$$00000001)
    .ARM.Collect$$$$00000004                 0x000000d0   Section        4  entry5.o(.ARM.Collect$$$$00000004)
    .ARM.Collect$$$$00000008                 0x000000d4   Section        0  entry7b.o(.ARM.Collect$$$$00000008)
    .ARM.Collect$$$$00000009                 0x000000d4   Section        8  entry8.o(.ARM.Collect$$$$00000009)
    .ARM.Collect$$$$00002712                 0x000000dc   Section        4  entry2.o(.ARM.Collect$$$$00002712)
    __lit__00000000                          0x000000dc   Data           4  entry2.o(.ARM.Collect$$$$00002712)
    .emb_text                                0x000000e0   Section      332  hal_cm3.o(.emb_text)
    .text                                    0x0000022c   Section       36  startup_lpc17xx.o(.text)
    .text                                    0x00000250   Section        0  rtx_conf_cm.o(.text)
    .text                                    0x0000025c   Section        0  rand.o(.text)
    .text                                    0x00000280   Section       36  init.o(.text)
    SVC_TABLE                                0x000002a4   Section        4  SVC_Table.o(SVC_TABLE)
    i.__scatterload_copy                     0x000002a8   Section       14  handlers.o(i.__scatterload_copy)
    i.__scatterload_null                     0x000002b6   Section        2  handlers.o(i.__scatterload_null)
    i.__scatterload_zeroinit                 0x000002b8   Section       14  handlers.o(i.__scatterload_zeroinit)
    i.dbg_init                               0x000002c8   Section        0  hal_cm3.o(i.dbg_init)
    .ARM.__at_0x02FC                         0x000002fc   Section        4  startup_lpc17xx.o(.ARM.__at_0x02FC)
    .text                                    0x00000300   Section        0  glcd_spi_lpc1700.o(.text)
    delay                                    0x00000301   Thumb Code    14  glcd_spi_lpc1700.o(.text)
    wr_cmd                                   0x0000030f   Thumb Code    36  glcd_spi_lpc1700.o(.text)
    wr_dat                                   0x00000333   Thumb Code    36  glcd_spi_lpc1700.o(.text)
    rd_reg                                   0x00000357   Thumb Code    60  glcd_spi_lpc1700.o(.text)
    spi_send                                 0x00000a85   Thumb Code    26  glcd_spi_lpc1700.o(.text)
    wr_dat_start                             0x00000a9f   Thumb Code    16  glcd_spi_lpc1700.o(.text)
    wr_dat_stop                              0x00000aaf   Thumb Code     8  glcd_spi_lpc1700.o(.text)
    wr_dat_only                              0x00000ab7   Thumb Code    18  glcd_spi_lpc1700.o(.text)
    wr_reg                                   0x00000ac9   Thumb Code    20  glcd_spi_lpc1700.o(.text)
    .text                                    0x00000af4   Section        0  main.o(.text)
    .text                                    0x00000c14   Section        0  system_lpc17xx.o(.text)
    i._init_box                              0x00000e30   Section        0  rt_membox.o(i._init_box)
    i.dbg_task_notify                        0x00000e76   Section        0  hal_cm3.o(i.dbg_task_notify)
    i.dbg_task_switch                        0x00000e96   Section        0  hal_cm3.o(i.dbg_task_switch)
    i.rt_alloc_box                           0x00000ea8   Section        0  rt_membox.o(i.rt_alloc_box)
    i.rt_block                               0x00000ec4   Section        0  rt_task.o(i.rt_block)
    i.rt_chk_robin                           0x00000efc   Section        0  rt_robin.o(i.rt_chk_robin)
    i.rt_dec_dly                             0x00000f44   Section        0  rt_list.o(i.rt_dec_dly)
    i.rt_dispatch                            0x00000fb8   Section        0  rt_task.o(i.rt_dispatch)
    i.rt_evt_psh                             0x00000ffc   Section        0  rt_event.o(i.rt_evt_psh)
    i.rt_evt_set                             0x00001048   Section        0  rt_event.o(i.rt_evt_set)
    i.rt_evt_wait                            0x000010a8   Section        0  rt_event.o(i.rt_evt_wait)
    i.rt_free_box                            0x000010e8   Section        0  rt_membox.o(i.rt_free_box)
    i.rt_get_first                           0x00001108   Section        0  rt_list.o(i.rt_get_first)
    i.rt_init_context                        0x00001130   Section        0  rt_task.o(i.rt_init_context)
    rt_init_context                          0x00001131   Thumb Code    64  rt_task.o(i.rt_init_context)
    i.rt_init_robin                          0x00001174   Section        0  rt_robin.o(i.rt_init_robin)
    i.rt_init_stack                          0x0000118c   Section        0  hal_cm3.o(i.rt_init_stack)
    i.rt_mbx_init                            0x000011dc   Section        0  rt_mailbox.o(i.rt_mbx_init)
    i.rt_mbx_psh                             0x000011f4   Section        0  rt_mailbox.o(i.rt_mbx_psh)
    i.rt_mbx_send                            0x000012b4   Section        0  rt_mailbox.o(i.rt_mbx_send)
    i.rt_mbx_wait                            0x00001358   Section        0  rt_mailbox.o(i.rt_mbx_wait)
    i.rt_pop_req                             0x0000140c   Section        0  rt_system.o(i.rt_pop_req)
    i.rt_put_dly                             0x00001484   Section        0  rt_list.o(i.rt_put_dly)
    i.rt_put_prio                            0x000014cc   Section        0  rt_list.o(i.rt_put_prio)
    i.rt_put_rdy_first                       0x00001504   Section        0  rt_list.o(i.rt_put_rdy_first)
    i.rt_rmv_dly                             0x00001518   Section        0  rt_list.o(i.rt_rmv_dly)
    i.rt_rmv_list                            0x00001540   Section        0  rt_list.o(i.rt_rmv_list)
    i.rt_sem_psh                             0x00001570   Section        0  rt_semaphore.o(i.rt_sem_psh)
    i.rt_stk_check                           0x000015a4   Section        0  rt_system.o(i.rt_stk_check)
    i.rt_switch_req                          0x000015c8   Section        0  rt_task.o(i.rt_switch_req)
    i.rt_sys_init                            0x000015f0   Section        0  rt_task.o(i.rt_sys_init)
    i.rt_systick                             0x00001730   Section        0  rt_system.o(i.rt_systick)
    i.rt_tmr_tick                            0x0000176c   Section        0  rt_timer.o(i.rt_tmr_tick)
    i.rt_tsk_create                          0x000017ac   Section        0  rt_task.o(i.rt_tsk_create)
    i.rt_tsk_delete                          0x0000183c   Section        0  rt_task.o(i.rt_tsk_delete)
    .constdata                               0x000018e8   Section       40  rtx_conf_cm.o(.constdata)
    __tagsym$$used                           0x000018fc   Number         0  rtx_conf_cm.o(.constdata)
    __tagsym$$used                           0x00001900   Number         0  rtx_conf_cm.o(.constdata)
    .constdata                               0x00001910   Section     6272  glcd_spi_lpc1700.o(.constdata)
    .data                                    0x10000000   Section        4  rtx_conf_cm.o(.data)
    .data                                    0x10000004   Section        6  glcd_spi_lpc1700.o(.data)
    TextColor                                0x10000004   Data           2  glcd_spi_lpc1700.o(.data)
    BackColor                                0x10000006   Data           2  glcd_spi_lpc1700.o(.data)
    driverCode                               0x10000008   Data           2  glcd_spi_lpc1700.o(.data)
    .data                                    0x1000000c   Section       20  main.o(.data)
    .data                                    0x10000020   Section        4  system_lpc17xx.o(.data)
    .data                                    0x10000024   Section        8  rt_task.o(.data)
    .data                                    0x1000002c   Section        1  hal_cm3.o(.data)
    .data                                    0x10000030   Section        8  rt_robin.o(.data)
    .data                                    0x10000038   Section        2  rt_time.o(.data)
    .data                                    0x1000003c   Section        8  rt_timer.o(.data)
    .data                                    0x10000044   Section        4  rand.o(.data)
    _rand_state                              0x10000044   Data           4  rand.o(.data)
    .bss                                     0x10000048   Section     1876  rtx_conf_cm.o(.bss)
    .bss                                     0x1000079c   Section       20  main.o(.bss)
    .bss                                     0x100007b0   Section       48  rt_task.o(.bss)
    .bss                                     0x100007e0   Section       48  rt_list.o(.bss)
    STACK                                    0x10000810   Section      512  startup_lpc17xx.o(STACK)

    Global Symbols

    Symbol Name                              Value     Ov Type        Size  Object(Section)

    BuildAttributes$$THM_ISAv4$P$D$K$B$S$PE$A:L22UL41UL21$X:L11$S22US41US21$IEEE1$IW$USESV6$~STKCKD$USESV7$~SHL$OSPACE$EBA8$MICROLIB$REQ8$PRES8$EABIv2 0x00000000   Number         0  anon$$obj.o ABSOLUTE
    __ARM_use_no_argv                        0x00000000   Number         0  main.o ABSOLUTE
    __Vectors                                0x00000000   Data           4  startup_lpc17xx.o(RESET)
    __decompress                              - Undefined Weak Reference
    _clock_init                               - Undefined Weak Reference
    __main                                   0x000000cd   Thumb Code     0  entry.o(.ARM.Collect$$$$00000000)
    _main_stk                                0x000000cd   Thumb Code     0  entry2.o(.ARM.Collect$$$$00000001)
    _main_scatterload                        0x000000d1   Thumb Code     0  entry5.o(.ARM.Collect$$$$00000004)
    __main_after_scatterload                 0x000000d5   Thumb Code     0  entry5.o(.ARM.Collect$$$$00000004)
    _main_clock                              0x000000d5   Thumb Code     0  entry7b.o(.ARM.Collect$$$$00000008)
    _main_init                               0x000000d5   Thumb Code     0  entry8.o(.ARM.Collect$$$$00000009)
    rt_set_PSP                               0x000000e1   Thumb Code     6  hal_cm3.o(.emb_text)
    os_set_env                               0x000000e7   Thumb Code    26  hal_cm3.o(.emb_text)
    _alloc_box                               0x00000105   Thumb Code    28  hal_cm3.o(.emb_text)
    _free_box                                0x00000125   Thumb Code    28  hal_cm3.o(.emb_text)
    SVC_Handler                              0x00000145   Thumb Code   132  hal_cm3.o(.emb_text)
    PendSV_Handler                           0x000001d5   Thumb Code     0  hal_cm3.o(.emb_text)
    Sys_Handler                              0x000001d5   Thumb Code    84  hal_cm3.o(.emb_text)
    SysTick_Handler                          0x00000221   Thumb Code     0  hal_cm3.o(.emb_text)
    Reset_Handler                            0x0000022d   Thumb Code     8  startup_lpc17xx.o(.text)
    NMI_Handler                              0x00000235   Thumb Code     2  startup_lpc17xx.o(.text)
    HardFault_Handler                        0x00000237   Thumb Code     2  startup_lpc17xx.o(.text)
    MemManage_Handler                        0x00000239   Thumb Code     2  startup_lpc17xx.o(.text)
    BusFault_Handler                         0x0000023b   Thumb Code     2  startup_lpc17xx.o(.text)
    UsageFault_Handler                       0x0000023d   Thumb Code     2  startup_lpc17xx.o(.text)
    DebugMon_Handler                         0x00000241   Thumb Code     2  startup_lpc17xx.o(.text)
    ADC_IRQHandler                           0x00000247   Thumb Code     0  startup_lpc17xx.o(.text)
    BOD_IRQHandler                           0x00000247   Thumb Code     0  startup_lpc17xx.o(.text)
    CANActivity_IRQHandler                   0x00000247   Thumb Code     0  startup_lpc17xx.o(.text)
    CAN_IRQHandler                           0x00000247   Thumb Code     0  startup_lpc17xx.o(.text)
    DMA_IRQHandler                           0x00000247   Thumb Code     0  startup_lpc17xx.o(.text)
    EINT0_IRQHandler                         0x00000247   Thumb Code     0  startup_lpc17xx.o(.text)
    EINT1_IRQHandler                         0x00000247   Thumb Code     0  startup_lpc17xx.o(.text)
    EINT2_IRQHandler                         0x00000247   Thumb Code     0  startup_lpc17xx.o(.text)
    EINT3_IRQHandler                         0x00000247   Thumb Code     0  startup_lpc17xx.o(.text)
    ENET_IRQHandler                          0x00000247   Thumb Code     0  startup_lpc17xx.o(.text)
    I2C0_IRQHandler                          0x00000247   Thumb Code     0  startup_lpc17xx.o(.text)
    I2C1_IRQHandler                          0x00000247   Thumb Code     0  startup_lpc17xx.o(.text)
    I2C2_IRQHandler                          0x00000247   Thumb Code     0  startup_lpc17xx.o(.text)
    I2S_IRQHandler                           0x00000247   Thumb Code     0  startup_lpc17xx.o(.text)
    MCPWM_IRQHandler                         0x00000247   Thumb Code     0  startup_lpc17xx.o(.text)
    PLL0_IRQHandler                          0x00000247   Thumb Code     0  startup_lpc17xx.o(.text)
    PLL1_IRQHandler                          0x00000247   Thumb Code     0  startup_lpc17xx.o(.text)
    PWM1_IRQHandler                          0x00000247   Thumb Code     0  startup_lpc17xx.o(.text)
    QEI_IRQHandler                           0x00000247   Thumb Code     0  startup_lpc17xx.o(.text)
    RIT_IRQHandler                           0x00000247   Thumb Code     0  startup_lpc17xx.o(.text)
    RTC_IRQHandler                           0x00000247   Thumb Code     0  startup_lpc17xx.o(.text)
    SPI_IRQHandler                           0x00000247   Thumb Code     0  startup_lpc17xx.o(.text)
    SSP0_IRQHandler                          0x00000247   Thumb Code     0  startup_lpc17xx.o(.text)
    SSP1_IRQHandler                          0x00000247   Thumb Code     0  startup_lpc17xx.o(.text)
    TIMER0_IRQHandler                        0x00000247   Thumb Code     0  startup_lpc17xx.o(.text)
    TIMER1_IRQHandler                        0x00000247   Thumb Code     0  startup_lpc17xx.o(.text)
    TIMER2_IRQHandler                        0x00000247   Thumb Code     0  startup_lpc17xx.o(.text)
    TIMER3_IRQHandler                        0x00000247   Thumb Code     0  startup_lpc17xx.o(.text)
    UART0_IRQHandler                         0x00000247   Thumb Code     0  startup_lpc17xx.o(.text)
    UART1_IRQHandler                         0x00000247   Thumb Code     0  startup_lpc17xx.o(.text)
    UART2_IRQHandler                         0x00000247   Thumb Code     0  startup_lpc17xx.o(.text)
    UART3_IRQHandler                         0x00000247   Thumb Code     0  startup_lpc17xx.o(.text)
    USBActivity_IRQHandler                   0x00000247   Thumb Code     0  startup_lpc17xx.o(.text)
    USB_IRQHandler                           0x00000247   Thumb Code     0  startup_lpc17xx.o(.text)
    WDT_IRQHandler                           0x00000247   Thumb Code     0  startup_lpc17xx.o(.text)
    os_idle_demon                            0x00000251   Thumb Code     4  rtx_conf_cm.o(.text)
    os_tmr_call                              0x00000255   Thumb Code     2  rtx_conf_cm.o(.text)
    os_error                                 0x00000257   Thumb Code     4  rtx_conf_cm.o(.text)
    rand                                     0x0000025d   Thumb Code    20  rand.o(.text)
    srand                                    0x00000271   Thumb Code     6  rand.o(.text)
    __scatterload                            0x00000281   Thumb Code    28  init.o(.text)
    __scatterload_rt2                        0x00000281   Thumb Code     0  init.o(.text)
    SVC_Count                                0x000002a4   Data           4  SVC_Table.o(SVC_TABLE)
    SVC_Table                                0x000002a8   Data           0  SVC_Table.o(SVC_TABLE)
    __scatterload_copy                       0x000002a9   Thumb Code    14  handlers.o(i.__scatterload_copy)
    __scatterload_null                       0x000002b7   Thumb Code     2  handlers.o(i.__scatterload_null)
    __scatterload_zeroinit                   0x000002b9   Thumb Code    14  handlers.o(i.__scatterload_zeroinit)
    dbg_init                                 0x000002c9   Thumb Code    34  hal_cm3.o(i.dbg_init)
    GLCD_Init                                0x00000393   Thumb Code   814  glcd_spi_lpc1700.o(.text)
    __RL_RTX_VER                             0x00000422   Number         0  rt_system.o ABSOLUTE
    GLCD_SetWindow                           0x000006c1   Thumb Code   104  glcd_spi_lpc1700.o(.text)
    GLCD_WindowMax                           0x00000729   Thumb Code    18  glcd_spi_lpc1700.o(.text)
    GLCD_PutPixel                            0x0000073b   Thumb Code    44  glcd_spi_lpc1700.o(.text)
    GLCD_SetTextColor                        0x00000767   Thumb Code     6  glcd_spi_lpc1700.o(.text)
    GLCD_SetBackColor                        0x0000076d   Thumb Code     6  glcd_spi_lpc1700.o(.text)
    GLCD_Clear                               0x00000773   Thumb Code    42  glcd_spi_lpc1700.o(.text)
    GLCD_DrawChar_U8                         0x0000079d   Thumb Code   112  glcd_spi_lpc1700.o(.text)
    GLCD_DrawChar_U16                        0x0000080d   Thumb Code   112  glcd_spi_lpc1700.o(.text)
    GLCD_DisplayChar                         0x0000087d   Thumb Code    84  glcd_spi_lpc1700.o(.text)
    GLCD_DisplayString                       0x000008d1   Thumb Code    44  glcd_spi_lpc1700.o(.text)
    GLCD_ClearLn                             0x000008fd   Thumb Code    94  glcd_spi_lpc1700.o(.text)
    GLCD_Bargraph                            0x0000095b   Thumb Code   106  glcd_spi_lpc1700.o(.text)
    GLCD_Bitmap                              0x000009c5   Thumb Code    90  glcd_spi_lpc1700.o(.text)
    GLCD_Bmp                                 0x00000a1f   Thumb Code   100  glcd_spi_lpc1700.o(.text)
    GLCD_ScrollVertical                      0x00000a83   Thumb Code     2  glcd_spi_lpc1700.o(.text)
    rec_task                                 0x00000af5   Thumb Code    76  main.o(.text)
    send_task                                0x00000b41   Thumb Code   114  main.o(.text)
    main                                     0x00000bb3   Thumb Code    48  main.o(.text)
    SystemInit                               0x00000c15   Thumb Code   476  system_lpc17xx.o(.text)
    _init_box                                0x00000e31   Thumb Code    70  rt_membox.o(i._init_box)
    dbg_task_notify                          0x00000e77   Thumb Code    32  hal_cm3.o(i.dbg_task_notify)
    dbg_task_switch                          0x00000e97   Thumb Code    16  hal_cm3.o(i.dbg_task_switch)
    rt_alloc_box                             0x00000ea9   Thumb Code    28  rt_membox.o(i.rt_alloc_box)
    rt_block                                 0x00000ec5   Thumb Code    48  rt_task.o(i.rt_block)
    rt_chk_robin                             0x00000efd   Thumb Code    58  rt_robin.o(i.rt_chk_robin)
    rt_dec_dly                               0x00000f45   Thumb Code   106  rt_list.o(i.rt_dec_dly)
    rt_dispatch                              0x00000fb9   Thumb Code    60  rt_task.o(i.rt_dispatch)
    rt_evt_psh                               0x00000ffd   Thumb Code    72  rt_event.o(i.rt_evt_psh)
    rt_evt_set                               0x00001049   Thumb Code    90  rt_event.o(i.rt_evt_set)
    rt_evt_wait                              0x000010a9   Thumb Code    58  rt_event.o(i.rt_evt_wait)
    rt_free_box                              0x000010e9   Thumb Code    32  rt_membox.o(i.rt_free_box)
    rt_get_first                             0x00001109   Thumb Code    40  rt_list.o(i.rt_get_first)
    rt_init_robin                            0x00001175   Thumb Code    14  rt_robin.o(i.rt_init_robin)
    rt_init_stack                            0x0000118d   Thumb Code    70  hal_cm3.o(i.rt_init_stack)
    rt_mbx_init                              0x000011dd   Thumb Code    24  rt_mailbox.o(i.rt_mbx_init)
    rt_mbx_psh                               0x000011f5   Thumb Code   188  rt_mailbox.o(i.rt_mbx_psh)
    rt_mbx_send                              0x000012b5   Thumb Code   158  rt_mailbox.o(i.rt_mbx_send)
    rt_mbx_wait                              0x00001359   Thumb Code   174  rt_mailbox.o(i.rt_mbx_wait)
    rt_pop_req                               0x0000140d   Thumb Code   106  rt_system.o(i.rt_pop_req)
    rt_put_dly                               0x00001485   Thumb Code    68  rt_list.o(i.rt_put_dly)
    rt_put_prio                              0x000014cd   Thumb Code    54  rt_list.o(i.rt_put_prio)
    rt_put_rdy_first                         0x00001505   Thumb Code    14  rt_list.o(i.rt_put_rdy_first)
    rt_rmv_dly                               0x00001519   Thumb Code    40  rt_list.o(i.rt_rmv_dly)
    rt_rmv_list                              0x00001541   Thumb Code    44  rt_list.o(i.rt_rmv_list)
    rt_sem_psh                               0x00001571   Thumb Code    46  rt_semaphore.o(i.rt_sem_psh)
    rt_stk_check                             0x000015a5   Thumb Code    28  rt_system.o(i.rt_stk_check)
    rt_switch_req                            0x000015c9   Thumb Code    30  rt_task.o(i.rt_switch_req)
    rt_sys_init                              0x000015f1   Thumb Code   242  rt_task.o(i.rt_sys_init)
    rt_systick                               0x00001731   Thumb Code    48  rt_system.o(i.rt_systick)
    rt_tmr_tick                              0x0000176d   Thumb Code    56  rt_timer.o(i.rt_tmr_tick)
    rt_tsk_create                            0x000017ad   Thumb Code   122  rt_task.o(i.rt_tsk_create)
    rt_tsk_delete                            0x0000183d   Thumb Code   146  rt_task.o(i.rt_tsk_delete)
    os_maxtaskrun                            0x000018e8   Data           2  rtx_conf_cm.o(.constdata)
    os_stackinfo                             0x000018ec   Data           4  rtx_conf_cm.o(.constdata)
    os_rrobin                                0x000018f0   Data           4  rtx_conf_cm.o(.constdata)
    os_trv                                   0x000018f4   Data           4  rtx_conf_cm.o(.constdata)
    os_flags                                 0x000018f8   Data           1  rtx_conf_cm.o(.constdata)
    os_clockrate                             0x000018fc   Data           4  rtx_conf_cm.o(.constdata)
    os_timernum                              0x00001900   Data           4  rtx_conf_cm.o(.constdata)
    mp_tcb_size                              0x00001904   Data           2  rtx_conf_cm.o(.constdata)
    mp_stk_size                              0x00001908   Data           4  rtx_conf_cm.o(.constdata)
    os_fifo_size                             0x0000190c   Data           1  rtx_conf_cm.o(.constdata)
    mp_tmr_size                              0x0000190e   Data           2  rtx_conf_cm.o(.constdata)
    Font_6x8_h                               0x00001910   Data         896  glcd_spi_lpc1700.o(.constdata)
    Font_16x24_h                             0x00001c90   Data        5376  glcd_spi_lpc1700.o(.constdata)
    Region$$Table$$Base                      0x00003190   Number         0  anon$$obj.o(Region$$Table)
    Region$$Table$$Limit                     0x000031b0   Number         0  anon$$obj.o(Region$$Table)
    m_tmr                                    0x10000000   Data           4  rtx_conf_cm.o(.data)
    n                                        0x1000000c   Data           4  main.o(.data)
    b                                        0x10000010   Data           4  main.o(.data)
    id1                                      0x10000014   Data           4  main.o(.data)
    mpool                                    0x10000018   Data           8  main.o(.data)
    SystemFrequency                          0x10000020   Data           4  system_lpc17xx.o(.data)
    os_tsk                                   0x10000024   Data           8  rt_task.o(.data)
    dbg_msg                                  0x1000002c   Data           1  hal_cm3.o(.data)
    os_robin                                 0x10000030   Data           8  rt_robin.o(.data)
    os_time                                  0x10000038   Data           2  rt_time.o(.data)
    os_tmr                                   0x1000003c   Data           8  rt_timer.o(.data)
    mp_tcb                                   0x10000048   Data         300  rtx_conf_cm.o(.bss)
    mp_stk                                   0x10000178   Data        1416  rtx_conf_cm.o(.bss)
    os_fifo                                  0x10000700   Data         132  rtx_conf_cm.o(.bss)
    os_active_TCB                            0x10000784   Data          24  rtx_conf_cm.o(.bss)
    MsgBox                                   0x1000079c   Data          20  main.o(.bss)
    os_idle_TCB                              0x100007b0   Data          48  rt_task.o(.bss)
    os_rdy                                   0x100007e0   Data          24  rt_list.o(.bss)
    os_dly                                   0x100007f8   Data          24  rt_list.o(.bss)
    __initial_sp                             0x10000a10   Data           0  startup_lpc17xx.o(STACK)



==============================================================================

Memory Map of the image

  Image Entry point : 0x0000022d

  Load Region LR_1 (Base: 0x00000000, Size: 0x000031f8, Max: 0xffffffff, ABSOLUTE)

    Execution Region ER_RO (Base: 0x00000000, Size: 0x000031b0, Max: 0xffffffff, ABSOLUTE)

    Base Addr    Size         Type   Attr      Idx    E Section Name        Object

    0x00000000   0x000000cc   Data   RO            3    RESET               startup_lpc17xx.o
    0x000000cc   0x00000000   Code   RO          660  * .ARM.Collect$$$$00000000  mc_w.l(entry.o)
    0x000000cc   0x00000004   Code   RO          666    .ARM.Collect$$$$00000001  mc_w.l(entry2.o)
    0x000000d0   0x00000004   Code   RO          669    .ARM.Collect$$$$00000004  mc_w.l(entry5.o)
    0x000000d4   0x00000000   Code   RO          671    .ARM.Collect$$$$00000008  mc_w.l(entry7b.o)
    0x000000d4   0x00000008   Code   RO          672    .ARM.Collect$$$$00000009  mc_w.l(entry8.o)
    0x000000dc   0x00000004   Code   RO          667    .ARM.Collect$$$$00002712  mc_w.l(entry2.o)
    0x000000e0   0x0000014c   Code   RO          374    .emb_text           RTX_CM3.LIB(hal_cm3.o)
    0x0000022c   0x00000024   Code   RO            5  * .text               startup_lpc17xx.o
    0x00000250   0x0000000a   Code   RO           13    .text               rtx_conf_cm.o
    0x0000025a   0x00000002   PAD
    0x0000025c   0x00000024   Code   RO          663    .text               mc_w.l(rand.o)
    0x00000280   0x00000024   Code   RO          673    .text               mc_w.l(init.o)
    0x000002a4   0x00000004   Code   RO          567    SVC_TABLE           RTX_CM3.LIB(SVC_Table.o)
    0x000002a8   0x0000000e   Code   RO          677    i.__scatterload_copy  mc_w.l(handlers.o)
    0x000002b6   0x00000002   Code   RO          678    i.__scatterload_null  mc_w.l(handlers.o)
    0x000002b8   0x0000000e   Code   RO          679    i.__scatterload_zeroinit  mc_w.l(handlers.o)
    0x000002c6   0x00000002   PAD
    0x000002c8   0x00000030   Code   RO          375    i.dbg_init          RTX_CM3.LIB(hal_cm3.o)
    0x000002f8   0x00000004   PAD
    0x000002fc   0x00000004   Code   RO            4    .ARM.__at_0x02FC    startup_lpc17xx.o
    0x00000300   0x000007f4   Code   RO           39    .text               glcd_spi_lpc1700.o
    0x00000af4   0x00000120   Code   RO           92    .text               main.o
    0x00000c14   0x0000021c   Code   RO          127    .text               system_lpc17xx.o
    0x00000e30   0x00000046   Code   RO          345    i._init_box         RTX_CM3.LIB(rt_membox.o)
    0x00000e76   0x00000020   Code   RO          376    i.dbg_task_notify   RTX_CM3.LIB(hal_cm3.o)
    0x00000e96   0x00000010   Code   RO          377    i.dbg_task_switch   RTX_CM3.LIB(hal_cm3.o)
    0x00000ea6   0x00000002   PAD
    0x00000ea8   0x0000001c   Code   RO          346    i.rt_alloc_box      RTX_CM3.LIB(rt_membox.o)
    0x00000ec4   0x00000038   Code   RO          148    i.rt_block          RTX_CM3.LIB(rt_task.o)
    0x00000efc   0x00000048   Code   RO          546    i.rt_chk_robin      RTX_CM3.LIB(rt_robin.o)
    0x00000f44   0x00000074   Code   RO          467    i.rt_dec_dly        RTX_CM3.LIB(rt_list.o)
    0x00000fb8   0x00000044   Code   RO          149    i.rt_dispatch       RTX_CM3.LIB(rt_task.o)
    0x00000ffc   0x0000004c   Code   RO          249    i.rt_evt_psh        RTX_CM3.LIB(rt_event.o)
    0x00001048   0x00000060   Code   RO          250    i.rt_evt_set        RTX_CM3.LIB(rt_event.o)
    0x000010a8   0x00000040   Code   RO          251    i.rt_evt_wait       RTX_CM3.LIB(rt_event.o)
    0x000010e8   0x00000020   Code   RO          347    i.rt_free_box       RTX_CM3.LIB(rt_membox.o)
    0x00001108   0x00000028   Code   RO          468    i.rt_get_first      RTX_CM3.LIB(rt_list.o)
    0x00001130   0x00000044   Code   RO          150    i.rt_init_context   RTX_CM3.LIB(rt_task.o)
    0x00001174   0x00000018   Code   RO          547    i.rt_init_robin     RTX_CM3.LIB(rt_robin.o)
    0x0000118c   0x00000050   Code   RO          378    i.rt_init_stack     RTX_CM3.LIB(hal_cm3.o)
    0x000011dc   0x00000018   Code   RO          295    i.rt_mbx_init       RTX_CM3.LIB(rt_mailbox.o)
    0x000011f4   0x000000c0   Code   RO          296    i.rt_mbx_psh        RTX_CM3.LIB(rt_mailbox.o)
    0x000012b4   0x000000a4   Code   RO          297    i.rt_mbx_send       RTX_CM3.LIB(rt_mailbox.o)
    0x00001358   0x000000b4   Code   RO          298    i.rt_mbx_wait       RTX_CM3.LIB(rt_mailbox.o)
    0x0000140c   0x00000078   Code   RO          416    i.rt_pop_req        RTX_CM3.LIB(rt_system.o)
    0x00001484   0x00000048   Code   RO          471    i.rt_put_dly        RTX_CM3.LIB(rt_list.o)
    0x000014cc   0x00000036   Code   RO          472    i.rt_put_prio       RTX_CM3.LIB(rt_list.o)
    0x00001502   0x00000002   PAD
    0x00001504   0x00000014   Code   RO          473    i.rt_put_rdy_first  RTX_CM3.LIB(rt_list.o)
    0x00001518   0x00000028   Code   RO          475    i.rt_rmv_dly        RTX_CM3.LIB(rt_list.o)
    0x00001540   0x00000030   Code   RO          476    i.rt_rmv_list       RTX_CM3.LIB(rt_list.o)
    0x00001570   0x00000034   Code   RO          572    i.rt_sem_psh        RTX_CM3.LIB(rt_semaphore.o)
    0x000015a4   0x00000024   Code   RO          418    i.rt_stk_check      RTX_CM3.LIB(rt_system.o)
    0x000015c8   0x00000028   Code   RO          151    i.rt_switch_req     RTX_CM3.LIB(rt_task.o)
    0x000015f0   0x00000140   Code   RO          152    i.rt_sys_init       RTX_CM3.LIB(rt_task.o)
    0x00001730   0x0000003c   Code   RO          419    i.rt_systick        RTX_CM3.LIB(rt_system.o)
    0x0000176c   0x00000040   Code   RO          635    i.rt_tmr_tick       RTX_CM3.LIB(rt_timer.o)
    0x000017ac   0x00000090   Code   RO          153    i.rt_tsk_create     RTX_CM3.LIB(rt_task.o)
    0x0000183c   0x000000ac   Code   RO          154    i.rt_tsk_delete     RTX_CM3.LIB(rt_task.o)
    0x000018e8   0x00000028   Data   RO           15    .constdata          rtx_conf_cm.o
    0x00001910   0x00001880   Data   RO           40    .constdata          glcd_spi_lpc1700.o
    0x00003190   0x00000020   Data   RO          675    Region$$Table       anon$$obj.o


    Execution Region ER_RW (Base: 0x10000000, Size: 0x00000048, Max: 0xffffffff, ABSOLUTE)

    Base Addr    Size         Type   Attr      Idx    E Section Name        Object

    0x10000000   0x00000004   Data   RW           16    .data               rtx_conf_cm.o
    0x10000004   0x00000006   Data   RW           41    .data               glcd_spi_lpc1700.o
    0x1000000a   0x00000002   PAD
    0x1000000c   0x00000014   Data   RW           94    .data               main.o
    0x10000020   0x00000004   Data   RW          128    .data               system_lpc17xx.o
    0x10000024   0x00000008   Data   RW          159    .data               RTX_CM3.LIB(rt_task.o)
    0x1000002c   0x00000001   Data   RW          379    .data               RTX_CM3.LIB(hal_cm3.o)
    0x1000002d   0x00000003   PAD
    0x10000030   0x00000008   Data   RW          548    .data               RTX_CM3.LIB(rt_robin.o)
    0x10000038   0x00000002   Data   RW          609    .data               RTX_CM3.LIB(rt_time.o)
    0x1000003a   0x00000002   PAD
    0x1000003c   0x00000008   Data   RW          636    .data               RTX_CM3.LIB(rt_timer.o)
    0x10000044   0x00000004   Data   RW          664    .data               mc_w.l(rand.o)


    Execution Region ER_ZI (Base: 0x10000048, Size: 0x000009c8, Max: 0xffffffff, ABSOLUTE)

    Base Addr    Size         Type   Attr      Idx    E Section Name        Object

    0x10000048   0x00000754   Zero   RW           14    .bss                rtx_conf_cm.o
    0x1000079c   0x00000014   Zero   RW           93    .bss                main.o
    0x100007b0   0x00000030   Zero   RW          158    .bss                RTX_CM3.LIB(rt_task.o)
    0x100007e0   0x00000030   Zero   RW          477    .bss                RTX_CM3.LIB(rt_list.o)
    0x10000810   0x00000200   Zero   RW            1    STACK               startup_lpc17xx.o


==============================================================================

Image component sizes


      Code (inc. data)   RO Data    RW Data    ZI Data      Debug   Object Name

      2036         56       6272          6          0      11128   glcd_spi_lpc1700.o
       288         50          0         20         20       1473   main.o
        10          0         40          4       1876       9328   rtx_conf_cm.o
        40         12        204          0        512        920   startup_lpc17xx.o
       540         64          0          4          0        715   system_lpc17xx.o

    ----------------------------------------------------------------------
      2916        182       6548         36       2408      23564   Object Totals
         0          0         32          0          0          0   (incl. Generated)
         2          0          0          2          0          0   (incl. Padding)

    ----------------------------------------------------------------------

      Code (inc. data)   RO Data    RW Data    ZI Data      Debug   Library Member Name

         4          4          0          0          0        136   SVC_Table.o
       508         58          0          1          0       2533   hal_cm3.o
       236         16          0          0          0       1836   rt_event.o
       390         24          0          0         48       3789   rt_list.o
       560         16          0          0          0       2863   rt_mailbox.o
       130          0          0          0          0       1705   rt_membox.o
        96         24          0          8          0        954   rt_robin.o
        52          6          0          0          0        513   rt_semaphore.o
       216         34          0          0          0       1353   rt_system.o
       868        156          0          8         48       6786   rt_task.o
         0          0          0          2          0        150   rt_time.o
        64          8          0          8          0        603   rt_timer.o
         0          0          0          0          0          0   entry.o
         8          4          0          0          0          0   entry2.o
         4          0          0          0          0          0   entry5.o
         0          0          0          0          0          0   entry7b.o
         8          4          0          0          0          0   entry8.o
        30          0          0          0          0          0   handlers.o
        36          8          0          0          0         68   init.o
        36         10          0          4          0        136   rand.o

    ----------------------------------------------------------------------
      3256        376          0         36         96      23425   Library Totals
        10          4          0          5          0          0   (incl. Padding)

    ----------------------------------------------------------------------

      Code (inc. data)   RO Data    RW Data    ZI Data      Debug   Library Name

      3124        346          0         27         96      23221   RTX_CM3.LIB
       122         26          0          4          0        204   mc_w.l

    ----------------------------------------------------------------------
      3256        376          0         36         96      23425   Library Totals

    ----------------------------------------------------------------------

==============================================================================


      Code (inc. data)   RO Data    RW Data    ZI Data      Debug   

      6172        558       6548         72       2504      44961   Grand Totals
      6172        558       6548         72       2504      44961   ELF Image Totals
      6172        558       6548         72          0          0   ROM Totals

==============================================================================

    Total RO  Size (Code + RO Data)                12720 (  12.42kB)
    Total RW  Size (RW Data + ZI Data)              2576 (   2.52kB)
    Total ROM Size (Code + RO Data + RW Data)      12792 (  12.49kB)

==============================================================================

