ARM Linker, 4.1 [Build 894] [Evaluation]

==============================================================================

Section Cross References

    hal_cm3.o(.emb_text) refers to rtx_conf_cm.o(.constdata) for os_flags
    hal_cm3.o(.emb_text) refers to rt_membox.o(.text) for rt_alloc_box
    hal_cm3.o(.emb_text) refers to rt_system.o(.text) for rt_stk_check
    hal_cm3.o(.emb_text) refers to rt_task.o(.data) for os_tsk
    hal_cm3.o(.emb_text) refers to svc_table.o(SVC_TABLE) for SVC_Count
    hal_cm3.o(.text) refers to rtx_conf_cm.o(.constdata) for os_stackinfo
    hal_cm3.o(.text) refers to hal_cm3.o(.data) for dbg_msg
    rt_event.o(.text) refers to rt_task.o(.text) for rt_block
    rt_event.o(.text) refers to rt_list.o(.text) for rt_rmv_dly
    rt_event.o(.text) refers to rt_system.o(.text) for rt_psh_req
    rt_event.o(.text) refers to rt_task.o(.data) for os_tsk
    rt_event.o(.text) refers to rtx_conf_cm.o(.bss) for os_active_TCB
    rt_event.o(.text) refers to rt_list.o(.bss) for os_rdy
    rt_list.o(.text) refers to rtx_conf_cm.o(.text) for os_error
    rt_list.o(.text) refers to rt_list.o(.bss) for os_rdy
    rt_list.o(.text) refers to rt_task.o(.data) for os_tsk
    rt_list.o(.text) refers to rt_time.o(.data) for os_time
    rt_list.o(.text) refers to rtx_conf_cm.o(.bss) for os_fifo
    rt_mailbox.o(.text) refers to rt_list.o(.text) for rt_get_first
    rt_mailbox.o(.text) refers to rt_task.o(.text) for rt_dispatch
    rt_mailbox.o(.text) refers to rt_system.o(.text) for rt_psh_req
    rt_mailbox.o(.text) refers to rtx_conf_cm.o(.text) for os_error
    rt_mailbox.o(.text) refers to rt_task.o(.data) for os_tsk
    rt_mailbox.o(.text) refers to rt_list.o(.bss) for os_rdy
    rt_mem.o(.text) refers to rt_list.o(.text) for rt_put_prio
    rt_mem.o(.text) refers to rt_task.o(.text) for rt_block
    rt_mem.o(.text) refers to rt_mem.o(.data) for gp_mpool
    rt_mem.o(.text) refers to rt_task.o(.data) for os_tsk
    rt_membox.o(.text) refers to hal_cm3.o(.emb_text) for _alloc_box
    rt_mutex.o(.text) refers to rt_list.o(.text) for rt_get_first
    rt_mutex.o(.text) refers to rt_task.o(.text) for rt_dispatch
    rt_mutex.o(.text) refers to rt_task.o(.data) for os_tsk
    rt_mutex.o(.text) refers to rt_list.o(.bss) for os_rdy
    rt_robin.o(.text) refers to rt_list.o(.text) for rt_get_first
    rt_robin.o(.text) refers to rt_robin.o(.data) for os_robin
    rt_robin.o(.text) refers to rtx_conf_cm.o(.constdata) for os_rrobin
    rt_robin.o(.text) refers to rt_list.o(.bss) for os_rdy
    rt_robin.o(.text) refers to rt_time.o(.data) for os_time
    rt_semaphore.o(.text) refers to rt_list.o(.text) for rt_get_first
    rt_semaphore.o(.text) refers to rt_task.o(.text) for rt_dispatch
    rt_semaphore.o(.text) refers to rt_system.o(.text) for rt_psh_req
    rt_semaphore.o(.text) refers to rt_task.o(.data) for os_tsk
    rt_semaphore.o(.text) refers to rt_list.o(.bss) for os_rdy
    rt_system.o(.text) refers to rt_list.o(.text) for rt_put_rdy_first
    rt_system.o(.text) refers to rt_timer.o(.text) for rt_tmr_tick
    rt_system.o(.text) refers to rt_task.o(.text) for rt_switch_req
    rt_system.o(.text) refers to rt_event.o(.text) for rt_evt_psh
    rt_system.o(.text) refers to rt_mailbox.o(.text) for rt_mbx_psh
    rt_system.o(.text) refers to rt_semaphore.o(.text) for rt_sem_psh
    rt_system.o(.text) refers to rt_robin.o(.text) for rt_chk_robin
    rt_system.o(.text) refers to rtx_conf_cm.o(.text) for os_error
    rt_system.o(.text) refers to rt_system.o(.data) for os_tick_irqn
    rt_system.o(.text) refers to rt_list.o(.bss) for os_dly
    rt_system.o(.text) refers to rt_timer.o(.data) for os_tmr
    rt_system.o(.text) refers to rt_task.o(.data) for os_tsk
    rt_system.o(.text) refers to rt_robin.o(.data) for os_robin
    rt_system.o(.text) refers to rt_time.o(.data) for os_time
    rt_system.o(.text) refers to rtx_conf_cm.o(.bss) for os_fifo
    rt_system.o(.text) refers to rtx_conf_cm.o(.constdata) for os_trv
    rt_task.o(.text) refers to rt_membox.o(.text) for rt_alloc_box
    rt_task.o(.text) refers to hal_cm3.o(.text) for rt_init_stack
    rt_task.o(.text) refers to rt_list.o(.text) for rt_get_first
    rt_task.o(.text) refers to hal_cm3.o(.emb_text) for rt_get_PSP
    rt_task.o(.text) refers to rt_system.o(.text) for rt_stk_check
    rt_task.o(.text) refers to rt_mem.o(.text) for rt_mem_init
    rt_task.o(.text) refers to rtx_conf_cm.o(.text) for os_error
    rt_task.o(.text) refers to rt_robin.o(.text) for rt_init_robin
    rt_task.o(.text) refers to rtx_conf_cm.o(.bss) for os_active_TCB
    rt_task.o(.text) refers to rtx_conf_cm.o(.constdata) for os_maxtaskrun
    rt_task.o(.text) refers to rt_task.o(.data) for os_tsk
    rt_task.o(.text) refers to rt_list.o(.bss) for os_rdy
    rt_task.o(.text) refers to rtx_conf_cm.o(.data) for m_tmr
    rt_task.o(.text) refers to rt_task.o(.bss) for os_idle_TCB
    rt_task.o(.text) refers to rt_system.o(.data) for os_tick_irqn
    rt_time.o(.text) refers to rt_task.o(.text) for rt_block
    rt_time.o(.text) refers to rt_time.o(.data) for os_time
    rt_time.o(.text) refers to rt_task.o(.data) for os_tsk
    rt_timer.o(.text) refers to rtx_conf_cm.o(.text) for os_tmr_call
    rt_timer.o(.text) refers to rt_membox.o(.text) for rt_free_box
    rt_timer.o(.text) refers to rt_timer.o(.data) for os_tmr
    rt_timer.o(.text) refers to rtx_conf_cm.o(.data) for m_tmr
    startup_lpc17xx.o(STACK) refers (Special) to heapauxi.o(.text) for __use_two_region_memory
    startup_lpc17xx.o(HEAP) refers (Special) to heapauxi.o(.text) for __use_two_region_memory
    startup_lpc17xx.o(RESET) refers (Special) to heapauxi.o(.text) for __use_two_region_memory
    startup_lpc17xx.o(RESET) refers to startup_lpc17xx.o(STACK) for __initial_sp
    startup_lpc17xx.o(RESET) refers to startup_lpc17xx.o(.text) for Reset_Handler
    startup_lpc17xx.o(RESET) refers to hal_cm3.o(.emb_text) for SVC_Handler
    startup_lpc17xx.o(.ARM.__at_0x02FC) refers (Special) to heapauxi.o(.text) for __use_two_region_memory
    startup_lpc17xx.o(.text) refers (Special) to heapauxi.o(.text) for __use_two_region_memory
    startup_lpc17xx.o(.text) refers to __main.o(!!!main) for __main
    startup_lpc17xx.o(.text) refers to startup_lpc17xx.o(HEAP) for Heap_Mem
    startup_lpc17xx.o(.text) refers to startup_lpc17xx.o(STACK) for Stack_Mem
    retarget.o(.text) refers (Special) to use_no_semi.o(.text) for __use_no_semihosting_swi
    retarget.o(.text) refers to serial.o(.text) for SER_putChar
    retarget.o(.data) refers (Special) to use_no_semi.o(.text) for __use_no_semihosting_swi
    rtx_conf_cm.o(.text) refers to rt_task.o(.text) for rt_tsk_self
    rtx_conf_cm.o(.text) refers to rt_mutex.o(.text) for rt_mut_init
    rtx_conf_cm.o(.text) refers to rtx_conf_cm.o(.bss) for .bss
    rtx_conf_cm.o(.text) refers to libspace.o(.bss) for __libspace_start
    rtx_conf_cm.o(.text) refers to rtx_conf_cm.o(.data) for .data
    system_lpc17xx.o(.text) refers to system_lpc17xx.o(.data) for SystemFrequency
    main.o(.text) refers to _printf_percent.o(.ARM.Collect$$_printf_percent$$00000000) for _printf_percent
    main.o(.text) refers to _printf_p.o(.ARM.Collect$$_printf_percent$$00000002) for _printf_p
    main.o(.text) refers to _printf_hex_int_ptr.o(.text) for _printf_longlong_hex
    main.o(.text) refers to _printf_d.o(.ARM.Collect$$_printf_percent$$00000009) for _printf_d
    main.o(.text) refers to _printf_dec.o(.text) for _printf_int_dec
    main.o(.text) refers to _printf_x.o(.ARM.Collect$$_printf_percent$$0000000C) for _printf_x
    main.o(.text) refers to noretval__2printf.o(.text) for __2printf
    main.o(.text) refers to system_lpc17xx.o(.text) for SystemInit
    main.o(.text) refers to serial.o(.text) for SER_init
    main.o(.text) refers to hal_cm3.o(.emb_text) for os_set_env
    main.o(.text) refers to main.o(.bss) for mutex1
    main.o(.text) refers to rt_mutex.o(.text) for rt_mut_wait
    main.o(.text) refers to rt_mem.o(.text) for rt_mem_alloc
    main.o(.text) refers to rt_task.o(.text) for rt_tsk_delete
    main.o(.text) refers to rt_time.o(.text) for rt_dly_wait
    libspace.o(.text) refers to libspace.o(.bss) for __libspace_start
    __2printf.o(.text) refers to _printf_char_file.o(.text) for _printf_char_file
    __2printf.o(.text) refers to retarget.o(.data) for __stdout
    noretval__2printf.o(.text) refers to _printf_char_file.o(.text) for _printf_char_file
    noretval__2printf.o(.text) refers to retarget.o(.data) for __stdout
    __printf.o(.text) refers to _printf_percent.o(.ARM.Collect$$_printf_percent$$00000000) for _printf_percent
    _printf_dec.o(.text) refers to _printf_intcommon.o(.text) for _printf_int_common
    _printf_hex_ll.o(.text) refers to _printf_intcommon.o(.text) for _printf_int_common
    _printf_hex_ll.o(.text) refers to _printf_hex_ll.o(.constdata) for .constdata
    _printf_hex_int.o(.text) refers to _printf_intcommon.o(.text) for _printf_int_common
    _printf_hex_int.o(.text) refers to _printf_hex_int.o(.constdata) for .constdata
    _printf_hex_int_ll.o(.text) refers to _printf_intcommon.o(.text) for _printf_int_common
    _printf_hex_int_ll.o(.text) refers to _printf_hex_int_ll.o(.constdata) for .constdata
    _printf_hex_ptr.o(.text) refers to _printf_intcommon.o(.text) for _printf_int_common
    _printf_hex_ptr.o(.text) refers to _printf_hex_ptr.o(.constdata) for .constdata
    _printf_hex_int_ptr.o(.text) refers to _printf_intcommon.o(.text) for _printf_int_common
    _printf_hex_int_ptr.o(.text) refers to _printf_hex_int_ptr.o(.constdata) for .constdata
    _printf_hex_ll_ptr.o(.text) refers to _printf_intcommon.o(.text) for _printf_int_common
    _printf_hex_ll_ptr.o(.text) refers to _printf_hex_ll_ptr.o(.constdata) for .constdata
    _printf_hex_int_ll_ptr.o(.text) refers to _printf_intcommon.o(.text) for _printf_int_common
    _printf_hex_int_ll_ptr.o(.text) refers to _printf_hex_int_ll_ptr.o(.constdata) for .constdata
    __printf_flags.o(.text) refers to _printf_percent.o(.ARM.Collect$$_printf_percent$$00000000) for _printf_percent
    __printf_flags.o(.text) refers to __printf_flags.o(.constdata) for .constdata
    __printf_ss.o(.text) refers to _printf_percent.o(.ARM.Collect$$_printf_percent$$00000000) for _printf_percent
    __printf_flags_ss.o(.text) refers to _printf_percent.o(.ARM.Collect$$_printf_percent$$00000000) for _printf_percent
    __printf_flags_ss.o(.text) refers to __printf_flags_ss.o(.constdata) for .constdata
    __printf_wp.o(.text) refers to __printf_wp.o(i._is_digit) for _is_digit
    __printf_wp.o(.text) refers to _printf_percent.o(.ARM.Collect$$_printf_percent$$00000000) for _printf_percent
    __printf_flags_wp.o(.text) refers to __printf_wp.o(i._is_digit) for _is_digit
    __printf_flags_wp.o(.text) refers to _printf_percent.o(.ARM.Collect$$_printf_percent$$00000000) for _printf_percent
    __printf_flags_wp.o(.text) refers to __printf_flags_wp.o(.constdata) for .constdata
    __printf_ss_wp.o(.text) refers to __printf_wp.o(i._is_digit) for _is_digit
    __printf_ss_wp.o(.text) refers to _printf_percent.o(.ARM.Collect$$_printf_percent$$00000000) for _printf_percent
    __printf_flags_ss_wp.o(.text) refers to __printf_wp.o(i._is_digit) for _is_digit
    __printf_flags_ss_wp.o(.text) refers to _printf_percent.o(.ARM.Collect$$_printf_percent$$00000000) for _printf_percent
    __printf_flags_ss_wp.o(.text) refers to __printf_flags_ss_wp.o(.constdata) for .constdata
    _printf_x.o(.ARM.Collect$$_printf_percent$$0000000C) refers (Weak) to _printf_hex_int_ptr.o(.text) for _printf_int_hex
    _printf_p.o(.ARM.Collect$$_printf_percent$$00000002) refers (Weak) to _printf_hex_int_ptr.o(.text) for _printf_hex_ptr
    _printf_d.o(.ARM.Collect$$_printf_percent$$00000009) refers (Weak) to _printf_dec.o(.text) for _printf_int_dec
    _printf_percent.o(.ARM.Collect$$_printf_percent$$00000000) refers (Special) to _printf_percent_end.o(.ARM.Collect$$_printf_percent$$00000017) for _printf_percent_end
    __main.o(!!!main) refers to rtentry.o(.ARM.Collect$$rtentry$$00000000) for __rt_entry
    rtentry.o(.ARM.Collect$$rtentry$$00000000) refers (Special) to rtentry2.o(.ARM.Collect$$rtentry$$0000000A) for __rt_entry_li
    rtentry.o(.ARM.Collect$$rtentry$$00000000) refers (Special) to rtentry2.o(.ARM.Collect$$rtentry$$0000000D) for __rt_entry_main
    rtentry.o(.ARM.Collect$$rtentry$$00000000) refers (Special) to rtentry2.o(.ARM.Collect$$rtentry$$0000000C) for __rt_entry_postli_1
    rtentry.o(.ARM.Collect$$rtentry$$00000000) refers (Special) to rtentry2.o(.ARM.Collect$$rtentry$$00000009) for __rt_entry_postsh_1
    rtentry.o(.ARM.Collect$$rtentry$$00000000) refers (Special) to rtentry2.o(.ARM.Collect$$rtentry$$00000002) for __rt_entry_presh_1
    rtentry.o(.ARM.Collect$$rtentry$$00000000) refers (Special) to rtentry4.o(.ARM.Collect$$rtentry$$00000004) for __rt_entry_sh
    _printf_char_file.o(.text) refers to _printf_char_common.o(.text) for _printf_char_common
    _printf_char_file.o(.text) refers to retarget.o(.text) for ferror
    rtentry2.o(.ARM.Collect$$rtentry$$00000008) refers to boardinit2.o(.text) for _platform_post_stackheap_init
    rtentry2.o(.ARM.Collect$$rtentry$$0000000A) refers to libinit.o(.ARM.Collect$$libinit$$00000000) for __rt_lib_init
    rtentry2.o(.ARM.Collect$$rtentry$$0000000B) refers to boardinit3.o(.text) for _platform_post_lib_init
    rtentry2.o(.ARM.Collect$$rtentry$$0000000D) refers to main.o(.text) for main
    rtentry2.o(.ARM.Collect$$rtentry$$0000000D) refers to exit.o(.text) for exit
    rtentry2.o(.ARM.exidx) refers to rtentry2.o(.ARM.Collect$$rtentry$$00000001) for .ARM.Collect$$rtentry$$00000001
    rtentry2.o(.ARM.exidx) refers to rtentry2.o(.ARM.Collect$$rtentry$$00000008) for .ARM.Collect$$rtentry$$00000008
    rtentry2.o(.ARM.exidx) refers to rtentry2.o(.ARM.Collect$$rtentry$$0000000A) for .ARM.Collect$$rtentry$$0000000A
    rtentry2.o(.ARM.exidx) refers to rtentry2.o(.ARM.Collect$$rtentry$$0000000B) for .ARM.Collect$$rtentry$$0000000B
    rtentry2.o(.ARM.exidx) refers to rtentry2.o(.ARM.Collect$$rtentry$$0000000D) for .ARM.Collect$$rtentry$$0000000D
    rtentry4.o(.ARM.Collect$$rtentry$$00000004) refers to sys_stackheap_outer.o(.text) for __user_setup_stackheap
    rtentry4.o(.ARM.exidx) refers to rtentry4.o(.ARM.Collect$$rtentry$$00000004) for .ARM.Collect$$rtentry$$00000004
    _printf_char_common.o(.text) refers to __printf.o(.text) for __printf
    sys_stackheap_outer.o(.text) refers to libspace.o(.text) for __user_perproc_libspace
    sys_stackheap_outer.o(.text) refers to startup_lpc17xx.o(.text) for __user_initial_stackheap
    exit.o(.text) refers to rtexit.o(.ARM.Collect$$rtexit$$00000000) for __rt_exit
    libinit.o(.ARM.Collect$$libinit$$00000000) refers (Special) to libinit2.o(.ARM.Collect$$libinit$$0000002A) for __rt_lib_init_alloca_1
    libinit.o(.ARM.Collect$$libinit$$00000000) refers (Special) to libinit2.o(.ARM.Collect$$libinit$$00000028) for __rt_lib_init_argv_1
    libinit.o(.ARM.Collect$$libinit$$00000000) refers (Special) to libinit2.o(.ARM.Collect$$libinit$$00000017) for __rt_lib_init_atexit_1
    libinit.o(.ARM.Collect$$libinit$$00000000) refers (Special) to libinit2.o(.ARM.Collect$$libinit$$0000001D) for __rt_lib_init_clock_1
    libinit.o(.ARM.Collect$$libinit$$00000000) refers (Special) to libinit2.o(.ARM.Collect$$libinit$$0000002E) for __rt_lib_init_cpp_1
    libinit.o(.ARM.Collect$$libinit$$00000000) refers (Special) to libinit2.o(.ARM.Collect$$libinit$$0000002C) for __rt_lib_init_exceptions_1
    libinit.o(.ARM.Collect$$libinit$$00000000) refers (Special) to libinit2.o(.ARM.Collect$$libinit$$0000001B) for __rt_lib_init_fp_trap_1
    libinit.o(.ARM.Collect$$libinit$$00000000) refers (Special) to libinit2.o(.ARM.Collect$$libinit$$0000001F) for __rt_lib_init_getenv_1
    libinit.o(.ARM.Collect$$libinit$$00000000) refers (Special) to libinit2.o(.ARM.Collect$$libinit$$00000006) for __rt_lib_init_heap_1
    libinit.o(.ARM.Collect$$libinit$$00000000) refers (Special) to libinit2.o(.ARM.Collect$$libinit$$0000000D) for __rt_lib_init_lc_collate_1
    libinit.o(.ARM.Collect$$libinit$$00000000) refers (Special) to libinit2.o(.ARM.Collect$$libinit$$0000000F) for __rt_lib_init_lc_ctype_1
    libinit.o(.ARM.Collect$$libinit$$00000000) refers (Special) to libinit2.o(.ARM.Collect$$libinit$$00000011) for __rt_lib_init_lc_monetary_1
    libinit.o(.ARM.Collect$$libinit$$00000000) refers (Special) to libinit2.o(.ARM.Collect$$libinit$$00000013) for __rt_lib_init_lc_numeric_1
    libinit.o(.ARM.Collect$$libinit$$00000000) refers (Special) to libinit2.o(.ARM.Collect$$libinit$$00000015) for __rt_lib_init_lc_time_1
    libinit.o(.ARM.Collect$$libinit$$00000000) refers (Special) to libinit2.o(.ARM.Collect$$libinit$$0000000A) for __rt_lib_init_rand_1
    libinit.o(.ARM.Collect$$libinit$$00000000) refers (Special) to libinit2.o(.ARM.Collect$$libinit$$0000002F) for __rt_lib_init_return
    libinit.o(.ARM.Collect$$libinit$$00000000) refers (Special) to libinit2.o(.ARM.Collect$$libinit$$00000019) for __rt_lib_init_signal_1
    libinit.o(.ARM.Collect$$libinit$$00000000) refers (Special) to libinit2.o(.ARM.Collect$$libinit$$00000021) for __rt_lib_init_stdio_1
    libinit.o(.ARM.Collect$$libinit$$00000000) refers (Special) to libinit2.o(.ARM.Collect$$libinit$$00000008) for __rt_lib_init_user_alloc_1
    libinit.o(.ARM.Collect$$libinit$$00000000) refers to fpinit.o(x$fpl$fpinit) for _fp_init
    rtexit.o(.ARM.Collect$$rtexit$$00000000) refers (Special) to rtexit2.o(.ARM.Collect$$rtexit$$00000004) for __rt_exit_exit
    rtexit.o(.ARM.Collect$$rtexit$$00000000) refers (Special) to rtexit2.o(.ARM.Collect$$rtexit$$00000003) for __rt_exit_ls
    rtexit.o(.ARM.Collect$$rtexit$$00000000) refers (Special) to rtexit2.o(.ARM.Collect$$rtexit$$00000002) for __rt_exit_prels_1
    rtexit.o(.ARM.exidx) refers (Special) to rtexit2.o(.ARM.Collect$$rtexit$$00000004) for __rt_exit_exit
    rtexit.o(.ARM.exidx) refers (Special) to rtexit2.o(.ARM.Collect$$rtexit$$00000003) for __rt_exit_ls
    rtexit.o(.ARM.exidx) refers (Special) to rtexit2.o(.ARM.Collect$$rtexit$$00000002) for __rt_exit_prels_1
    rtexit.o(.ARM.exidx) refers to rtexit.o(.ARM.Collect$$rtexit$$00000000) for .ARM.Collect$$rtexit$$00000000
    libinit2.o(.ARM.Collect$$libinit$$0000000C) refers to libinit2.o(.ARM.Collect$$libinit$$0000000B) for .ARM.Collect$$libinit$$0000000B
    libinit2.o(.ARM.Collect$$libinit$$0000000E) refers to libinit2.o(.ARM.Collect$$libinit$$0000000B) for .ARM.Collect$$libinit$$0000000B
    libinit2.o(.ARM.Collect$$libinit$$00000010) refers to libinit2.o(.ARM.Collect$$libinit$$0000000B) for .ARM.Collect$$libinit$$0000000B
    libinit2.o(.ARM.Collect$$libinit$$00000012) refers to libinit2.o(.ARM.Collect$$libinit$$0000000B) for .ARM.Collect$$libinit$$0000000B
    libinit2.o(.ARM.Collect$$libinit$$00000014) refers to libinit2.o(.ARM.Collect$$libinit$$0000000B) for .ARM.Collect$$libinit$$0000000B
    libinit2.o(.ARM.Collect$$libinit$$00000022) refers to argv_veneer.o(.emb_text) for __ARM_argv_veneer
    libinit2.o(.ARM.Collect$$libinit$$00000023) refers to argv_veneer.o(.emb_text) for __ARM_argv_veneer
    fpinit.o(x$fpl$fpinit) refers to rt_fp_status_addr_twolibspace.o(.text) for __rt_fp_status_addr
    rtexit2.o(.ARM.Collect$$rtexit$$00000003) refers to libshutdown.o(.ARM.Collect$$libshutdown$$00000000) for __rt_lib_shutdown
    rtexit2.o(.ARM.Collect$$rtexit$$00000004) refers to retarget.o(.text) for _sys_exit
    rtexit2.o(.ARM.exidx) refers to rtexit2.o(.ARM.Collect$$rtexit$$00000001) for .ARM.Collect$$rtexit$$00000001
    rtexit2.o(.ARM.exidx) refers to rtexit2.o(.ARM.Collect$$rtexit$$00000003) for .ARM.Collect$$rtexit$$00000003
    rtexit2.o(.ARM.exidx) refers to rtexit2.o(.ARM.Collect$$rtexit$$00000004) for .ARM.Collect$$rtexit$$00000004
    rt_fp_status_addr.o(.text) refers to rt_fp_status_addr.o(.bss) for __rt_fp_status_addr_data
    rt_fp_status_addr_intlibspace.o(.text) refers to libspace.o(.bss) for __libspace_start
    rt_fp_status_addr_twolibspace.o(.text) refers to rtx_conf_cm.o(.text) for __user_perthread_libspace
    argv_veneer.o(.emb_text) refers to no_argv.o(.text) for __ARM_get_argv
    _get_argv_nomalloc.o(.text) refers (Special) to hrguard.o(.text) for __heap_region$guard
    _get_argv_nomalloc.o(.text) refers to defsig_rtmem_outer.o(.text) for __rt_SIGRTMEM
    _get_argv_nomalloc.o(.text) refers to sys_command.o(.text) for _sys_command_string
    libshutdown.o(.ARM.Collect$$libshutdown$$00000000) refers (Special) to libshutdown2.o(.ARM.Collect$$libshutdown$$00000006) for __rt_lib_shutdown_fp_trap_1
    libshutdown.o(.ARM.Collect$$libshutdown$$00000000) refers (Special) to libshutdown2.o(.ARM.Collect$$libshutdown$$0000000E) for __rt_lib_shutdown_heap_1
    libshutdown.o(.ARM.Collect$$libshutdown$$00000000) refers (Special) to libshutdown2.o(.ARM.Collect$$libshutdown$$0000000F) for __rt_lib_shutdown_return
    libshutdown.o(.ARM.Collect$$libshutdown$$00000000) refers (Special) to libshutdown2.o(.ARM.Collect$$libshutdown$$00000009) for __rt_lib_shutdown_signal_1
    libshutdown.o(.ARM.Collect$$libshutdown$$00000000) refers (Special) to libshutdown2.o(.ARM.Collect$$libshutdown$$00000003) for __rt_lib_shutdown_stdio_1
    libshutdown.o(.ARM.Collect$$libshutdown$$00000000) refers (Special) to libshutdown2.o(.ARM.Collect$$libshutdown$$0000000B) for __rt_lib_shutdown_user_alloc_1
    sys_command.o(.text) refers (Special) to use_no_semi.o(.text) for __I$use$semihosting
    sys_command.o(.text) refers (Special) to indicate_semi.o(.text) for __semihosting_library_function
    defsig_rtmem_outer.o(.text) refers to defsig_rtmem_inner.o(.text) for __rt_SIGRTMEM_inner
    defsig_rtmem_outer.o(.text) refers to defsig_exit.o(.text) for __sig_exit
    defsig_rtmem_formal.o(.text) refers to rt_raise.o(.text) for __rt_raise
    rt_raise.o(.text) refers to __raise.o(.text) for __raise
    rt_raise.o(.text) refers to retarget.o(.text) for _sys_exit
    defsig_exit.o(.text) refers to retarget.o(.text) for _sys_exit
    defsig_rtmem_inner.o(.text) refers to defsig_general.o(.text) for __default_signal_display
    __raise.o(.text) refers to defsig.o(CL$$defsig) for __default_signal_handler
    defsig_general.o(.text) refers to retarget.o(.text) for _ttywrch
    defsig.o(CL$$defsig) refers to defsig_rtmem_inner.o(.text) for __rt_SIGRTMEM_inner
    defsig_abrt_inner.o(.text) refers to defsig_general.o(.text) for __default_signal_display
    defsig_fpe_inner.o(.text) refers to defsig_general.o(.text) for __default_signal_display
    defsig_rtred_inner.o(.text) refers to defsig_general.o(.text) for __default_signal_display
    defsig_stak_inner.o(.text) refers to defsig_general.o(.text) for __default_signal_display
    defsig_pvfn_inner.o(.text) refers to defsig_general.o(.text) for __default_signal_display
    defsig_cppl_inner.o(.text) refers to defsig_general.o(.text) for __default_signal_display
    defsig_segv_inner.o(.text) refers to defsig_general.o(.text) for __default_signal_display
    defsig_other.o(.text) refers to defsig_general.o(.text) for __default_signal_display


==============================================================================

Removing Unused input sections from the image.

    Removing rt_system.o(.emb_text), (0 bytes).
    Removing serial.o(.rev16_text), (4 bytes).
    Removing serial.o(.revsh_text), (4 bytes).
    Removing system_lpc17xx.o(.rev16_text), (4 bytes).
    Removing system_lpc17xx.o(.revsh_text), (4 bytes).
    Removing main.o(.rev16_text), (4 bytes).
    Removing main.o(.revsh_text), (4 bytes).

7 unused section(s) (total 24 bytes) removed from the image.

==============================================================================

Image Symbol Table

    Local Symbols

    Symbol Name                              Value     Ov Type        Size  Object(Section)

    RESET                                    0x00000000   Section      204  startup_lpc17xx.o(RESET)
    ../../angel/boardlib.s                   0x00000000   Number         0  boardinit3.o ABSOLUTE
    ../../angel/boardlib.s                   0x00000000   Number         0  boardshut.o ABSOLUTE
    ../../angel/boardlib.s                   0x00000000   Number         0  boardinit1.o ABSOLUTE
    ../../angel/boardlib.s                   0x00000000   Number         0  boardinit2.o ABSOLUTE
    ../../angel/handlers.s                   0x00000000   Number         0  __scatter_copy.o ABSOLUTE
    ../../angel/handlers.s                   0x00000000   Number         0  __scatter_zi.o ABSOLUTE
    ../../angel/kernel.s                     0x00000000   Number         0  rtexit.o ABSOLUTE
    ../../angel/kernel.s                     0x00000000   Number         0  rtexit2.o ABSOLUTE
    ../../angel/kernel.s                     0x00000000   Number         0  rtentry.o ABSOLUTE
    ../../angel/kernel.s                     0x00000000   Number         0  rtentry2.o ABSOLUTE
    ../../angel/kernel.s                     0x00000000   Number         0  rtentry4.o ABSOLUTE
    ../../angel/rt.s                         0x00000000   Number         0  rt_fp_status_addr.o ABSOLUTE
    ../../angel/rt.s                         0x00000000   Number         0  rt_fp_status_addr_intlibspace.o ABSOLUTE
    ../../angel/rt.s                         0x00000000   Number         0  rt_fp_status_addr_twolibspace.o ABSOLUTE
    ../../angel/rt.s                         0x00000000   Number         0  rt_raise.o ABSOLUTE
    ../../angel/scatter.s                    0x00000000   Number         0  __scatter.o ABSOLUTE
    ../../angel/startup.s                    0x00000000   Number         0  __main.o ABSOLUTE
    ../../angel/sys.s                        0x00000000   Number         0  indicate_semi.o ABSOLUTE
    ../../angel/sys.s                        0x00000000   Number         0  use_no_semi.o ABSOLUTE
    ../../angel/sys.s                        0x00000000   Number         0  libspace.o ABSOLUTE
    ../../angel/sys.s                        0x00000000   Number         0  sys_stackheap_outer.o ABSOLUTE
    ../../angel/sysapp.c                     0x00000000   Number         0  sys_command.o ABSOLUTE
    ../../armsys.c                           0x00000000   Number         0  argv_veneer.o ABSOLUTE
    ../../armsys.c                           0x00000000   Number         0  argv_veneer.o ABSOLUTE
    ../../armsys.c                           0x00000000   Number         0  no_argv.o ABSOLUTE
    ../../armsys.c                           0x00000000   Number         0  _get_argv_nomalloc.o ABSOLUTE
    ../../fpinit.s                           0x00000000   Number         0  fpinit.o ABSOLUTE
    ../../heapalloc.c                        0x00000000   Number         0  hrguard.o ABSOLUTE
    ../../heapaux.c                          0x00000000   Number         0  heapauxi.o ABSOLUTE
    ../../libinit.s                          0x00000000   Number         0  libinit2.o ABSOLUTE
    ../../libinit.s                          0x00000000   Number         0  libshutdown2.o ABSOLUTE
    ../../libinit.s                          0x00000000   Number         0  libinit.o ABSOLUTE
    ../../libinit.s                          0x00000000   Number         0  libshutdown.o ABSOLUTE
    ../../printf.c                           0x00000000   Number         0  __2printf.o ABSOLUTE
    ../../printf.c                           0x00000000   Number         0  __printf_ss.o ABSOLUTE
    ../../printf.c                           0x00000000   Number         0  noretval__2printf.o ABSOLUTE
    ../../printf.c                           0x00000000   Number         0  __printf_flags_ss.o ABSOLUTE
    ../../printf.c                           0x00000000   Number         0  _printf_intcommon.o ABSOLUTE
    ../../printf.c                           0x00000000   Number         0  __printf_wp.o ABSOLUTE
    ../../printf.c                           0x00000000   Number         0  __printf_flags_wp.o ABSOLUTE
    ../../printf.c                           0x00000000   Number         0  __printf.o ABSOLUTE
    ../../printf.c                           0x00000000   Number         0  __printf_ss_wp.o ABSOLUTE
    ../../printf.c                           0x00000000   Number         0  _printf_dec.o ABSOLUTE
    ../../printf.c                           0x00000000   Number         0  __printf_flags_ss_wp.o ABSOLUTE
    ../../printf.c                           0x00000000   Number         0  _printf_hex_ll.o ABSOLUTE
    ../../printf.c                           0x00000000   Number         0  _printf_hex_int.o ABSOLUTE
    ../../printf.c                           0x00000000   Number         0  _printf_hex_int_ll.o ABSOLUTE
    ../../printf.c                           0x00000000   Number         0  _printf_hex_ptr.o ABSOLUTE
    ../../printf.c                           0x00000000   Number         0  _printf_hex_int_ptr.o ABSOLUTE
    ../../printf.c                           0x00000000   Number         0  _printf_hex_ll_ptr.o ABSOLUTE
    ../../printf.c                           0x00000000   Number         0  _printf_hex_int_ll_ptr.o ABSOLUTE
    ../../printf.c                           0x00000000   Number         0  _printf_char_common.o ABSOLUTE
    ../../printf.c                           0x00000000   Number         0  __printf_flags.o ABSOLUTE
    ../../printf.c                           0x00000000   Number         0  __printf_nopercent.o ABSOLUTE
    ../../printf.c                           0x00000000   Number         0  _printf_char_file.o ABSOLUTE
    ../../printf_percent.s                   0x00000000   Number         0  _printf_p.o ABSOLUTE
    ../../printf_percent.s                   0x00000000   Number         0  _printf_d.o ABSOLUTE
    ../../printf_percent.s                   0x00000000   Number         0  _printf_percent.o ABSOLUTE
    ../../printf_percent.s                   0x00000000   Number         0  _printf_percent_end.o ABSOLUTE
    ../../printf_percent.s                   0x00000000   Number         0  _printf_x.o ABSOLUTE
    ../../signal.c                           0x00000000   Number         0  defsig_fpe_inner.o ABSOLUTE
    ../../signal.c                           0x00000000   Number         0  defsig_stak_inner.o ABSOLUTE
    ../../signal.c                           0x00000000   Number         0  defsig_abrt_inner.o ABSOLUTE
    ../../signal.c                           0x00000000   Number         0  defsig_segv_inner.o ABSOLUTE
    ../../signal.c                           0x00000000   Number         0  defsig_cppl_inner.o ABSOLUTE
    ../../signal.c                           0x00000000   Number         0  defsig_other.o ABSOLUTE
    ../../signal.c                           0x00000000   Number         0  defsig_general.o ABSOLUTE
    ../../signal.c                           0x00000000   Number         0  __raise.o ABSOLUTE
    ../../signal.c                           0x00000000   Number         0  defsig_rtmem_formal.o ABSOLUTE
    ../../signal.c                           0x00000000   Number         0  defsig_rtmem_inner.o ABSOLUTE
    ../../signal.c                           0x00000000   Number         0  defsig_exit.o ABSOLUTE
    ../../signal.c                           0x00000000   Number         0  defsig_rtmem_outer.o ABSOLUTE
    ../../signal.c                           0x00000000   Number         0  defsig_rtred_inner.o ABSOLUTE
    ../../signal.c                           0x00000000   Number         0  defsig_pvfn_inner.o ABSOLUTE
    ../../signal.s                           0x00000000   Number         0  defsig.o ABSOLUTE
    ../../stdlib.c                           0x00000000   Number         0  exit.o ABSOLUTE
    dc.s                                     0x00000000   Number         0  dc.o ABSOLUTE
    rtx_src\HAL_CM3.c                        0x00000000   Number         0  hal_cm3.o ABSOLUTE
    rtx_src\SVC_Table.s                      0x00000000   Number         0  svc_table.o ABSOLUTE
    rtx_src\\HAL_CM3.c                       0x00000000   Number         0  hal_cm3.o ABSOLUTE
    rtx_src\\rt_System.c                     0x00000000   Number         0  rt_system.o ABSOLUTE
    rtx_src\rt_Event.c                       0x00000000   Number         0  rt_event.o ABSOLUTE
    rtx_src\rt_List.c                        0x00000000   Number         0  rt_list.o ABSOLUTE
    rtx_src\rt_Mailbox.c                     0x00000000   Number         0  rt_mailbox.o ABSOLUTE
    rtx_src\rt_Mem.c                         0x00000000   Number         0  rt_mem.o ABSOLUTE
    rtx_src\rt_MemBox.c                      0x00000000   Number         0  rt_membox.o ABSOLUTE
    rtx_src\rt_Mutex.c                       0x00000000   Number         0  rt_mutex.o ABSOLUTE
    rtx_src\rt_Robin.c                       0x00000000   Number         0  rt_robin.o ABSOLUTE
    rtx_src\rt_Semaphore.c                   0x00000000   Number         0  rt_semaphore.o ABSOLUTE
    rtx_src\rt_System.c                      0x00000000   Number         0  rt_system.o ABSOLUTE
    rtx_src\rt_Task.c                        0x00000000   Number         0  rt_task.o ABSOLUTE
    rtx_src\rt_Time.c                        0x00000000   Number         0  rt_time.o ABSOLUTE
    rtx_src\rt_Timer.c                       0x00000000   Number         0  rt_timer.o ABSOLUTE
    src\RTX_Conf_CM.c                        0x00000000   Number         0  rtx_conf_cm.o ABSOLUTE
    src\Retarget.c                           0x00000000   Number         0  retarget.o ABSOLUTE
    src\Serial.c                             0x00000000   Number         0  serial.o ABSOLUTE
    src\\Serial.c                            0x00000000   Number         0  serial.o ABSOLUTE
    src\\main.c                              0x00000000   Number         0  main.o ABSOLUTE
    src\\system_LPC17xx.c                    0x00000000   Number         0  system_lpc17xx.o ABSOLUTE
    src\main.c                               0x00000000   Number         0  main.o ABSOLUTE
    src\startup_LPC17xx.s                    0x00000000   Number         0  startup_lpc17xx.o ABSOLUTE
    src\system_LPC17xx.c                     0x00000000   Number         0  system_lpc17xx.o ABSOLUTE
    !!!main                                  0x000000cc   Section        8  __main.o(!!!main)
    !!!scatter                               0x000000d4   Section       52  __scatter.o(!!!scatter)
    !!handler_copy                           0x00000108   Section       26  __scatter_copy.o(!!handler_copy)
    !!handler_zi                             0x00000124   Section       28  __scatter_zi.o(!!handler_zi)
    .ARM.Collect$$_printf_percent$$00000000  0x00000140   Section        0  _printf_percent.o(.ARM.Collect$$_printf_percent$$00000000)
    .ARM.Collect$$_printf_percent$$00000002  0x00000140   Section        6  _printf_p.o(.ARM.Collect$$_printf_percent$$00000002)
    .ARM.Collect$$_printf_percent$$00000009  0x00000146   Section        6  _printf_d.o(.ARM.Collect$$_printf_percent$$00000009)
    .ARM.Collect$$_printf_percent$$0000000C  0x0000014c   Section        6  _printf_x.o(.ARM.Collect$$_printf_percent$$0000000C)
    .ARM.Collect$$_printf_percent$$00000017  0x00000152   Section        4  _printf_percent_end.o(.ARM.Collect$$_printf_percent$$00000017)
    .ARM.Collect$$libinit$$00000000          0x00000156   Section        6  libinit.o(.ARM.Collect$$libinit$$00000000)
    .ARM.Collect$$libinit$$00000006          0x0000015c   Section        0  libinit2.o(.ARM.Collect$$libinit$$00000006)
    .ARM.Collect$$libinit$$00000008          0x0000015c   Section        0  libinit2.o(.ARM.Collect$$libinit$$00000008)
    .ARM.Collect$$libinit$$0000000A          0x0000015c   Section        0  libinit2.o(.ARM.Collect$$libinit$$0000000A)
    .ARM.Collect$$libinit$$0000000D          0x0000015c   Section        0  libinit2.o(.ARM.Collect$$libinit$$0000000D)
    .ARM.Collect$$libinit$$0000000F          0x0000015c   Section        0  libinit2.o(.ARM.Collect$$libinit$$0000000F)
    .ARM.Collect$$libinit$$00000011          0x0000015c   Section        0  libinit2.o(.ARM.Collect$$libinit$$00000011)
    .ARM.Collect$$libinit$$00000013          0x0000015c   Section        0  libinit2.o(.ARM.Collect$$libinit$$00000013)
    .ARM.Collect$$libinit$$00000015          0x0000015c   Section        0  libinit2.o(.ARM.Collect$$libinit$$00000015)
    .ARM.Collect$$libinit$$00000017          0x0000015c   Section        0  libinit2.o(.ARM.Collect$$libinit$$00000017)
    .ARM.Collect$$libinit$$00000019          0x0000015c   Section        0  libinit2.o(.ARM.Collect$$libinit$$00000019)
    .ARM.Collect$$libinit$$0000001B          0x0000015c   Section        0  libinit2.o(.ARM.Collect$$libinit$$0000001B)
    .ARM.Collect$$libinit$$0000001D          0x0000015c   Section        0  libinit2.o(.ARM.Collect$$libinit$$0000001D)
    .ARM.Collect$$libinit$$0000001F          0x0000015c   Section        0  libinit2.o(.ARM.Collect$$libinit$$0000001F)
    .ARM.Collect$$libinit$$00000021          0x0000015c   Section        0  libinit2.o(.ARM.Collect$$libinit$$00000021)
    .ARM.Collect$$libinit$$00000028          0x0000015c   Section        0  libinit2.o(.ARM.Collect$$libinit$$00000028)
    .ARM.Collect$$libinit$$0000002A          0x0000015c   Section        0  libinit2.o(.ARM.Collect$$libinit$$0000002A)
    .ARM.Collect$$libinit$$0000002C          0x0000015c   Section        0  libinit2.o(.ARM.Collect$$libinit$$0000002C)
    .ARM.Collect$$libinit$$0000002E          0x0000015c   Section        0  libinit2.o(.ARM.Collect$$libinit$$0000002E)
    .ARM.Collect$$libinit$$0000002F          0x0000015c   Section        2  libinit2.o(.ARM.Collect$$libinit$$0000002F)
    .ARM.Collect$$libshutdown$$00000000      0x0000015e   Section        2  libshutdown.o(.ARM.Collect$$libshutdown$$00000000)
    .ARM.Collect$$libshutdown$$00000003      0x00000160   Section        0  libshutdown2.o(.ARM.Collect$$libshutdown$$00000003)
    .ARM.Collect$$libshutdown$$00000006      0x00000160   Section        0  libshutdown2.o(.ARM.Collect$$libshutdown$$00000006)
    .ARM.Collect$$libshutdown$$00000009      0x00000160   Section        0  libshutdown2.o(.ARM.Collect$$libshutdown$$00000009)
    .ARM.Collect$$libshutdown$$0000000B      0x00000160   Section        0  libshutdown2.o(.ARM.Collect$$libshutdown$$0000000B)
    .ARM.Collect$$libshutdown$$0000000E      0x00000160   Section        0  libshutdown2.o(.ARM.Collect$$libshutdown$$0000000E)
    .ARM.Collect$$libshutdown$$0000000F      0x00000160   Section        2  libshutdown2.o(.ARM.Collect$$libshutdown$$0000000F)
    .ARM.Collect$$rtentry$$00000000          0x00000162   Section        0  rtentry.o(.ARM.Collect$$rtentry$$00000000)
    .ARM.Collect$$rtentry$$00000002          0x00000162   Section        0  rtentry2.o(.ARM.Collect$$rtentry$$00000002)
    .ARM.Collect$$rtentry$$00000004          0x00000162   Section        6  rtentry4.o(.ARM.Collect$$rtentry$$00000004)
    .ARM.Collect$$rtentry$$00000009          0x00000168   Section        0  rtentry2.o(.ARM.Collect$$rtentry$$00000009)
    .ARM.Collect$$rtentry$$0000000A          0x00000168   Section        4  rtentry2.o(.ARM.Collect$$rtentry$$0000000A)
    .ARM.Collect$$rtentry$$0000000C          0x0000016c   Section        0  rtentry2.o(.ARM.Collect$$rtentry$$0000000C)
    .ARM.Collect$$rtentry$$0000000D          0x0000016c   Section        8  rtentry2.o(.ARM.Collect$$rtentry$$0000000D)
    .ARM.Collect$$rtexit$$00000000           0x00000174   Section        2  rtexit.o(.ARM.Collect$$rtexit$$00000000)
    .ARM.Collect$$rtexit$$00000002           0x00000176   Section        0  rtexit2.o(.ARM.Collect$$rtexit$$00000002)
    .ARM.Collect$$rtexit$$00000003           0x00000176   Section        4  rtexit2.o(.ARM.Collect$$rtexit$$00000003)
    .ARM.Collect$$rtexit$$00000004           0x0000017a   Section        6  rtexit2.o(.ARM.Collect$$rtexit$$00000004)
    .emb_text                                0x00000180   Section      340  hal_cm3.o(.emb_text)
    .text                                    0x000002d4   Section        8  libspace.o(.text)
    .text                                    0x000002dc   Section        2  use_no_semi.o(.text)
    .text                                    0x000002e0   Section        0  noretval__2printf.o(.text)
    SVC_TABLE                                0x000002f8   Section        4  svc_table.o(SVC_TABLE)
    .ARM.__at_0x02FC                         0x000002fc   Section        4  startup_lpc17xx.o(.ARM.__at_0x02FC)
    .text                                    0x00000300   Section        0  hal_cm3.o(.text)
    .text                                    0x000003cc   Section        0  rt_event.o(.text)
    .text                                    0x00000540   Section        0  rt_list.o(.text)
    .text                                    0x000007cc   Section        0  rt_mailbox.o(.text)
    .text                                    0x00000ad4   Section        0  rt_mem.o(.text)
    .text                                    0x00000c48   Section        0  rt_membox.o(.text)
    .text                                    0x00000d0c   Section        0  rt_mutex.o(.text)
    .text                                    0x00000e74   Section        0  rt_robin.o(.text)
    .text                                    0x00000ee0   Section        0  rt_semaphore.o(.text)
    .text                                    0x00000fc0   Section        0  rt_system.o(.text)
    .text                                    0x00001304   Section        0  rt_task.o(.text)
    rt_get_TID                               0x00001305   Thumb Code    32  rt_task.o(.text)
    rt_init_context                          0x00001325   Thumb Code    64  rt_task.o(.text)
    .text                                    0x0000183c   Section        0  rt_time.o(.text)
    .text                                    0x000018a0   Section        0  rt_timer.o(.text)
    .text                                    0x00001978   Section       52  startup_lpc17xx.o(.text)
    .text                                    0x000019ac   Section        0  retarget.o(.text)
    .text                                    0x00001a04   Section        0  rtx_conf_cm.o(.text)
    __tagsym$$used                           0x00001a4f   Number         0  rtx_conf_cm.o(.text)
    __tagsym$$used                           0x00001a69   Number         0  rtx_conf_cm.o(.text)
    .text                                    0x00001a98   Section        0  serial.o(.text)
    .text                                    0x00001b60   Section        0  system_lpc17xx.o(.text)
    .text                                    0x00001d7c   Section        0  main.o(.text)
    .text                                    0x00001ffc   Section        0  __printf.o(.text)
    .text                                    0x00002068   Section        0  _printf_dec.o(.text)
    .text                                    0x000020e0   Section        0  _printf_hex_int_ptr.o(.text)
    _printf_hex_common                       0x000020e1   Thumb Code     0  _printf_hex_int_ptr.o(.text)
    .text                                    0x00002160   Section        0  heapauxi.o(.text)
    .text                                    0x00002166   Section        0  _printf_intcommon.o(.text)
    .text                                    0x00002220   Section        0  _printf_char_file.o(.text)
    .text                                    0x00002244   Section        0  _printf_char_common.o(.text)
    _printf_input_char                       0x00002245   Thumb Code    10  _printf_char_common.o(.text)
    .text                                    0x00002274   Section       74  sys_stackheap_outer.o(.text)
    .text                                    0x000022be   Section        0  exit.o(.text)
    .text                                    0x000022ca   Section       10  rt_fp_status_addr_twolibspace.o(.text)
    x$fpl$fpinit                             0x000022d4   Section       14  fpinit.o(x$fpl$fpinit)
    .constdata                               0x000022e4   Section       40  rtx_conf_cm.o(.constdata)
    __tagsym$$used                           0x000022f8   Number         0  rtx_conf_cm.o(.constdata)
    __tagsym$$used                           0x000022fc   Number         0  rtx_conf_cm.o(.constdata)
    .constdata                               0x0000230c   Section       40  _printf_hex_int_ptr.o(.constdata)
    uc_hextab                                0x0000230c   Data          20  _printf_hex_int_ptr.o(.constdata)
    lc_hextab                                0x00002320   Data          20  _printf_hex_int_ptr.o(.constdata)
    .data                                    0x10000000   Section        1  hal_cm3.o(.data)
    .data                                    0x10000004   Section        4  rt_mem.o(.data)
    .data                                    0x10000008   Section        8  rt_robin.o(.data)
    .data                                    0x10000010   Section        7  rt_system.o(.data)
    os_lock                                  0x10000014   Data           1  rt_system.o(.data)
    os_psh_flag                              0x10000015   Data           1  rt_system.o(.data)
    pend_flags                               0x10000016   Data           1  rt_system.o(.data)
    .data                                    0x10000018   Section        8  rt_task.o(.data)
    .data                                    0x10000020   Section        4  rt_time.o(.data)
    .data                                    0x10000024   Section        8  rt_timer.o(.data)
    .data                                    0x1000002c   Section        8  retarget.o(.data)
    .data                                    0x10000034   Section        8  rtx_conf_cm.o(.data)
    nr_mutex                                 0x10000038   Data           4  rtx_conf_cm.o(.data)
    .data                                    0x1000003c   Section        4  system_lpc17xx.o(.data)
    .bss                                     0x10000040   Section       48  rt_list.o(.bss)
    .bss                                     0x10000070   Section       52  rt_task.o(.bss)
    .bss                                     0x100000a8   Section     6052  rtx_conf_cm.o(.bss)
    std_libspace                             0x100014ec   Data         768  rtx_conf_cm.o(.bss)
    std_libmutex                             0x100017ec   Data          96  rtx_conf_cm.o(.bss)
    .bss                                     0x1000184c   Section       24  main.o(.bss)
    .bss                                     0x10001864   Section       96  libspace.o(.bss)
    HEAP                                     0x100018c8   Section        0  startup_lpc17xx.o(HEAP)
    STACK                                    0x100018c8   Section      512  startup_lpc17xx.o(STACK)
    Heap_Mem                                 0x100018c8   Data           0  startup_lpc17xx.o(HEAP)
    Stack_Mem                                0x100018c8   Data         512  startup_lpc17xx.o(STACK)
    __initial_sp                             0x10001ac8   Data           0  startup_lpc17xx.o(STACK)

    Global Symbols

    Symbol Name                              Value     Ov Type        Size  Object(Section)

    BuildAttributes$$THM_ISAv4$P$D$K$B$S$PE$A:L22UL41UL21$X:L11$S22US41US21$IEEE1$IW$USESV6$~STKCKD$USESV7$~SHL$OSPACE$ROPI$EBA8$UX$STANDARDLIB$REQ8$PRES8$EABIv2 0x00000000   Number         0  anon$$obj.o ABSOLUTE
    __ARM_use_no_argv                        0x00000000   Number         0  main.o ABSOLUTE
    __Vectors                                0x00000000   Data           4  startup_lpc17xx.o(RESET)
    __ARM_exceptions_init                     - Undefined Weak Reference
    __alloca_initialize                       - Undefined Weak Reference
    __cpp_initialize__aeabi_                  - Undefined Weak Reference
    __cxa_finalize                            - Undefined Weak Reference
    __rt_locale                               - Undefined Weak Reference
    __sigvec_lookup                           - Undefined Weak Reference
    _atexit_init                              - Undefined Weak Reference
    _call_atexit_fns                          - Undefined Weak Reference
    _clock_init                               - Undefined Weak Reference
    _fp_trap_init                             - Undefined Weak Reference
    _fp_trap_shutdown                         - Undefined Weak Reference
    _get_lc_collate                           - Undefined Weak Reference
    _get_lc_ctype                             - Undefined Weak Reference
    _get_lc_monetary                          - Undefined Weak Reference
    _get_lc_numeric                           - Undefined Weak Reference
    _get_lc_time                              - Undefined Weak Reference
    _getenv_init                              - Undefined Weak Reference
    _handle_redirection                       - Undefined Weak Reference
    _init_alloc                               - Undefined Weak Reference
    _init_user_alloc                          - Undefined Weak Reference
    _initio                                   - Undefined Weak Reference
    _printf_post_padding                      - Undefined Weak Reference
    _printf_pre_padding                       - Undefined Weak Reference
    _printf_truncate_signed                   - Undefined Weak Reference
    _printf_truncate_unsigned                 - Undefined Weak Reference
    _rand_init                                - Undefined Weak Reference
    _signal_finish                            - Undefined Weak Reference
    _signal_init                              - Undefined Weak Reference
    _terminate_alloc                          - Undefined Weak Reference
    _terminate_user_alloc                     - Undefined Weak Reference
    _terminateio                              - Undefined Weak Reference
    __main                                   0x000000cd   Thumb Code     8  __main.o(!!!main)
    __scatterload                            0x000000d5   Thumb Code     0  __scatter.o(!!!scatter)
    __scatterload_rt2                        0x000000d5   Thumb Code    44  __scatter.o(!!!scatter)
    __scatterload_rt2_thumb_only             0x000000d5   Thumb Code     0  __scatter.o(!!!scatter)
    __scatterload_null                       0x000000e3   Thumb Code     0  __scatter.o(!!!scatter)
    __scatterload_copy                       0x00000109   Thumb Code    26  __scatter_copy.o(!!handler_copy)
    __scatterload_zeroinit                   0x00000125   Thumb Code    28  __scatter_zi.o(!!handler_zi)
    _printf_p                                0x00000141   Thumb Code     0  _printf_p.o(.ARM.Collect$$_printf_percent$$00000002)
    _printf_percent                          0x00000141   Thumb Code     0  _printf_percent.o(.ARM.Collect$$_printf_percent$$00000000)
    _printf_d                                0x00000147   Thumb Code     0  _printf_d.o(.ARM.Collect$$_printf_percent$$00000009)
    _printf_x                                0x0000014d   Thumb Code     0  _printf_x.o(.ARM.Collect$$_printf_percent$$0000000C)
    _printf_percent_end                      0x00000153   Thumb Code     0  _printf_percent_end.o(.ARM.Collect$$_printf_percent$$00000017)
    __rt_lib_init                            0x00000157   Thumb Code     0  libinit.o(.ARM.Collect$$libinit$$00000000)
    __rt_lib_init_alloca_1                   0x0000015d   Thumb Code     0  libinit2.o(.ARM.Collect$$libinit$$0000002A)
    __rt_lib_init_argv_1                     0x0000015d   Thumb Code     0  libinit2.o(.ARM.Collect$$libinit$$00000028)
    __rt_lib_init_atexit_1                   0x0000015d   Thumb Code     0  libinit2.o(.ARM.Collect$$libinit$$00000017)
    __rt_lib_init_clock_1                    0x0000015d   Thumb Code     0  libinit2.o(.ARM.Collect$$libinit$$0000001D)
    __rt_lib_init_cpp_1                      0x0000015d   Thumb Code     0  libinit2.o(.ARM.Collect$$libinit$$0000002E)
    __rt_lib_init_exceptions_1               0x0000015d   Thumb Code     0  libinit2.o(.ARM.Collect$$libinit$$0000002C)
    __rt_lib_init_fp_trap_1                  0x0000015d   Thumb Code     0  libinit2.o(.ARM.Collect$$libinit$$0000001B)
    __rt_lib_init_getenv_1                   0x0000015d   Thumb Code     0  libinit2.o(.ARM.Collect$$libinit$$0000001F)
    __rt_lib_init_heap_1                     0x0000015d   Thumb Code     0  libinit2.o(.ARM.Collect$$libinit$$00000006)
    __rt_lib_init_lc_collate_1               0x0000015d   Thumb Code     0  libinit2.o(.ARM.Collect$$libinit$$0000000D)
    __rt_lib_init_lc_ctype_1                 0x0000015d   Thumb Code     0  libinit2.o(.ARM.Collect$$libinit$$0000000F)
    __rt_lib_init_lc_monetary_1              0x0000015d   Thumb Code     0  libinit2.o(.ARM.Collect$$libinit$$00000011)
    __rt_lib_init_lc_numeric_1               0x0000015d   Thumb Code     0  libinit2.o(.ARM.Collect$$libinit$$00000013)
    __rt_lib_init_lc_time_1                  0x0000015d   Thumb Code     0  libinit2.o(.ARM.Collect$$libinit$$00000015)
    __rt_lib_init_rand_1                     0x0000015d   Thumb Code     0  libinit2.o(.ARM.Collect$$libinit$$0000000A)
    __rt_lib_init_return                     0x0000015d   Thumb Code     0  libinit2.o(.ARM.Collect$$libinit$$0000002F)
    __rt_lib_init_signal_1                   0x0000015d   Thumb Code     0  libinit2.o(.ARM.Collect$$libinit$$00000019)
    __rt_lib_init_stdio_1                    0x0000015d   Thumb Code     0  libinit2.o(.ARM.Collect$$libinit$$00000021)
    __rt_lib_init_user_alloc_1               0x0000015d   Thumb Code     0  libinit2.o(.ARM.Collect$$libinit$$00000008)
    __rt_lib_shutdown                        0x0000015f   Thumb Code     0  libshutdown.o(.ARM.Collect$$libshutdown$$00000000)
    __rt_lib_shutdown_fp_trap_1              0x00000161   Thumb Code     0  libshutdown2.o(.ARM.Collect$$libshutdown$$00000006)
    __rt_lib_shutdown_heap_1                 0x00000161   Thumb Code     0  libshutdown2.o(.ARM.Collect$$libshutdown$$0000000E)
    __rt_lib_shutdown_return                 0x00000161   Thumb Code     0  libshutdown2.o(.ARM.Collect$$libshutdown$$0000000F)
    __rt_lib_shutdown_signal_1               0x00000161   Thumb Code     0  libshutdown2.o(.ARM.Collect$$libshutdown$$00000009)
    __rt_lib_shutdown_stdio_1                0x00000161   Thumb Code     0  libshutdown2.o(.ARM.Collect$$libshutdown$$00000003)
    __rt_lib_shutdown_user_alloc_1           0x00000161   Thumb Code     0  libshutdown2.o(.ARM.Collect$$libshutdown$$0000000B)
    __rt_entry                               0x00000163   Thumb Code     0  rtentry.o(.ARM.Collect$$rtentry$$00000000)
    __rt_entry_presh_1                       0x00000163   Thumb Code     0  rtentry2.o(.ARM.Collect$$rtentry$$00000002)
    __rt_entry_sh                            0x00000163   Thumb Code     0  rtentry4.o(.ARM.Collect$$rtentry$$00000004)
    __rt_entry_li                            0x00000169   Thumb Code     0  rtentry2.o(.ARM.Collect$$rtentry$$0000000A)
    __rt_entry_postsh_1                      0x00000169   Thumb Code     0  rtentry2.o(.ARM.Collect$$rtentry$$00000009)
    __rt_entry_main                          0x0000016d   Thumb Code     0  rtentry2.o(.ARM.Collect$$rtentry$$0000000D)
    __rt_entry_postli_1                      0x0000016d   Thumb Code     0  rtentry2.o(.ARM.Collect$$rtentry$$0000000C)
    __rt_exit                                0x00000175   Thumb Code     0  rtexit.o(.ARM.Collect$$rtexit$$00000000)
    __rt_exit_ls                             0x00000177   Thumb Code     0  rtexit2.o(.ARM.Collect$$rtexit$$00000003)
    __rt_exit_prels_1                        0x00000177   Thumb Code     0  rtexit2.o(.ARM.Collect$$rtexit$$00000002)
    __rt_exit_exit                           0x0000017b   Thumb Code     0  rtexit2.o(.ARM.Collect$$rtexit$$00000004)
    rt_set_PSP                               0x00000181   Thumb Code     6  hal_cm3.o(.emb_text)
    rt_get_PSP                               0x00000187   Thumb Code     6  hal_cm3.o(.emb_text)
    os_set_env                               0x0000018d   Thumb Code    24  hal_cm3.o(.emb_text)
    _alloc_box                               0x000001a9   Thumb Code    28  hal_cm3.o(.emb_text)
    _free_box                                0x000001c9   Thumb Code    28  hal_cm3.o(.emb_text)
    SVC_Handler                              0x000001e9   Thumb Code   124  hal_cm3.o(.emb_text)
    PendSV_Handler                           0x00000271   Thumb Code    76  hal_cm3.o(.emb_text)
    SysTick_Handler                          0x000002c1   Thumb Code     8  hal_cm3.o(.emb_text)
    OS_Tick_Handler                          0x000002c9   Thumb Code    12  hal_cm3.o(.emb_text)
    __user_libspace                          0x000002d5   Thumb Code     8  libspace.o(.text)
    __user_perproc_libspace                  0x000002d5   Thumb Code     0  libspace.o(.text)
    __I$use$semihosting                      0x000002dd   Thumb Code     0  use_no_semi.o(.text)
    __use_no_semihosting_swi                 0x000002dd   Thumb Code     2  use_no_semi.o(.text)
    __2printf                                0x000002e1   Thumb Code    20  noretval__2printf.o(.text)
    SVC_Count                                0x000002f8   Data           4  svc_table.o(SVC_TABLE)
    SVC_Table                                0x000002fc   Data           0  svc_table.o(SVC_TABLE)
    rt_init_stack                            0x00000301   Thumb Code    76  hal_cm3.o(.text)
    dbg_init                                 0x0000034d   Thumb Code    40  hal_cm3.o(.text)
    dbg_task_notify                          0x00000375   Thumb Code    44  hal_cm3.o(.text)
    dbg_task_switch                          0x000003a1   Thumb Code    18  hal_cm3.o(.text)
    rt_evt_wait                              0x000003cd   Thumb Code   110  rt_event.o(.text)
    rt_evt_set                               0x0000043b   Thumb Code   100  rt_event.o(.text)
    __RL_RTX_VER                             0x00000460   Number         0  rt_system.o ABSOLUTE
    rt_evt_clr                               0x0000049f   Thumb Code    26  rt_event.o(.text)
    isr_evt_set                              0x000004b9   Thumb Code    34  rt_event.o(.text)
    rt_evt_get                               0x000004db   Thumb Code     8  rt_event.o(.text)
    rt_evt_psh                               0x000004e3   Thumb Code    82  rt_event.o(.text)
    rt_put_prio                              0x00000541   Thumb Code    64  rt_list.o(.text)
    rt_get_first                             0x00000581   Thumb Code    50  rt_list.o(.text)
    rt_put_rdy_first                         0x000005b3   Thumb Code    16  rt_list.o(.text)
    rt_get_same_rdy_prio                     0x000005c3   Thumb Code    34  rt_list.o(.text)
    rt_rmv_list                              0x000005e5   Thumb Code    48  rt_list.o(.text)
    rt_resort_prio                           0x00000615   Thumb Code    48  rt_list.o(.text)
    rt_put_dly                               0x00000645   Thumb Code    88  rt_list.o(.text)
    rt_dec_dly                               0x0000069d   Thumb Code   132  rt_list.o(.text)
    rt_rmv_dly                               0x00000721   Thumb Code    40  rt_list.o(.text)
    rt_psq_enq                               0x00000749   Thumb Code   112  rt_list.o(.text)
    rt_mbx_init                              0x000007cd   Thumb Code    32  rt_mailbox.o(.text)
    rt_mbx_send                              0x000007ed   Thumb Code   192  rt_mailbox.o(.text)
    rt_mbx_wait                              0x000008ad   Thumb Code   210  rt_mailbox.o(.text)
    rt_mbx_check                             0x0000097f   Thumb Code    12  rt_mailbox.o(.text)
    isr_mbx_send                             0x0000098b   Thumb Code    22  rt_mailbox.o(.text)
    isr_mbx_receive                          0x000009a1   Thumb Code    96  rt_mailbox.o(.text)
    rt_mbx_psh                               0x00000a01   Thumb Code   204  rt_mailbox.o(.text)
    rt_mem_init                              0x00000ad5   Thumb Code   124  rt_mem.o(.text)
    rt_mem_alloc                             0x00000b51   Thumb Code   140  rt_mem.o(.text)
    rt_mem_free                              0x00000bdd   Thumb Code    94  rt_mem.o(.text)
    _init_box                                0x00000c49   Thumb Code    88  rt_membox.o(.text)
    rt_alloc_box                             0x00000ca1   Thumb Code    30  rt_membox.o(.text)
    _calloc_box                              0x00000cbf   Thumb Code    40  rt_membox.o(.text)
    rt_free_box                              0x00000ce7   Thumb Code    36  rt_membox.o(.text)
    rt_mut_init                              0x00000d0d   Thumb Code    18  rt_mutex.o(.text)
    rt_mut_release                           0x00000d1f   Thumb Code   202  rt_mutex.o(.text)
    rt_mut_wait                              0x00000de9   Thumb Code   132  rt_mutex.o(.text)
    rt_init_robin                            0x00000e75   Thumb Code    14  rt_robin.o(.text)
    rt_chk_robin                             0x00000e83   Thumb Code    76  rt_robin.o(.text)
    rt_sem_init                              0x00000ee1   Thumb Code    16  rt_semaphore.o(.text)
    rt_sem_send                              0x00000ef1   Thumb Code    54  rt_semaphore.o(.text)
    rt_sem_wait                              0x00000f27   Thumb Code    76  rt_semaphore.o(.text)
    isr_sem_send                             0x00000f73   Thumb Code    20  rt_semaphore.o(.text)
    rt_sem_psh                               0x00000f87   Thumb Code    48  rt_semaphore.o(.text)
    rt_tsk_lock                              0x00000fc1   Thumb Code   100  rt_system.o(.text)
    rt_suspend                               0x00001025   Thumb Code    42  rt_system.o(.text)
    rt_tsk_unlock                            0x0000104f   Thumb Code   108  rt_system.o(.text)
    rt_resume                                0x000010bb   Thumb Code   212  rt_system.o(.text)
    rt_psh_req                               0x0000118f   Thumb Code    24  rt_system.o(.text)
    rt_pop_req                               0x000011a7   Thumb Code   152  rt_system.o(.text)
    os_tick_init                             0x0000123f   Thumb Code    42  rt_system.o(.text)
    os_tick_irqack                           0x00001269   Thumb Code     2  rt_system.o(.text)
    rt_systick                               0x0000126b   Thumb Code    56  rt_system.o(.text)
    rt_stk_check                             0x000012a3   Thumb Code    40  rt_system.o(.text)
    rt_switch_req                            0x00001365   Thumb Code    10  rt_task.o(.text)
    rt_dispatch                              0x0000136f   Thumb Code    72  rt_task.o(.text)
    rt_block                                 0x000013b7   Thumb Code    48  rt_task.o(.text)
    rt_tsk_pass                              0x000013e7   Thumb Code    36  rt_task.o(.text)
    rt_tsk_self                              0x0000140b   Thumb Code    18  rt_task.o(.text)
    rt_tsk_prio                              0x0000141d   Thumb Code   140  rt_task.o(.text)
    rt_tsk_create                            0x000014a9   Thumb Code    92  rt_task.o(.text)
    rt_tsk_delete                            0x00001505   Thumb Code   172  rt_task.o(.text)
    rt_sys_init                              0x000015b1   Thumb Code   404  rt_task.o(.text)
    rt_tsk_get                               0x00001745   Thumb Code   226  rt_task.o(.text)
    rt_time_get                              0x0000183d   Thumb Code     6  rt_time.o(.text)
    rt_dly_wait                              0x00001843   Thumb Code    14  rt_time.o(.text)
    rt_itv_set                               0x00001851   Thumb Code    20  rt_time.o(.text)
    rt_itv_wait                              0x00001865   Thumb Code    52  rt_time.o(.text)
    rt_tmr_tick                              0x000018a1   Thumb Code    66  rt_timer.o(.text)
    rt_tmr_create                            0x000018e3   Thumb Code    90  rt_timer.o(.text)
    rt_tmr_kill                              0x0000193d   Thumb Code    52  rt_timer.o(.text)
    Reset_Handler                            0x00001979   Thumb Code     4  startup_lpc17xx.o(.text)
    NMI_Handler                              0x0000197d   Thumb Code     2  startup_lpc17xx.o(.text)
    HardFault_Handler                        0x0000197f   Thumb Code     2  startup_lpc17xx.o(.text)
    MemManage_Handler                        0x00001981   Thumb Code     2  startup_lpc17xx.o(.text)
    BusFault_Handler                         0x00001983   Thumb Code     2  startup_lpc17xx.o(.text)
    UsageFault_Handler                       0x00001985   Thumb Code     2  startup_lpc17xx.o(.text)
    DebugMon_Handler                         0x00001989   Thumb Code     2  startup_lpc17xx.o(.text)
    ADC_IRQHandler                           0x0000198f   Thumb Code     0  startup_lpc17xx.o(.text)
    BOD_IRQHandler                           0x0000198f   Thumb Code     0  startup_lpc17xx.o(.text)
    CANActivity_IRQHandler                   0x0000198f   Thumb Code     0  startup_lpc17xx.o(.text)
    CAN_IRQHandler                           0x0000198f   Thumb Code     0  startup_lpc17xx.o(.text)
    DMA_IRQHandler                           0x0000198f   Thumb Code     0  startup_lpc17xx.o(.text)
    EINT0_IRQHandler                         0x0000198f   Thumb Code     0  startup_lpc17xx.o(.text)
    EINT1_IRQHandler                         0x0000198f   Thumb Code     0  startup_lpc17xx.o(.text)
    EINT2_IRQHandler                         0x0000198f   Thumb Code     0  startup_lpc17xx.o(.text)
    EINT3_IRQHandler                         0x0000198f   Thumb Code     0  startup_lpc17xx.o(.text)
    ENET_IRQHandler                          0x0000198f   Thumb Code     0  startup_lpc17xx.o(.text)
    I2C0_IRQHandler                          0x0000198f   Thumb Code     0  startup_lpc17xx.o(.text)
    I2C1_IRQHandler                          0x0000198f   Thumb Code     0  startup_lpc17xx.o(.text)
    I2C2_IRQHandler                          0x0000198f   Thumb Code     0  startup_lpc17xx.o(.text)
    I2S_IRQHandler                           0x0000198f   Thumb Code     0  startup_lpc17xx.o(.text)
    MCPWM_IRQHandler                         0x0000198f   Thumb Code     0  startup_lpc17xx.o(.text)
    PLL0_IRQHandler                          0x0000198f   Thumb Code     0  startup_lpc17xx.o(.text)
    PLL1_IRQHandler                          0x0000198f   Thumb Code     0  startup_lpc17xx.o(.text)
    PWM1_IRQHandler                          0x0000198f   Thumb Code     0  startup_lpc17xx.o(.text)
    QEI_IRQHandler                           0x0000198f   Thumb Code     0  startup_lpc17xx.o(.text)
    RIT_IRQHandler                           0x0000198f   Thumb Code     0  startup_lpc17xx.o(.text)
    RTC_IRQHandler                           0x0000198f   Thumb Code     0  startup_lpc17xx.o(.text)
    SPI_IRQHandler                           0x0000198f   Thumb Code     0  startup_lpc17xx.o(.text)
    SSP0_IRQHandler                          0x0000198f   Thumb Code     0  startup_lpc17xx.o(.text)
    SSP1_IRQHandler                          0x0000198f   Thumb Code     0  startup_lpc17xx.o(.text)
    TIMER0_IRQHandler                        0x0000198f   Thumb Code     0  startup_lpc17xx.o(.text)
    TIMER1_IRQHandler                        0x0000198f   Thumb Code     0  startup_lpc17xx.o(.text)
    TIMER2_IRQHandler                        0x0000198f   Thumb Code     0  startup_lpc17xx.o(.text)
    TIMER3_IRQHandler                        0x0000198f   Thumb Code     0  startup_lpc17xx.o(.text)
    UART0_IRQHandler                         0x0000198f   Thumb Code     0  startup_lpc17xx.o(.text)
    UART1_IRQHandler                         0x0000198f   Thumb Code     0  startup_lpc17xx.o(.text)
    UART2_IRQHandler                         0x0000198f   Thumb Code     0  startup_lpc17xx.o(.text)
    UART3_IRQHandler                         0x0000198f   Thumb Code     0  startup_lpc17xx.o(.text)
    USBActivity_IRQHandler                   0x0000198f   Thumb Code     0  startup_lpc17xx.o(.text)
    USB_IRQHandler                           0x0000198f   Thumb Code     0  startup_lpc17xx.o(.text)
    WDT_IRQHandler                           0x0000198f   Thumb Code     0  startup_lpc17xx.o(.text)
    __user_initial_stackheap                 0x00001991   Thumb Code     0  startup_lpc17xx.o(.text)
    sendchar                                 0x000019ad   Thumb Code    28  retarget.o(.text)
    getkey                                   0x000019c9   Thumb Code    10  retarget.o(.text)
    fputc                                    0x000019d3   Thumb Code    14  retarget.o(.text)
    fgetc                                    0x000019e1   Thumb Code    10  retarget.o(.text)
    ferror                                   0x000019eb   Thumb Code     8  retarget.o(.text)
    _ttywrch                                 0x000019f3   Thumb Code    12  retarget.o(.text)
    _sys_exit                                0x000019ff   Thumb Code     4  retarget.o(.text)
    os_idle_demon                            0x00001a05   Thumb Code     4  rtx_conf_cm.o(.text)
    os_tmr_call                              0x00001a09   Thumb Code     2  rtx_conf_cm.o(.text)
    os_error                                 0x00001a0b   Thumb Code     4  rtx_conf_cm.o(.text)
    __user_perthread_libspace                0x00001a0f   Thumb Code    26  rtx_conf_cm.o(.text)
    _mutex_initialize                        0x00001a29   Thumb Code    38  rtx_conf_cm.o(.text)
    _mutex_acquire                           0x00001a4f   Thumb Code    26  rtx_conf_cm.o(.text)
    _mutex_release                           0x00001a69   Thumb Code    22  rtx_conf_cm.o(.text)
    SER_init                                 0x00001a99   Thumb Code    78  serial.o(.text)
    SER_putChar                              0x00001ae7   Thumb Code    28  serial.o(.text)
    SER_getChar                              0x00001b03   Thumb Code    26  serial.o(.text)
    SER_getChar_nb                           0x00001b1d   Thumb Code    28  serial.o(.text)
    SER_putString                            0x00001b39   Thumb Code    26  serial.o(.text)
    SystemInit                               0x00001b61   Thumb Code   476  system_lpc17xx.o(.text)
    task3                                    0x00001d7d   Thumb Code    72  main.o(.text)
    task2                                    0x00001dc5   Thumb Code    72  main.o(.text)
    task1                                    0x00001e0d   Thumb Code    84  main.o(.text)
    task_init                                0x00001e61   Thumb Code    72  main.o(.text)
    main                                     0x00001ea9   Thumb Code    70  main.o(.text)
    __printf                                 0x00001ffd   Thumb Code   106  __printf.o(.text)
    _printf_int_dec                          0x00002069   Thumb Code   102  _printf_dec.o(.text)
    _printf_longlong_hex                     0x000020e1   Thumb Code    82  _printf_hex_int_ptr.o(.text)
    _printf_int_hex                          0x00002133   Thumb Code    26  _printf_hex_int_ptr.o(.text)
    _printf_hex_ptr                          0x0000214d   Thumb Code    16  _printf_hex_int_ptr.o(.text)
    __use_two_region_memory                  0x00002161   Thumb Code     2  heapauxi.o(.text)
    __rt_heap_escrow$2region                 0x00002163   Thumb Code     2  heapauxi.o(.text)
    __rt_heap_expand$2region                 0x00002165   Thumb Code     2  heapauxi.o(.text)
    _printf_int_common                       0x00002167   Thumb Code   184  _printf_intcommon.o(.text)
    _printf_char_file                        0x00002221   Thumb Code    32  _printf_char_file.o(.text)
    _printf_char_common                      0x0000224f   Thumb Code    32  _printf_char_common.o(.text)
    __user_setup_stackheap                   0x00002275   Thumb Code    74  sys_stackheap_outer.o(.text)
    exit                                     0x000022bf   Thumb Code    12  exit.o(.text)
    __rt_fp_status_addr                      0x000022cb   Thumb Code    10  rt_fp_status_addr_twolibspace.o(.text)
    _fp_init                                 0x000022d5   Thumb Code    14  fpinit.o(x$fpl$fpinit)
    __fplib_config_pureend_doubles           0x000022e1   Thumb Code     0  fpinit.o(x$fpl$fpinit)
    os_maxtaskrun                            0x000022e4   Data           2  rtx_conf_cm.o(.constdata)
    os_stackinfo                             0x000022e8   Data           4  rtx_conf_cm.o(.constdata)
    os_rrobin                                0x000022ec   Data           4  rtx_conf_cm.o(.constdata)
    os_trv                                   0x000022f0   Data           4  rtx_conf_cm.o(.constdata)
    os_flags                                 0x000022f4   Data           1  rtx_conf_cm.o(.constdata)
    os_clockrate                             0x000022f8   Data           4  rtx_conf_cm.o(.constdata)
    os_timernum                              0x000022fc   Data           4  rtx_conf_cm.o(.constdata)
    mp_tcb_size                              0x00002300   Data           2  rtx_conf_cm.o(.constdata)
    mp_stk_size                              0x00002304   Data           4  rtx_conf_cm.o(.constdata)
    os_fifo_size                             0x00002308   Data           1  rtx_conf_cm.o(.constdata)
    mp_tmr_size                              0x0000230a   Data           2  rtx_conf_cm.o(.constdata)
    Region$$Table$$Base                      0x00002334   Number         0  anon$$obj.o(Region$$Table)
    Region$$Table$$Limit                     0x00002354   Number         0  anon$$obj.o(Region$$Table)
    dbg_msg                                  0x10000000   Data           1  hal_cm3.o(.data)
    gp_mpool                                 0x10000004   Data           4  rt_mem.o(.data)
    os_robin                                 0x10000008   Data           8  rt_robin.o(.data)
    os_tick_irqn                             0x10000010   Data           4  rt_system.o(.data)
    os_tsk                                   0x10000018   Data           8  rt_task.o(.data)
    os_time                                  0x10000020   Data           4  rt_time.o(.data)
    os_tmr                                   0x10000024   Data           8  rt_timer.o(.data)
    __stdout                                 0x1000002c   Data           4  retarget.o(.data)
    __stdin                                  0x10000030   Data           4  retarget.o(.data)
    m_tmr                                    0x10000034   Data           4  rtx_conf_cm.o(.data)
    SystemFrequency                          0x1000003c   Data           4  system_lpc17xx.o(.data)
    os_rdy                                   0x10000040   Data          24  rt_list.o(.bss)
    os_dly                                   0x10000058   Data          24  rt_list.o(.bss)
    os_idle_TCB                              0x10000070   Data          52  rt_task.o(.bss)
    mp_tcb                                   0x100000a8   Data         396  rtx_conf_cm.o(.bss)
    mp_stk                                   0x10000238   Data        4624  rtx_conf_cm.o(.bss)
    os_fifo                                  0x10001448   Data         132  rtx_conf_cm.o(.bss)
    os_active_TCB                            0x100014cc   Data          32  rtx_conf_cm.o(.bss)
    mutex1                                   0x1000184c   Data          12  main.o(.bss)
    printf_mutex                             0x10001858   Data          12  main.o(.bss)
    __libspace_start                         0x10001864   Data          96  libspace.o(.bss)
    __temporary_stack_top$libspace           0x100018c4   Data           0  libspace.o(.bss)
    Image$$RW_IRAM1$$ZI$$Limit               0x10001ac8   Number         0  startup_lpc17xx.o(STACK)



==============================================================================

Memory Map of the image

  Image Entry point : 0x000000cd

  Load Region LR_IROM1 (Base: 0x00000000, Size: 0x00002394, Max: 0x00080000, ABSOLUTE)

    Execution Region ER_IROM1 (Base: 0x00000000, Size: 0x00002354, Max: 0x00080000, ABSOLUTE)

    Base Addr    Size         Type   Attr      Idx    E Section Name        Object

    0x00000000   0x000000cc   Data   RO          265    RESET               startup_lpc17xx.o
    0x000000cc   0x00000008   Code   RO          485  * !!!main             c_w.l(__main.o)
    0x000000d4   0x00000034   Code   RO          644    !!!scatter          c_w.l(__scatter.o)
    0x00000108   0x0000001a   Code   RO          646    !!handler_copy      c_w.l(__scatter_copy.o)
    0x00000122   0x00000002   PAD
    0x00000124   0x0000001c   Code   RO          648    !!handler_zi        c_w.l(__scatter_zi.o)
    0x00000140   0x00000000   Code   RO          482    .ARM.Collect$$_printf_percent$$00000000  c_w.l(_printf_percent.o)
    0x00000140   0x00000006   Code   RO          480    .ARM.Collect$$_printf_percent$$00000002  c_w.l(_printf_p.o)
    0x00000146   0x00000006   Code   RO          481    .ARM.Collect$$_printf_percent$$00000009  c_w.l(_printf_d.o)
    0x0000014c   0x00000006   Code   RO          479    .ARM.Collect$$_printf_percent$$0000000C  c_w.l(_printf_x.o)
    0x00000152   0x00000004   Code   RO          492    .ARM.Collect$$_printf_percent$$00000017  c_w.l(_printf_percent_end.o)
    0x00000156   0x00000006   Code   RO          521    .ARM.Collect$$libinit$$00000000  c_w.l(libinit.o)
    0x0000015c   0x00000000   Code   RO          526    .ARM.Collect$$libinit$$00000006  c_w.l(libinit2.o)
    0x0000015c   0x00000000   Code   RO          528    .ARM.Collect$$libinit$$00000008  c_w.l(libinit2.o)
    0x0000015c   0x00000000   Code   RO          530    .ARM.Collect$$libinit$$0000000A  c_w.l(libinit2.o)
    0x0000015c   0x00000000   Code   RO          533    .ARM.Collect$$libinit$$0000000D  c_w.l(libinit2.o)
    0x0000015c   0x00000000   Code   RO          535    .ARM.Collect$$libinit$$0000000F  c_w.l(libinit2.o)
    0x0000015c   0x00000000   Code   RO          537    .ARM.Collect$$libinit$$00000011  c_w.l(libinit2.o)
    0x0000015c   0x00000000   Code   RO          539    .ARM.Collect$$libinit$$00000013  c_w.l(libinit2.o)
    0x0000015c   0x00000000   Code   RO          541    .ARM.Collect$$libinit$$00000015  c_w.l(libinit2.o)
    0x0000015c   0x00000000   Code   RO          543    .ARM.Collect$$libinit$$00000017  c_w.l(libinit2.o)
    0x0000015c   0x00000000   Code   RO          545    .ARM.Collect$$libinit$$00000019  c_w.l(libinit2.o)
    0x0000015c   0x00000000   Code   RO          547    .ARM.Collect$$libinit$$0000001B  c_w.l(libinit2.o)
    0x0000015c   0x00000000   Code   RO          549    .ARM.Collect$$libinit$$0000001D  c_w.l(libinit2.o)
    0x0000015c   0x00000000   Code   RO          551    .ARM.Collect$$libinit$$0000001F  c_w.l(libinit2.o)
    0x0000015c   0x00000000   Code   RO          553    .ARM.Collect$$libinit$$00000021  c_w.l(libinit2.o)
    0x0000015c   0x00000000   Code   RO          557    .ARM.Collect$$libinit$$00000028  c_w.l(libinit2.o)
    0x0000015c   0x00000000   Code   RO          559    .ARM.Collect$$libinit$$0000002A  c_w.l(libinit2.o)
    0x0000015c   0x00000000   Code   RO          561    .ARM.Collect$$libinit$$0000002C  c_w.l(libinit2.o)
    0x0000015c   0x00000000   Code   RO          563    .ARM.Collect$$libinit$$0000002E  c_w.l(libinit2.o)
    0x0000015c   0x00000002   Code   RO          564    .ARM.Collect$$libinit$$0000002F  c_w.l(libinit2.o)
    0x0000015e   0x00000002   Code   RO          589    .ARM.Collect$$libshutdown$$00000000  c_w.l(libshutdown.o)
    0x00000160   0x00000000   Code   RO          600    .ARM.Collect$$libshutdown$$00000003  c_w.l(libshutdown2.o)
    0x00000160   0x00000000   Code   RO          603    .ARM.Collect$$libshutdown$$00000006  c_w.l(libshutdown2.o)
    0x00000160   0x00000000   Code   RO          606    .ARM.Collect$$libshutdown$$00000009  c_w.l(libshutdown2.o)
    0x00000160   0x00000000   Code   RO          608    .ARM.Collect$$libshutdown$$0000000B  c_w.l(libshutdown2.o)
    0x00000160   0x00000000   Code   RO          611    .ARM.Collect$$libshutdown$$0000000E  c_w.l(libshutdown2.o)
    0x00000160   0x00000002   Code   RO          612    .ARM.Collect$$libshutdown$$0000000F  c_w.l(libshutdown2.o)
    0x00000162   0x00000000   Code   RO          487    .ARM.Collect$$rtentry$$00000000  c_w.l(rtentry.o)
    0x00000162   0x00000000   Code   RO          494    .ARM.Collect$$rtentry$$00000002  c_w.l(rtentry2.o)
    0x00000162   0x00000006   Code   RO          506    .ARM.Collect$$rtentry$$00000004  c_w.l(rtentry4.o)
    0x00000168   0x00000000   Code   RO          496    .ARM.Collect$$rtentry$$00000009  c_w.l(rtentry2.o)
    0x00000168   0x00000004   Code   RO          497    .ARM.Collect$$rtentry$$0000000A  c_w.l(rtentry2.o)
    0x0000016c   0x00000000   Code   RO          499    .ARM.Collect$$rtentry$$0000000C  c_w.l(rtentry2.o)
    0x0000016c   0x00000008   Code   RO          500    .ARM.Collect$$rtentry$$0000000D  c_w.l(rtentry2.o)
    0x00000174   0x00000002   Code   RO          522    .ARM.Collect$$rtexit$$00000000  c_w.l(rtexit.o)
    0x00000176   0x00000000   Code   RO          568    .ARM.Collect$$rtexit$$00000002  c_w.l(rtexit2.o)
    0x00000176   0x00000004   Code   RO          569    .ARM.Collect$$rtexit$$00000003  c_w.l(rtexit2.o)
    0x0000017a   0x00000006   Code   RO          570    .ARM.Collect$$rtexit$$00000004  c_w.l(rtexit2.o)
    0x00000180   0x00000154   Code   RO            6    .emb_text           hal_cm3.o
    0x000002d4   0x00000008   Code   RO          425    .text               c_w.l(libspace.o)
    0x000002dc   0x00000002   Code   RO          428    .text               c_w.l(use_no_semi.o)
    0x000002de   0x00000002   PAD
    0x000002e0   0x00000018   Code   RO          432    .text               c_w.l(noretval__2printf.o)
    0x000002f8   0x00000004   Code   RO            1    SVC_TABLE           svc_table.o
    0x000002fc   0x00000004   Code   RO          266    .ARM.__at_0x02FC    startup_lpc17xx.o
    0x00000300   0x000000cc   Code   RO            7    .text               hal_cm3.o
    0x000003cc   0x00000174   Code   RO           52    .text               rt_event.o
    0x00000540   0x0000028c   Code   RO           64    .text               rt_list.o
    0x000007cc   0x00000308   Code   RO           91    .text               rt_mailbox.o
    0x00000ad4   0x00000174   Code   RO          107    .text               rt_mem.o
    0x00000c48   0x000000c2   Code   RO          126    .text               rt_membox.o
    0x00000d0a   0x00000002   PAD
    0x00000d0c   0x00000168   Code   RO          138    .text               rt_mutex.o
    0x00000e74   0x0000006c   Code   RO          150    .text               rt_robin.o
    0x00000ee0   0x000000e0   Code   RO          165    .text               rt_semaphore.o
    0x00000fc0   0x00000344   Code   RO          178    .text               rt_system.o
    0x00001304   0x00000538   Code   RO          207    .text               rt_task.o
    0x0000183c   0x00000064   Code   RO          233    .text               rt_time.o
    0x000018a0   0x000000d8   Code   RO          248    .text               rt_timer.o
    0x00001978   0x00000034   Code   RO          267    .text               startup_lpc17xx.o
    0x000019ac   0x00000056   Code   RO          273    .text               retarget.o
    0x00001a02   0x00000002   PAD
    0x00001a04   0x00000094   Code   RO          298    .text               rtx_conf_cm.o
    0x00001a98   0x000000c8   Code   RO          324    .text               serial.o
    0x00001b60   0x0000021c   Code   RO          364    .text               system_lpc17xx.o
    0x00001d7c   0x00000280   Code   RO          394    .text               main.o
    0x00001ffc   0x0000006a   Code   RO          434    .text               c_w.l(__printf.o)
    0x00002066   0x00000002   PAD
    0x00002068   0x00000078   Code   RO          436    .text               c_w.l(_printf_dec.o)
    0x000020e0   0x00000080   Code   RO          450    .text               c_w.l(_printf_hex_int_ptr.o)
    0x00002160   0x00000006   Code   RO          483    .text               c_w.l(heapauxi.o)
    0x00002166   0x000000b8   Code   RO          488    .text               c_w.l(_printf_intcommon.o)
    0x0000221e   0x00000002   PAD
    0x00002220   0x00000024   Code   RO          490    .text               c_w.l(_printf_char_file.o)
    0x00002244   0x00000030   Code   RO          508    .text               c_w.l(_printf_char_common.o)
    0x00002274   0x0000004a   Code   RO          510    .text               c_w.l(sys_stackheap_outer.o)
    0x000022be   0x0000000c   Code   RO          514    .text               c_w.l(exit.o)
    0x000022ca   0x0000000a   Code   RO          579    .text               c_w.l(rt_fp_status_addr_twolibspace.o)
    0x000022d4   0x0000000e   Code   RO          565    x$fpl$fpinit        fz_ws.l(fpinit.o)
    0x000022e2   0x00000002   PAD
    0x000022e4   0x00000028   Data   RO          300    .constdata          rtx_conf_cm.o
    0x0000230c   0x00000028   Data   RO          451    .constdata          c_w.l(_printf_hex_int_ptr.o)
    0x00002334   0x00000020   Data   RO          642    Region$$Table       anon$$obj.o


    Execution Region RW_IRAM1 (Base: 0x10000000, Size: 0x00001ac8, Max: 0x00008000, ABSOLUTE)

    Base Addr    Size         Type   Attr      Idx    E Section Name        Object

    0x10000000   0x00000001   Data   RW            8    .data               hal_cm3.o
    0x10000001   0x00000003   PAD
    0x10000004   0x00000004   Data   RW          108    .data               rt_mem.o
    0x10000008   0x00000008   Data   RW          151    .data               rt_robin.o
    0x10000010   0x00000007   Data   RW          179    .data               rt_system.o
    0x10000017   0x00000001   PAD
    0x10000018   0x00000008   Data   RW          209    .data               rt_task.o
    0x10000020   0x00000004   Data   RW          234    .data               rt_time.o
    0x10000024   0x00000008   Data   RW          249    .data               rt_timer.o
    0x1000002c   0x00000008   Data   RW          274    .data               retarget.o
    0x10000034   0x00000008   Data   RW          301    .data               rtx_conf_cm.o
    0x1000003c   0x00000004   Data   RW          365    .data               system_lpc17xx.o
    0x10000040   0x00000030   Zero   RW           65    .bss                rt_list.o
    0x10000070   0x00000034   Zero   RW          208    .bss                rt_task.o
    0x100000a4   0x00000004   PAD
    0x100000a8   0x000017a4   Zero   RW          299    .bss                rtx_conf_cm.o
    0x1000184c   0x00000018   Zero   RW          395    .bss                main.o
    0x10001864   0x00000060   Zero   RW          426    .bss                c_w.l(libspace.o)
    0x100018c4   0x00000004   PAD
    0x100018c8   0x00000000   Zero   RW          264    HEAP                startup_lpc17xx.o
    0x100018c8   0x00000200   Zero   RW          263    STACK               startup_lpc17xx.o


==============================================================================

Image component sizes


      Code (inc. data)   RO Data    RW Data    ZI Data      Debug   Object Name

       544         62          0          1          0       5375   hal_cm3.o
       640        270          0          0         24       2645   main.o
        86          0          0          8          0       3082   retarget.o
       372         12          0          0          0       2050   rt_event.o
       652         20          0          0         48       5758   rt_list.o
       776          8          0          0          0       2691   rt_mailbox.o
       372         14          0          4          0       1862   rt_mem.o
       194          0          0          0          0       1581   rt_membox.o
       360          8          0          0          0       1289   rt_mutex.o
       108         18          0          8          0        760   rt_robin.o
       224         10          0          0          0       1546   rt_semaphore.o
       836         58          0          7          0       3096   rt_system.o
      1336         98          0          8         52       5679   rt_task.o
       100          8          0          4          0       1167   rt_time.o
       216          8          0          8          0       1469   rt_timer.o
       148         26         40          8       6052      10261   rtx_conf_cm.o
       200         14          0          0          0      21036   serial.o
        56         22        204          0        512        916   startup_lpc17xx.o
         4          4          0          0          0        204   svc_table.o
       540         64          0          4          0        735   system_lpc17xx.o

    ----------------------------------------------------------------------
      7768        724        276         64       6692      73202   Object Totals
         0          0         32          0          0          0   (incl. Generated)
         4          0          0          4          4          0   (incl. Padding)

    ----------------------------------------------------------------------

      Code (inc. data)   RO Data    RW Data    ZI Data      Debug   Library Member Name

         8          0          0          0          0         68   __main.o
       106          0          0          0          0         84   __printf.o
        52          8          0          0          0          0   __scatter.o
        26          0          0          0          0          0   __scatter_copy.o
        28          0          0          0          0          0   __scatter_zi.o
        48          6          0          0          0         96   _printf_char_common.o
        36          4          0          0          0         80   _printf_char_file.o
         6          0          0          0          0          0   _printf_d.o
       120         18          0          0          0         92   _printf_dec.o
       128          4         40          0          0        144   _printf_hex_int_ptr.o
       184          0          0          0          0         88   _printf_intcommon.o
         6          0          0          0          0          0   _printf_p.o
         0          0          0          0          0          0   _printf_percent.o
         4          0          0          0          0          0   _printf_percent_end.o
         6          0          0          0          0          0   _printf_x.o
        12          0          0          0          0         72   exit.o
         6          0          0          0          0        152   heapauxi.o
         6          0          0          0          0          0   libinit.o
         2          0          0          0          0          0   libinit2.o
         2          0          0          0          0          0   libshutdown.o
         2          0          0          0          0          0   libshutdown2.o
         8          4          0          0         96         68   libspace.o
        24          4          0          0          0         84   noretval__2printf.o
        10          0          0          0          0         76   rt_fp_status_addr_twolibspace.o
         0          0          0          0          0          0   rtentry.o
        12          0          0          0          0          0   rtentry2.o
         6          0          0          0          0          0   rtentry4.o
         2          0          0          0          0          0   rtexit.o
        10          0          0          0          0          0   rtexit2.o
        74          0          0          0          0         80   sys_stackheap_outer.o
         2          0          0          0          0         68   use_no_semi.o
        14          0          0          0          0         76   fpinit.o

    ----------------------------------------------------------------------
       960         48         40          0        100       1328   Library Totals
        10          0          0          0          4          0   (incl. Padding)

    ----------------------------------------------------------------------

      Code (inc. data)   RO Data    RW Data    ZI Data      Debug   Library Name

       936         48         40          0         96       1252   c_w.l
        14          0          0          0          0         76   fz_ws.l

    ----------------------------------------------------------------------
       960         48         40          0        100       1328   Library Totals

    ----------------------------------------------------------------------

==============================================================================


      Code (inc. data)   RO Data    RW Data    ZI Data      Debug   

      8728        772        316         64       6792      72086   Grand Totals
      8728        772        316         64       6792      72086   ELF Image Totals
      8728        772        316         64          0          0   ROM Totals

==============================================================================

    Total RO  Size (Code + RO Data)                 9044 (   8.83kB)
    Total RW  Size (RW Data + ZI Data)              6856 (   6.70kB)
    Total ROM Size (Code + RO Data + RW Data)       9108 (   8.89kB)

==============================================================================

