Archive member included because of file (symbol)

../lab1_phase1_bsp\libhal_bsp.a(alt_irq_register.o)
                              obj/lab1_phase1.o (alt_irq_register)
../lab1_phase1_bsp\libhal_bsp.a(alt_irq_vars.o)
                              ../lab1_phase1_bsp\libhal_bsp.a(alt_irq_register.o) (alt_irq_active)
../lab1_phase1_bsp\libhal_bsp.a(alt_load.o)
                              ../lab1_phase1_bsp/obj/HAL/src/crt0.o (alt_load)
../lab1_phase1_bsp\libhal_bsp.a(alt_main.o)
                              ../lab1_phase1_bsp/obj/HAL/src/crt0.o (alt_main)
../lab1_phase1_bsp\libhal_bsp.a(alt_sys_init.o)
                              ../lab1_phase1_bsp\libhal_bsp.a(alt_main.o) (alt_irq_init)
../lab1_phase1_bsp\libhal_bsp.a(altera_avalon_jtag_uart_fd.o)
                              ../lab1_phase1_bsp\libhal_bsp.a(alt_sys_init.o) (altera_avalon_jtag_uart_read_fd)
../lab1_phase1_bsp\libhal_bsp.a(altera_avalon_jtag_uart_init.o)
                              ../lab1_phase1_bsp\libhal_bsp.a(alt_sys_init.o) (altera_avalon_jtag_uart_init)
../lab1_phase1_bsp\libhal_bsp.a(altera_avalon_jtag_uart_ioctl.o)
                              ../lab1_phase1_bsp\libhal_bsp.a(altera_avalon_jtag_uart_fd.o) (altera_avalon_jtag_uart_ioctl)
../lab1_phase1_bsp\libhal_bsp.a(altera_avalon_jtag_uart_read.o)
                              ../lab1_phase1_bsp\libhal_bsp.a(altera_avalon_jtag_uart_fd.o) (altera_avalon_jtag_uart_read)
../lab1_phase1_bsp\libhal_bsp.a(altera_avalon_jtag_uart_write.o)
                              ../lab1_phase1_bsp\libhal_bsp.a(altera_avalon_jtag_uart_fd.o) (altera_avalon_jtag_uart_write)
../lab1_phase1_bsp\libhal_bsp.a(altera_avalon_lcd_16207.o)
                              ../lab1_phase1_bsp\libhal_bsp.a(alt_sys_init.o) (altera_avalon_lcd_16207_init)
../lab1_phase1_bsp\libhal_bsp.a(altera_avalon_lcd_16207_fd.o)
                              ../lab1_phase1_bsp\libhal_bsp.a(alt_sys_init.o) (altera_avalon_lcd_16207_write_fd)
../lab1_phase1_bsp\libhal_bsp.a(altera_avalon_timer_sc.o)
                              ../lab1_phase1_bsp\libhal_bsp.a(alt_sys_init.o) (alt_avalon_timer_sc_init)
../lab1_phase1_bsp\libhal_bsp.a(alt_alarm_start.o)
                              ../lab1_phase1_bsp\libhal_bsp.a(altera_avalon_jtag_uart_init.o) (alt_alarm_start)
../lab1_phase1_bsp\libhal_bsp.a(alt_close.o)
                              ../lab1_phase1_bsp\libhal_bsp.a(alt_main.o) (close)
../lab1_phase1_bsp\libhal_bsp.a(alt_dcache_flush_all.o)
                              ../lab1_phase1_bsp\libhal_bsp.a(alt_load.o) (alt_dcache_flush_all)
../lab1_phase1_bsp\libhal_bsp.a(alt_dev.o)
                              ../lab1_phase1_bsp\libhal_bsp.a(alt_sys_init.o) (alt_dev_list)
../lab1_phase1_bsp\libhal_bsp.a(alt_dev_llist_insert.o)
                              ../lab1_phase1_bsp\libhal_bsp.a(alt_sys_init.o) (alt_dev_llist_insert)
../lab1_phase1_bsp\libhal_bsp.a(alt_do_ctors.o)
                              ../lab1_phase1_bsp\libhal_bsp.a(alt_main.o) (_do_ctors)
../lab1_phase1_bsp\libhal_bsp.a(alt_do_dtors.o)
                              ../lab1_phase1_bsp\libhal_bsp.a(alt_main.o) (_do_dtors)
../lab1_phase1_bsp\libhal_bsp.a(alt_errno.o)
                              ../lab1_phase1_bsp\libhal_bsp.a(alt_close.o) (alt_errno)
../lab1_phase1_bsp\libhal_bsp.a(alt_icache_flush_all.o)
                              ../lab1_phase1_bsp\libhal_bsp.a(alt_load.o) (alt_icache_flush_all)
../lab1_phase1_bsp\libhal_bsp.a(alt_iic.o)
                              ../lab1_phase1_bsp\libhal_bsp.a(altera_avalon_jtag_uart_init.o) (alt_ic_isr_register)
../lab1_phase1_bsp\libhal_bsp.a(alt_iic_isr_register.o)
                              ../lab1_phase1_bsp\libhal_bsp.a(alt_iic.o) (alt_iic_isr_register)
../lab1_phase1_bsp\libhal_bsp.a(alt_io_redirect.o)
                              ../lab1_phase1_bsp\libhal_bsp.a(alt_main.o) (alt_io_redirect)
../lab1_phase1_bsp\libhal_bsp.a(alt_irq_entry.o)
                              ../lab1_phase1_bsp\libhal_bsp.a(alt_irq_register.o) (alt_irq_entry)
../lab1_phase1_bsp\libhal_bsp.a(alt_irq_handler.o)
                              ../lab1_phase1_bsp\libhal_bsp.a(alt_irq_register.o) (alt_irq_handler)
../lab1_phase1_bsp\libhal_bsp.a(alt_open.o)
                              ../lab1_phase1_bsp\libhal_bsp.a(alt_io_redirect.o) (open)
../lab1_phase1_bsp\libhal_bsp.a(alt_release_fd.o)
                              ../lab1_phase1_bsp\libhal_bsp.a(alt_close.o) (alt_release_fd)
../lab1_phase1_bsp\libhal_bsp.a(alt_tick.o)
                              ../lab1_phase1_bsp\libhal_bsp.a(altera_avalon_jtag_uart_init.o) (_alt_tick_rate)
../lab1_phase1_bsp\libhal_bsp.a(alt_usleep.o)
                              ../lab1_phase1_bsp\libhal_bsp.a(altera_avalon_lcd_16207.o) (usleep)
../lab1_phase1_bsp\libhal_bsp.a(altera_nios2_irq.o)
                              ../lab1_phase1_bsp\libhal_bsp.a(alt_sys_init.o) (altera_nios2_irq_init)
[...]
Memory Configuration

Name             Origin             Length             Attributes
reset            0x00800000         0x00000020
sdram_0          0x00800020         0x007fffe0
*default*        0x00000000         0xffffffff

Linker script and memory map

LOAD ../lab1_phase1_bsp/obj/HAL/src/crt0.o
LOAD obj/lab1_phase1.o
LOAD c:/software/altera/10.1/nios2eds/bin/gnu/h-i686-mingw32/bin/../lib/gcc/nios2-elf/4.1.2/../../../../nios2-elf/lib/mno-hw-mul\libstdc++.a
LOAD c:/software/altera/10.1/nios2eds/bin/gnu/h-i686-mingw32/bin/../lib/gcc/nios2-elf/4.1.2/../../../../nios2-elf/lib/mno-hw-mul\libm.a
LOAD c:/software/altera/10.1/nios2eds/bin/gnu/h-i686-mingw32/bin/../lib/gcc/nios2-elf/4.1.2/mno-hw-mul\libgcc.a
START GROUP
LOAD c:/software/altera/10.1/nios2eds/bin/gnu/h-i686-mingw32/bin/../lib/gcc/nios2-elf/4.1.2/../../../../nios2-elf/lib/mno-hw-mul\libc.a
LOAD c:/software/altera/10.1/nios2eds/bin/gnu/h-i686-mingw32/bin/../lib/gcc/nios2-elf/4.1.2/mno-hw-mul\libgcc.a
LOAD ../lab1_phase1_bsp\libhal_bsp.a
END GROUP
LOAD c:/software/altera/10.1/nios2eds/bin/gnu/h-i686-mingw32/bin/../lib/gcc/nios2-elf/4.1.2/mno-hw-mul\libgcc.a
                0x00800000                __alt_mem_sdram_0 = 0x800000

.entry          0x00800000       0x20
 *(.entry)
 .entry         0x00800000       0x20 ../lab1_phase1_bsp/obj/HAL/src/crt0.o
                0x00800000                __reset

.exceptions     0x00800020      0x194
                0x00800020                PROVIDE (__ram_exceptions_start, ABSOLUTE (.))
                0x00800020                . = ALIGN (0x20)
 *(.irq)
 *(.exceptions.entry.label)
 .exceptions.entry.label
                0x00800020        0x0 ../lab1_phase1_bsp\libhal_bsp.a(alt_irq_entry.o)
                0x00800020                alt_irq_entry
 .exceptions.entry.label
                0x00800020        0x0 ../lab1_phase1_bsp\libhal_bsp.a(alt_exception_entry.o)
                0x00800020                alt_exception
 *(.exceptions.entry.user)
 *(.exceptions.entry)
 .exceptions.entry
                0x00800020       0x54 ../lab1_phase1_bsp\libhal_bsp.a(alt_exception_entry.o)
 *(.exceptions.irqtest.user)
 *(.exceptions.irqtest)
 .exceptions.irqtest
                0x00800074       0x10 ../lab1_phase1_bsp\libhal_bsp.a(alt_irq_entry.o)
 *(.exceptions.irqhandler.user)
 *(.exceptions.irqhandler)
 .exceptions.irqhandler
                0x00800084        0x4 ../lab1_phase1_bsp\libhal_bsp.a(alt_irq_entry.o)
 *(.exceptions.irqreturn.user)
 *(.exceptions.irqreturn)
 .exceptions.irqreturn
                0x00800088        0x4 ../lab1_phase1_bsp\libhal_bsp.a(alt_irq_entry.o)
 *(.exceptions.notirq.label)
 .exceptions.notirq.label
                0x0080008c        0x0 ../lab1_phase1_bsp\libhal_bsp.a(alt_irq_entry.o)
 *(.exceptions.notirq.user)
 *(.exceptions.notirq)
 .exceptions.notirq
                0x0080008c        0x8 ../lab1_phase1_bsp\libhal_bsp.a(alt_exception_entry.o)
 *(.exceptions.soft.user)
 *(.exceptions.soft)
 *(.exceptions.unknown.user)
 *(.exceptions.unknown)
 .exceptions.unknown
                0x00800094        0x4 ../lab1_phase1_bsp\libhal_bsp.a(alt_exception_entry.o)
 *(.exceptions.exit.label)
 .exceptions.exit.label
                0x00800098        0x0 ../lab1_phase1_bsp\libhal_bsp.a(alt_irq_entry.o)
 .exceptions.exit.label
                0x00800098        0x0 ../lab1_phase1_bsp\libhal_bsp.a(alt_exception_entry.o)
 *(.exceptions.exit.user)
 *(.exceptions.exit)
 .exceptions.exit
                0x00800098       0x54 ../lab1_phase1_bsp\libhal_bsp.a(alt_exception_entry.o)
 *(.exceptions)
 .exceptions    0x008000ec       0xc8 ../lab1_phase1_bsp\libhal_bsp.a(alt_irq_handler.o)
                0x008000ec                alt_irq_handler
                0x008001b4                PROVIDE (__ram_exceptions_end, ABSOLUTE (.))
                0x00800020                PROVIDE (__flash_exceptions_start, LOADADDR (.exceptions))

.text           0x008001b4     0x3d80
                0x008001b4                PROVIDE (stext, ABSOLUTE (.))
 *(.interp)
 *(.hash)
 *(.dynsym)
 *(.dynstr)
 *(.gnu.version)
 *(.gnu.version_d)
 *(.gnu.version_r)
 *(.rel.init)
 *(.rela.init)
 *(.rel.text .rel.text.* .rel.gnu.linkonce.t.*)
 *(.rela.text .rela.text.* .rela.gnu.linkonce.t.*)
 *(.rel.fini)
 *(.rela.fini)
 *(.rel.rodata .rel.rodata.* .rel.gnu.linkonce.r.*)
 *(.rela.rodata .rela.rodata.* .rela.gnu.linkonce.r.*)
 *(.rel.data .rel.data.* .rel.gnu.linkonce.d.*)
 *(.rela.data .rela.data.* .rela.gnu.linkonce.d.*)
 *(.rel.tdata .rel.tdata.* .rel.gnu.linkonce.td.*)
 *(.rela.tdata .rela.tdata.* .rela.gnu.linkonce.td.*)
 *(.rel.tbss .rel.tbss.* .rel.gnu.linkonce.tb.*)
 *(.rela.tbss .rela.tbss.* .rela.gnu.linkonce.tb.*)
 *(.rel.ctors)
 *(.rela.ctors)
 *(.rel.dtors)
 *(.rela.dtors)
 *(.rel.got)
 *(.rela.got)
 *(.rel.sdata .rel.sdata.* .rel.gnu.linkonce.s.*)
 *(.rela.sdata .rela.sdata.* .rela.gnu.linkonce.s.*)
 *(.rel.sbss .rel.sbss.* .rel.gnu.linkonce.sb.*)
 *(.rela.sbss .rela.sbss.* .rela.gnu.linkonce.sb.*)
 *(.rel.sdata2 .rel.sdata2.* .rel.gnu.linkonce.s2.*)
 *(.rela.sdata2 .rela.sdata2.* .rela.gnu.linkonce.s2.*)
 *(.rel.sbss2 .rel.sbss2.* .rel.gnu.linkonce.sb2.*)
 *(.rela.sbss2 .rela.sbss2.* .rela.gnu.linkonce.sb2.*)
 *(.rel.bss .rel.bss.* .rel.gnu.linkonce.b.*)
 *(.rela.bss .rela.bss.* .rela.gnu.linkonce.b.*)
 *(.rel.plt)
 *(.rela.plt)
 *(.rel.dyn)
 *(.init)
 *(.plt)
 *(.text .stub .text.* .gnu.linkonce.t.*)
 .text          0x008001b4       0x3c ../lab1_phase1_bsp/obj/HAL/src/crt0.o
                0x008001b4                _start
 .text          0x008001f0      0x3a8 obj/lab1_phase1.o
                0x00800468                main
 .text          0x00800598      0x1c0 ../lab1_phase1_bsp\libhal_bsp.a(alt_irq_register.o)
                0x00800598                alt_irq_register
 .text          0x00800758        0x0 ../lab1_phase1_bsp\libhal_bsp.a(alt_irq_vars.o)
 .text          0x00800758       0xec ../lab1_phase1_bsp\libhal_bsp.a(alt_load.o)
                0x00800758                alt_load
 .text          0x00800844       0x6c ../lab1_phase1_bsp\libhal_bsp.a(alt_main.o)
                0x00800844                alt_main
 .text          0x008008b0       0xe0 ../lab1_phase1_bsp\libhal_bsp.a(alt_sys_init.o)
                0x008008b0                alt_irq_init
                0x008008e4                alt_sys_init
 .text          0x00800990      0x148 ../lab1_phase1_bsp\libhal_bsp.a(altera_avalon_jtag_uart_fd.o)
                0x00800990                altera_avalon_jtag_uart_read_fd
                0x008009e8                altera_avalon_jtag_uart_write_fd
                0x00800a40                altera_avalon_jtag_uart_close_fd
                0x00800a88                altera_avalon_jtag_uart_ioctl_fd
 .text          0x00800ad8      0x40c ../lab1_phase1_bsp\libhal_bsp.a(altera_avalon_jtag_uart_init.o)
                0x00800ad8                altera_avalon_jtag_uart_init
                0x00800e70                altera_avalon_jtag_uart_close
 .text          0x00800ee4       0xf4 ../lab1_phase1_bsp\libhal_bsp.a(altera_avalon_jtag_uart_ioctl.o)
                0x00800ee4                altera_avalon_jtag_uart_ioctl
 .text          0x00800fd8      0x224 ../lab1_phase1_bsp\libhal_bsp.a(altera_avalon_jtag_uart_read.o)
                0x00800fd8                altera_avalon_jtag_uart_read
 .text          0x008011fc      0x240 ../lab1_phase1_bsp\libhal_bsp.a(altera_avalon_jtag_uart_write.o)
                0x008011fc                altera_avalon_jtag_uart_write
 .text          0x0080143c      0xf80 ../lab1_phase1_bsp\libhal_bsp.a(altera_avalon_lcd_16207.o)
                0x00801c78                altera_avalon_lcd_16207_write
                0x00802280                altera_avalon_lcd_16207_init
 .text          0x008023bc       0x58 ../lab1_phase1_bsp\libhal_bsp.a(altera_avalon_lcd_16207_fd.o)
                0x008023bc                altera_avalon_lcd_16207_write_fd
 .text          0x00802414      0x100 ../lab1_phase1_bsp\libhal_bsp.a(altera_avalon_timer_sc.o)
                0x00802484                alt_avalon_timer_sc_init
 .text          0x00802514      0x154 ../lab1_phase1_bsp\libhal_bsp.a(alt_alarm_start.o)
                0x00802514                alt_alarm_start
 .text          0x00802668      0x160 ../lab1_phase1_bsp\libhal_bsp.a(alt_close.o)
                0x00802668                close
 .text          0x008027c8       0x1c ../lab1_phase1_bsp\libhal_bsp.a(alt_dcache_flush_all.o)
                0x008027c8                alt_dcache_flush_all
 .text          0x008027e4       0x2c ../lab1_phase1_bsp\libhal_bsp.a(alt_dev.o)
 .text          0x00802810      0x114 ../lab1_phase1_bsp\libhal_bsp.a(alt_dev_llist_insert.o)
                0x00802810                alt_dev_llist_insert
 .text          0x00802924       0x64 ../lab1_phase1_bsp\libhal_bsp.a(alt_do_ctors.o)
                0x00802924                _do_ctors
 .text          0x00802988       0x64 ../lab1_phase1_bsp\libhal_bsp.a(alt_do_dtors.o)
                0x00802988                _do_dtors
 .text          0x008029ec        0x0 ../lab1_phase1_bsp\libhal_bsp.a(alt_errno.o)
 .text          0x008029ec       0x30 ../lab1_phase1_bsp\libhal_bsp.a(alt_icache_flush_all.o)
                0x008029ec                alt_icache_flush_all
 .text          0x00802a1c      0x1d4 ../lab1_phase1_bsp\libhal_bsp.a(alt_iic.o)
                0x00802a1c                alt_ic_isr_register
                0x00802a6c                alt_ic_irq_enable
                0x00802b08                alt_ic_irq_disable
                0x00802ba8                alt_ic_irq_enabled
 .text          0x00802bf0       0xf8 ../lab1_phase1_bsp\libhal_bsp.a(alt_iic_isr_register.o)
                0x00802bf0                alt_iic_isr_register
 .text          0x00802ce8      0x150 ../lab1_phase1_bsp\libhal_bsp.a(alt_io_redirect.o)
                0x00802dc0                alt_io_redirect
 .text          0x00802e38        0x0 ../lab1_phase1_bsp\libhal_bsp.a(alt_irq_entry.o)
 .text          0x00802e38        0x0 ../lab1_phase1_bsp\libhal_bsp.a(alt_irq_handler.o)
 .text          0x00802e38      0x2e4 ../lab1_phase1_bsp\libhal_bsp.a(alt_open.o)
                0x00802f30                open
 .text          0x0080311c       0x78 ../lab1_phase1_bsp\libhal_bsp.a(alt_release_fd.o)
                0x0080311c                alt_release_fd
 .text          0x00803194      0x1a4 ../lab1_phase1_bsp\libhal_bsp.a(alt_tick.o)
                0x00803194                alt_alarm_stop
                0x0080322c                alt_tick
 .text          0x00803338       0x30 ../lab1_phase1_bsp\libhal_bsp.a(alt_usleep.o)
                0x00803338                usleep
 .text          0x00803368       0x20 ../lab1_phase1_bsp\libhal_bsp.a(altera_nios2_irq.o)
                0x00803368                altera_nios2_irq_init
 .text          0x00803388      0x15c ../lab1_phase1_bsp\libhal_bsp.a(alt_busy_sleep.o)
                0x00803388                alt_busy_sleep
 .text          0x008034e4        0x0 ../lab1_phase1_bsp\libhal_bsp.a(alt_exception_entry.o)
 .text          0x008034e4       0x94 ../lab1_phase1_bsp\libhal_bsp.a(alt_find_dev.o)
                0x008034e4                alt_find_dev
 .text          0x00803578      0x120 ../lab1_phase1_bsp\libhal_bsp.a(alt_find_file.o)
                0x00803578                alt_find_file
 .text          0x00803698       0xd0 ../lab1_phase1_bsp\libhal_bsp.a(alt_get_fd.o)
                0x00803698                alt_get_fd
 .text          0x00803768       0x90 ../lab1_phase1_bsp\libhal_bsp.a(alt_icache_flush.o)
                0x00803768                alt_icache_flush
 .text          0x008037f8       0x14 c:/software/altera/10.1/nios2eds/bin/gnu/h-i686-mingw32/bin/../lib/gcc/nios2-elf/4.1.2/../../../../nios2-elf/lib/mno-hw-mul\libc.a(lib_a-atexit.o)
                0x008037f8                atexit
 .text          0x0080380c        0x0 c:/software/altera/10.1/nios2eds/bin/gnu/h-i686-mingw32/bin/../lib/gcc/nios2-elf/4.1.2/../../../../nios2-elf/lib/mno-hw-mul\libc.a(lib_a-ctype_.o)
 .text          0x0080380c       0x38 c:/software/altera/10.1/nios2eds/bin/gnu/h-i686-mingw32/bin/../lib/gcc/nios2-elf/4.1.2/../../../../nios2-elf/lib/mno-hw-mul\libc.a(lib_a-exit.o)
                0x0080380c                exit
 .text          0x00803844        0x0 c:/software/altera/10.1/nios2eds/bin/gnu/h-i686-mingw32/bin/../lib/gcc/nios2-elf/4.1.2/../../../../nios2-elf/lib/mno-hw-mul\libc.a(lib_a-impure.o)
 .text          0x00803844        0x0 c:/software/altera/10.1/nios2eds/bin/gnu/h-i686-mingw32/bin/../lib/gcc/nios2-elf/4.1.2/../../../../nios2-elf/lib/mno-hw-mul\libc.a(lib_a-int_errno.o)
 .text          0x00803844       0x74 c:/software/altera/10.1/nios2eds/bin/gnu/h-i686-mingw32/bin/../lib/gcc/nios2-elf/4.1.2/../../../../nios2-elf/lib/mno-hw-mul\libc.a(lib_a-memcmp.o)
                0x00803844                memcmp
 .text          0x008038b8       0xa0 c:/software/altera/10.1/nios2eds/bin/gnu/h-i686-mingw32/bin/../lib/gcc/nios2-elf/4.1.2/../../../../nios2-elf/lib/mno-hw-mul\libc.a(lib_a-memcpy.o)
                0x008038b8                memcpy
 .text          0x00803958       0x98 c:/software/altera/10.1/nios2eds/bin/gnu/h-i686-mingw32/bin/../lib/gcc/nios2-elf/4.1.2/../../../../nios2-elf/lib/mno-hw-mul\libc.a(lib_a-memset.o)
                0x00803958                memset
 .text          0x008039f0       0x74 c:/software/altera/10.1/nios2eds/bin/gnu/h-i686-mingw32/bin/../lib/gcc/nios2-elf/4.1.2/../../../../nios2-elf/lib/mno-hw-mul\libc.a(lib_a-strlen.o)
                0x008039f0                strlen
 .text          0x00803a64      0x134 c:/software/altera/10.1/nios2eds/bin/gnu/h-i686-mingw32/bin/../lib/gcc/nios2-elf/4.1.2/../../../../nios2-elf/lib/mno-hw-mul\libc.a(lib_a-__atexit.o)
                0x00803a64                __register_exitproc
 .text          0x00803b98      0x1b4 c:/software/altera/10.1/nios2eds/bin/gnu/h-i686-mingw32/bin/../lib/gcc/nios2-elf/4.1.2/../../../../nios2-elf/lib/mno-hw-mul\libc.a(lib_a-__call_atexit.o)
                0x00803b9c                __call_exitprocs
 .text          0x00803d4c      0x14c c:/software/altera/10.1/nios2eds/bin/gnu/h-i686-mingw32/bin/../lib/gcc/nios2-elf/4.1.2/mno-hw-mul\libgcc.a(lib2-divmod.o)
                0x00803dc8                __divsi3
                0x00803e28                __modsi3
                0x00803e88                __udivsi3
                0x00803e90                __umodsi3
 .text          0x00803e98       0x38 c:/software/altera/10.1/nios2eds/bin/gnu/h-i686-mingw32/bin/../lib/gcc/nios2-elf/4.1.2/mno-hw-mul\libgcc.a(lib2-mul.o)
                0x00803e98                __mulsi3
 .text          0x00803ed0       0x60 ../lab1_phase1_bsp\libhal_bsp.a(alt_exit.o)
                0x00803f10                _exit
 *(.gnu.warning.*)
 *(.fini)
                0x00803f30                PROVIDE (__etext, ABSOLUTE (.))
                0x00803f30                PROVIDE (_etext, ABSOLUTE (.))
                0x00803f30                PROVIDE (etext, ABSOLUTE (.))
 *(.eh_frame_hdr)
                0x00803f30                . = ALIGN (0x4)
                0x00803f30                PROVIDE (__preinit_array_start, ABSOLUTE (.))
 *(.preinit_array)
                0x00803f30                PROVIDE (__preinit_array_end, ABSOLUTE (.))
                0x00803f30                PROVIDE (__init_array_start, ABSOLUTE (.))
 *(.init_array)
                0x00803f30                PROVIDE (__init_array_end, ABSOLUTE (.))
                0x00803f30                PROVIDE (__fini_array_start, ABSOLUTE (.))
 *(.fini_array)
                0x00803f30                PROVIDE (__fini_array_end, ABSOLUTE (.))
 *(.eh_frame)
 *(.gcc_except_table)
 *(.dynamic)
                0x00803f30                PROVIDE (__CTOR_LIST__, ABSOLUTE (.))
 *(.ctors)
 *(SORT(.ctors.*))
 .ctors.65535   0x00803f30        0x4 c:/software/altera/10.1/nios2eds/bin/gnu/h-i686-mingw32/bin/../lib/gcc/nios2-elf/4.1.2/../../../../nios2-elf/lib/mno-hw-mul\libc.a(lib_a-__call_atexit.o)
                0x00803f34                PROVIDE (__CTOR_END__, ABSOLUTE (.))
                0x00803f34                PROVIDE (__DTOR_LIST__, ABSOLUTE (.))
 *(.dtors)
 *(SORT(.dtors.*))
                0x00803f34                PROVIDE (__DTOR_END__, ABSOLUTE (.))
 *(.jcr)
                0x00803f34                . = ALIGN (0x4)

.rodata         0x00803f34      0x2d0
                0x00803f34                PROVIDE (__ram_rodata_start, ABSOLUTE (.))
                0x00803f34                . = ALIGN (0x4)
 *(.rodata .rodata.* .gnu.linkonce.r.*)
 .rodata        0x00803f34       0x14 ../lab1_phase1_bsp\libhal_bsp.a(alt_main.o)
 .rodata        0x00803f48       0x28 ../lab1_phase1_bsp\libhal_bsp.a(alt_sys_init.o)
 .rodata        0x00803f70        0xc ../lab1_phase1_bsp\libhal_bsp.a(alt_dev.o)
 .rodata        0x00803f7c      0x281 c:/software/altera/10.1/nios2eds/bin/gnu/h-i686-mingw32/bin/../lib/gcc/nios2-elf/4.1.2/../../../../nios2-elf/lib/mno-hw-mul\libc.a(lib_a-ctype_.o)
                0x00803f7c                _ctype_
 *fill*         0x008041fd        0x3 00
 .rodata.str1.4
                0x00804200        0x4 c:/software/altera/10.1/nios2eds/bin/gnu/h-i686-mingw32/bin/../lib/gcc/nios2-elf/4.1.2/../../../../nios2-elf/lib/mno-hw-mul\libc.a(lib_a-impure.o)
 *(.rodata1)
                0x00804204                . = ALIGN (0x4)
                0x00804204                PROVIDE (__ram_rodata_end, ABSOLUTE (.))
                0x00803f34                PROVIDE (__flash_rodata_start, LOADADDR (.rodata))

.rwdata         0x00804204     0x1764 load address 0x00805968
                0x00804204                PROVIDE (__ram_rwdata_start, ABSOLUTE (.))
                0x00804204                . = ALIGN (0x4)
 *(.got.plt)
 *(.got)
 *(.data1)
 *(.data .data.* .gnu.linkonce.d.*)
 .data          0x00804204        0x0 ../lab1_phase1_bsp/obj/HAL/src/crt0.o
 .data          0x00804204        0x0 obj/lab1_phase1.o
 .data          0x00804204        0x0 ../lab1_phase1_bsp\libhal_bsp.a(alt_irq_register.o)
 .data          0x00804204        0x0 ../lab1_phase1_bsp\libhal_bsp.a(alt_irq_vars.o)
 .data          0x00804204        0x0 ../lab1_phase1_bsp\libhal_bsp.a(alt_load.o)
 .data          0x00804204        0x0 ../lab1_phase1_bsp\libhal_bsp.a(alt_main.o)
 .data          0x00804204     0x1180 ../lab1_phase1_bsp\libhal_bsp.a(alt_sys_init.o)
 .data          0x00805384        0x0 ../lab1_phase1_bsp\libhal_bsp.a(altera_avalon_jtag_uart_fd.o)
 .data          0x00805384        0x0 ../lab1_phase1_bsp\libhal_bsp.a(altera_avalon_jtag_uart_init.o)
 .data          0x00805384        0x0 ../lab1_phase1_bsp\libhal_bsp.a(altera_avalon_jtag_uart_ioctl.o)
 .data          0x00805384        0x0 ../lab1_phase1_bsp\libhal_bsp.a(altera_avalon_jtag_uart_read.o)
 .data          0x00805384        0x0 ../lab1_phase1_bsp\libhal_bsp.a(altera_avalon_jtag_uart_write.o)
 .data          0x00805384        0x0 ../lab1_phase1_bsp\libhal_bsp.a(altera_avalon_lcd_16207.o)
 .data          0x00805384        0x0 ../lab1_phase1_bsp\libhal_bsp.a(altera_avalon_lcd_16207_fd.o)
 .data          0x00805384        0x0 ../lab1_phase1_bsp\libhal_bsp.a(altera_avalon_timer_sc.o)
 .data          0x00805384        0x0 ../lab1_phase1_bsp\libhal_bsp.a(alt_alarm_start.o)
 .data          0x00805384        0x0 ../lab1_phase1_bsp\libhal_bsp.a(alt_close.o)
 .data          0x00805384        0x0 ../lab1_phase1_bsp\libhal_bsp.a(alt_dcache_flush_all.o)
 .data          0x00805384      0x1a8 ../lab1_phase1_bsp\libhal_bsp.a(alt_dev.o)
                0x00805384                alt_dev_null
                0x008053ac                alt_fd_list
 .data          0x0080552c        0x0 ../lab1_phase1_bsp\libhal_bsp.a(alt_dev_llist_insert.o)
 .data          0x0080552c        0x0 ../lab1_phase1_bsp\libhal_bsp.a(alt_do_ctors.o)
 .data          0x0080552c        0x0 ../lab1_phase1_bsp\libhal_bsp.a(alt_do_dtors.o)
 .data          0x0080552c        0x0 ../lab1_phase1_bsp\libhal_bsp.a(alt_errno.o)
 .data          0x0080552c        0x0 ../lab1_phase1_bsp\libhal_bsp.a(alt_icache_flush_all.o)
 .data          0x0080552c        0x0 ../lab1_phase1_bsp\libhal_bsp.a(alt_iic.o)
 .data          0x0080552c        0x0 ../lab1_phase1_bsp\libhal_bsp.a(alt_iic_isr_register.o)
 .data          0x0080552c        0x0 ../lab1_phase1_bsp\libhal_bsp.a(alt_io_redirect.o)
 .data          0x0080552c        0x0 ../lab1_phase1_bsp\libhal_bsp.a(alt_irq_entry.o)
 .data          0x0080552c        0x0 ../lab1_phase1_bsp\libhal_bsp.a(alt_irq_handler.o)
 .data          0x0080552c        0x0 ../lab1_phase1_bsp\libhal_bsp.a(alt_open.o)
 .data          0x0080552c        0x0 ../lab1_phase1_bsp\libhal_bsp.a(alt_release_fd.o)
 .data          0x0080552c        0x0 ../lab1_phase1_bsp\libhal_bsp.a(alt_tick.o)
 .data          0x0080552c        0x0 ../lab1_phase1_bsp\libhal_bsp.a(alt_usleep.o)
 .data          0x0080552c        0x0 ../lab1_phase1_bsp\libhal_bsp.a(altera_nios2_irq.o)
 .data          0x0080552c        0x0 ../lab1_phase1_bsp\libhal_bsp.a(alt_busy_sleep.o)
 .data          0x0080552c        0x0 ../lab1_phase1_bsp\libhal_bsp.a(alt_exception_entry.o)
 .data          0x0080552c        0x0 ../lab1_phase1_bsp\libhal_bsp.a(alt_find_dev.o)
 .data          0x0080552c        0x0 ../lab1_phase1_bsp\libhal_bsp.a(alt_find_file.o)
 .data          0x0080552c        0x0 ../lab1_phase1_bsp\libhal_bsp.a(alt_get_fd.o)
 .data          0x0080552c        0x0 ../lab1_phase1_bsp\libhal_bsp.a(alt_icache_flush.o)
 .data          0x0080552c        0x0 c:/software/altera/10.1/nios2eds/bin/gnu/h-i686-mingw32/bin/../lib/gcc/nios2-elf/4.1.2/../../../../nios2-elf/lib/mno-hw-mul\libc.a(lib_a-atexit.o)
 .data          0x0080552c        0x0 c:/software/altera/10.1/nios2eds/bin/gnu/h-i686-mingw32/bin/../lib/gcc/nios2-elf/4.1.2/../../../../nios2-elf/lib/mno-hw-mul\libc.a(lib_a-ctype_.o)
 .data          0x0080552c        0x0 c:/software/altera/10.1/nios2eds/bin/gnu/h-i686-mingw32/bin/../lib/gcc/nios2-elf/4.1.2/../../../../nios2-elf/lib/mno-hw-mul\libc.a(lib_a-exit.o)
 .data          0x0080552c      0x400 c:/software/altera/10.1/nios2eds/bin/gnu/h-i686-mingw32/bin/../lib/gcc/nios2-elf/4.1.2/../../../../nios2-elf/lib/mno-hw-mul\libc.a(lib_a-impure.o)
 .data          0x0080592c        0x0 c:/software/altera/10.1/nios2eds/bin/gnu/h-i686-mingw32/bin/../lib/gcc/nios2-elf/4.1.2/../../../../nios2-elf/lib/mno-hw-mul\libc.a(lib_a-int_errno.o)
 .data          0x0080592c        0x0 c:/software/altera/10.1/nios2eds/bin/gnu/h-i686-mingw32/bin/../lib/gcc/nios2-elf/4.1.2/../../../../nios2-elf/lib/mno-hw-mul\libc.a(lib_a-memcmp.o)
 .data          0x0080592c        0x0 c:/software/altera/10.1/nios2eds/bin/gnu/h-i686-mingw32/bin/../lib/gcc/nios2-elf/4.1.2/../../../../nios2-elf/lib/mno-hw-mul\libc.a(lib_a-memcpy.o)
 .data          0x0080592c        0x0 c:/software/altera/10.1/nios2eds/bin/gnu/h-i686-mingw32/bin/../lib/gcc/nios2-elf/4.1.2/../../../../nios2-elf/lib/mno-hw-mul\libc.a(lib_a-memset.o)
 .data          0x0080592c        0x0 c:/software/altera/10.1/nios2eds/bin/gnu/h-i686-mingw32/bin/../lib/gcc/nios2-elf/4.1.2/../../../../nios2-elf/lib/mno-hw-mul\libc.a(lib_a-strlen.o)
 .data          0x0080592c        0x0 c:/software/altera/10.1/nios2eds/bin/gnu/h-i686-mingw32/bin/../lib/gcc/nios2-elf/4.1.2/../../../../nios2-elf/lib/mno-hw-mul\libc.a(lib_a-__atexit.o)
 .data          0x0080592c        0x0 c:/software/altera/10.1/nios2eds/bin/gnu/h-i686-mingw32/bin/../lib/gcc/nios2-elf/4.1.2/../../../../nios2-elf/lib/mno-hw-mul\libc.a(lib_a-__call_atexit.o)
 .data          0x0080592c        0x0 c:/software/altera/10.1/nios2eds/bin/gnu/h-i686-mingw32/bin/../lib/gcc/nios2-elf/4.1.2/mno-hw-mul\libgcc.a(lib2-divmod.o)
 .data          0x0080592c        0x0 c:/software/altera/10.1/nios2eds/bin/gnu/h-i686-mingw32/bin/../lib/gcc/nios2-elf/4.1.2/mno-hw-mul\libgcc.a(lib2-mul.o)
 .data          0x0080592c        0x0 ../lab1_phase1_bsp\libhal_bsp.a(alt_exit.o)
                0x0080d92c                _gp = ABSOLUTE ((. + 0x8000))
                0x0080d92c                PROVIDE (gp, _gp)
 *(.sdata .sdata.* .gnu.linkonce.s.*)
 .sdata         0x0080592c        0x8 obj/lab1_phase1.o
                0x0080592c                timer_0_flag
                0x0080592d                timer_1_flag
                0x00805930                timerPeriod
 .sdata         0x00805934        0x4 ../lab1_phase1_bsp\libhal_bsp.a(alt_irq_vars.o)
                0x00805934                alt_priority_mask
 .sdata         0x00805938        0x4 ../lab1_phase1_bsp\libhal_bsp.a(altera_avalon_lcd_16207.o)
 .sdata         0x0080593c       0x14 ../lab1_phase1_bsp\libhal_bsp.a(alt_dev.o)
                0x0080593c                alt_fs_list
                0x00805944                alt_dev_list
                0x0080594c                alt_max_fd
 .sdata         0x00805950        0x4 ../lab1_phase1_bsp\libhal_bsp.a(alt_errno.o)
                0x00805950                alt_errno
 .sdata         0x00805954        0x8 ../lab1_phase1_bsp\libhal_bsp.a(alt_tick.o)
                0x00805954                alt_alarm_list
 .sdata         0x0080595c        0x4 c:/software/altera/10.1/nios2eds/bin/gnu/h-i686-mingw32/bin/../lib/gcc/nios2-elf/4.1.2/../../../../nios2-elf/lib/mno-hw-mul\libc.a(lib_a-ctype_.o)
                0x0080595c                __ctype_ptr
 .sdata         0x00805960        0x8 c:/software/altera/10.1/nios2eds/bin/gnu/h-i686-mingw32/bin/../lib/gcc/nios2-elf/4.1.2/../../../../nios2-elf/lib/mno-hw-mul\libc.a(lib_a-impure.o)
                0x00805960                _impure_ptr
                0x00805964                _global_impure_ptr
 *(.sdata2 .sdata2.* .gnu.linkonce.s2.*)
                0x00805968                . = ALIGN (0x4)
                0x00805968                _edata = ABSOLUTE (.)
                0x00805968                PROVIDE (edata, ABSOLUTE (.))
                0x00805968                PROVIDE (__ram_rwdata_end, ABSOLUTE (.))
                0x00805968                PROVIDE (__flash_rwdata_start, LOADADDR (.rwdata))

.bss            0x008070cc      0x2bc
                0x008070cc                __bss_start = ABSOLUTE (.)
                0x008070cc                PROVIDE (__sbss_start, ABSOLUTE (.))
                0x008070cc                PROVIDE (___sbss_start, ABSOLUTE (.))
 *(.dynsbss)
 *(.sbss .sbss.* .gnu.linkonce.sb.*)
 .sbss          0x008070cc        0xc obj/lab1_phase1.o
                0x008070cc                led_state
                0x008070d0                led_count
                0x008070d4                hex_count
 .sbss          0x008070d8        0x3 obj/lab1_phase1.o
                0x008070d8                hex_switches
                0x008070d9                led_switches
                0x008070da                buttons
 *fill*         0x008070db        0x1 00
 .sbss          0x008070dc        0x4 ../lab1_phase1_bsp\libhal_bsp.a(alt_irq_vars.o)
                0x008070dc                alt_irq_active
 .sbss          0x008070e0        0xc ../lab1_phase1_bsp\libhal_bsp.a(alt_main.o)
                0x008070e0                alt_argc
                0x008070e4                alt_argv
                0x008070e8                alt_envp
 .sbss          0x008070ec        0x8 ../lab1_phase1_bsp\libhal_bsp.a(alt_tick.o)
                0x008070ec                _alt_tick_rate
                0x008070f0                _alt_nticks
 .sbss          0x008070f4        0x4 c:/software/altera/10.1/nios2eds/bin/gnu/h-i686-mingw32/bin/../lib/gcc/nios2-elf/4.1.2/../../../../nios2-elf/lib/mno-hw-mul\libc.a(lib_a-int_errno.o)
                0x008070f4                errno
 *(.sbss2 .sbss2.* .gnu.linkonce.sb2.*)
 *(.scommon)
                0x008070f8                PROVIDE (__sbss_end, ABSOLUTE (.))
                0x008070f8                PROVIDE (___sbss_end, ABSOLUTE (.))
 *(.dynbss)
 *(.bss .bss.* .gnu.linkonce.b.*)
 .bss           0x008070f8        0x0 ../lab1_phase1_bsp/obj/HAL/src/crt0.o
 .bss           0x008070f8        0x0 obj/lab1_phase1.o
 .bss           0x008070f8        0x0 ../lab1_phase1_bsp\libhal_bsp.a(alt_irq_register.o)
 .bss           0x008070f8        0x0 ../lab1_phase1_bsp\libhal_bsp.a(alt_irq_vars.o)
 .bss           0x008070f8        0x0 ../lab1_phase1_bsp\libhal_bsp.a(alt_load.o)
 .bss           0x008070f8        0x0 ../lab1_phase1_bsp\libhal_bsp.a(alt_main.o)
 .bss           0x008070f8        0x0 ../lab1_phase1_bsp\libhal_bsp.a(alt_sys_init.o)
 .bss           0x008070f8        0x0 ../lab1_phase1_bsp\libhal_bsp.a(altera_avalon_jtag_uart_fd.o)
 .bss           0x008070f8        0x0 ../lab1_phase1_bsp\libhal_bsp.a(altera_avalon_jtag_uart_init.o)
 .bss           0x008070f8        0x0 ../lab1_phase1_bsp\libhal_bsp.a(altera_avalon_jtag_uart_ioctl.o)
 .bss           0x008070f8        0x0 ../lab1_phase1_bsp\libhal_bsp.a(altera_avalon_jtag_uart_read.o)
 .bss           0x008070f8        0x0 ../lab1_phase1_bsp\libhal_bsp.a(altera_avalon_jtag_uart_write.o)
 .bss           0x008070f8        0x0 ../lab1_phase1_bsp\libhal_bsp.a(altera_avalon_lcd_16207.o)
 .bss           0x008070f8        0x0 ../lab1_phase1_bsp\libhal_bsp.a(altera_avalon_lcd_16207_fd.o)
 .bss           0x008070f8        0x0 ../lab1_phase1_bsp\libhal_bsp.a(altera_avalon_timer_sc.o)
 .bss           0x008070f8        0x0 ../lab1_phase1_bsp\libhal_bsp.a(alt_alarm_start.o)
 .bss           0x008070f8        0x0 ../lab1_phase1_bsp\libhal_bsp.a(alt_close.o)
 .bss           0x008070f8        0x0 ../lab1_phase1_bsp\libhal_bsp.a(alt_dcache_flush_all.o)
 .bss           0x008070f8        0x0 ../lab1_phase1_bsp\libhal_bsp.a(alt_dev.o)
 .bss           0x008070f8        0x0 ../lab1_phase1_bsp\libhal_bsp.a(alt_dev_llist_insert.o)
 .bss           0x008070f8        0x0 ../lab1_phase1_bsp\libhal_bsp.a(alt_do_ctors.o)
 .bss           0x008070f8        0x0 ../lab1_phase1_bsp\libhal_bsp.a(alt_do_dtors.o)
 .bss           0x008070f8        0x0 ../lab1_phase1_bsp\libhal_bsp.a(alt_errno.o)
 .bss           0x008070f8        0x0 ../lab1_phase1_bsp\libhal_bsp.a(alt_icache_flush_all.o)
 .bss           0x008070f8        0x0 ../lab1_phase1_bsp\libhal_bsp.a(alt_iic.o)
 .bss           0x008070f8        0x0 ../lab1_phase1_bsp\libhal_bsp.a(alt_iic_isr_register.o)
 .bss           0x008070f8        0x0 ../lab1_phase1_bsp\libhal_bsp.a(alt_io_redirect.o)
 .bss           0x008070f8        0x0 ../lab1_phase1_bsp\libhal_bsp.a(alt_irq_entry.o)
 .bss           0x008070f8        0x0 ../lab1_phase1_bsp\libhal_bsp.a(alt_irq_handler.o)
 .bss           0x008070f8        0x0 ../lab1_phase1_bsp\libhal_bsp.a(alt_open.o)
 .bss           0x008070f8        0x0 ../lab1_phase1_bsp\libhal_bsp.a(alt_release_fd.o)
 .bss           0x008070f8        0x0 ../lab1_phase1_bsp\libhal_bsp.a(alt_tick.o)
 .bss           0x008070f8        0x0 ../lab1_phase1_bsp\libhal_bsp.a(alt_usleep.o)
 .bss           0x008070f8        0x0 ../lab1_phase1_bsp\libhal_bsp.a(altera_nios2_irq.o)
 .bss           0x008070f8        0x0 ../lab1_phase1_bsp\libhal_bsp.a(alt_busy_sleep.o)
 .bss           0x008070f8        0x0 ../lab1_phase1_bsp\libhal_bsp.a(alt_exception_entry.o)
 .bss           0x008070f8        0x0 ../lab1_phase1_bsp\libhal_bsp.a(alt_find_dev.o)
 .bss           0x008070f8        0x0 ../lab1_phase1_bsp\libhal_bsp.a(alt_find_file.o)
 .bss           0x008070f8        0x0 ../lab1_phase1_bsp\libhal_bsp.a(alt_get_fd.o)
 .bss           0x008070f8        0x0 ../lab1_phase1_bsp\libhal_bsp.a(alt_icache_flush.o)
 .bss           0x008070f8        0x0 c:/software/altera/10.1/nios2eds/bin/gnu/h-i686-mingw32/bin/../lib/gcc/nios2-elf/4.1.2/../../../../nios2-elf/lib/mno-hw-mul\libc.a(lib_a-atexit.o)
 .bss           0x008070f8        0x0 c:/software/altera/10.1/nios2eds/bin/gnu/h-i686-mingw32/bin/../lib/gcc/nios2-elf/4.1.2/../../../../nios2-elf/lib/mno-hw-mul\libc.a(lib_a-ctype_.o)
 .bss           0x008070f8        0x0 c:/software/altera/10.1/nios2eds/bin/gnu/h-i686-mingw32/bin/../lib/gcc/nios2-elf/4.1.2/../../../../nios2-elf/lib/mno-hw-mul\libc.a(lib_a-exit.o)
 .bss           0x008070f8        0x0 c:/software/altera/10.1/nios2eds/bin/gnu/h-i686-mingw32/bin/../lib/gcc/nios2-elf/4.1.2/../../../../nios2-elf/lib/mno-hw-mul\libc.a(lib_a-impure.o)
 .bss           0x008070f8        0x0 c:/software/altera/10.1/nios2eds/bin/gnu/h-i686-mingw32/bin/../lib/gcc/nios2-elf/4.1.2/../../../../nios2-elf/lib/mno-hw-mul\libc.a(lib_a-int_errno.o)
 .bss           0x008070f8        0x0 c:/software/altera/10.1/nios2eds/bin/gnu/h-i686-mingw32/bin/../lib/gcc/nios2-elf/4.1.2/../../../../nios2-elf/lib/mno-hw-mul\libc.a(lib_a-memcmp.o)
 .bss           0x008070f8        0x0 c:/software/altera/10.1/nios2eds/bin/gnu/h-i686-mingw32/bin/../lib/gcc/nios2-elf/4.1.2/../../../../nios2-elf/lib/mno-hw-mul\libc.a(lib_a-memcpy.o)
 .bss           0x008070f8        0x0 c:/software/altera/10.1/nios2eds/bin/gnu/h-i686-mingw32/bin/../lib/gcc/nios2-elf/4.1.2/../../../../nios2-elf/lib/mno-hw-mul\libc.a(lib_a-memset.o)
 .bss           0x008070f8        0x0 c:/software/altera/10.1/nios2eds/bin/gnu/h-i686-mingw32/bin/../lib/gcc/nios2-elf/4.1.2/../../../../nios2-elf/lib/mno-hw-mul\libc.a(lib_a-strlen.o)
 .bss           0x008070f8        0x0 c:/software/altera/10.1/nios2eds/bin/gnu/h-i686-mingw32/bin/../lib/gcc/nios2-elf/4.1.2/../../../../nios2-elf/lib/mno-hw-mul\libc.a(lib_a-__atexit.o)
 .bss           0x008070f8        0x0 c:/software/altera/10.1/nios2eds/bin/gnu/h-i686-mingw32/bin/../lib/gcc/nios2-elf/4.1.2/../../../../nios2-elf/lib/mno-hw-mul\libc.a(lib_a-__call_atexit.o)
 .bss           0x008070f8        0x0 c:/software/altera/10.1/nios2eds/bin/gnu/h-i686-mingw32/bin/../lib/gcc/nios2-elf/4.1.2/mno-hw-mul\libgcc.a(lib2-divmod.o)
 .bss           0x008070f8        0x0 c:/software/altera/10.1/nios2eds/bin/gnu/h-i686-mingw32/bin/../lib/gcc/nios2-elf/4.1.2/mno-hw-mul\libgcc.a(lib2-mul.o)
 .bss           0x008070f8        0x0 ../lab1_phase1_bsp\libhal_bsp.a(alt_exit.o)
 *(COMMON)
 COMMON         0x008070f8      0x100 ../lab1_phase1_bsp\libhal_bsp.a(alt_irq_handler.o)
                0x008070f8                alt_irq
 COMMON         0x008071f8      0x190 c:/software/altera/10.1/nios2eds/bin/gnu/h-i686-mingw32/bin/../lib/gcc/nios2-elf/4.1.2/../../../../nios2-elf/lib/mno-hw-mul\libc.a(lib_a-atexit.o)
                0x008071f8                _atexit0
                0x00807388                . = ALIGN (0x4)
                0x00807388                __bss_end = ABSOLUTE (.)

.sdram_0        0x00807388        0x0
                0x00807388                PROVIDE (_alt_partition_sdram_0_start, ABSOLUTE (.))
 *(.sdram_0. sdram_0.*)
                0x00807388                . = ALIGN (0x4)
                0x00807388                PROVIDE (_alt_partition_sdram_0_end, ABSOLUTE (.))
                0x00807388                _end = ABSOLUTE (.)
                0x00807388                end = ABSOLUTE (.)
                0x00807388                __alt_stack_base = ABSOLUTE (.)
                0x00807388                PROVIDE (_alt_partition_sdram_0_load_addr, LOADADDR (.sdram_0))

.stab
 *(.stab)

.stabstr
 *(.stabstr)

.stab.excl
 *(.stab.excl)

.stab.exclstr
 *(.stab.exclstr)

.stab.index
 *(.stab.index)

.stab.indexstr
 *(.stab.indexstr)

.comment        0x00000000       0x23
 *(.comment)
 .comment       0x00000000       0x23 obj/lab1_phase1.o
                                 0x24 (size before relaxing)
 .comment       0x00000000       0x24 ../lab1_phase1_bsp\libhal_bsp.a(alt_irq_register.o)
 .comment       0x00000000       0x24 ../lab1_phase1_bsp\libhal_bsp.a(alt_irq_vars.o)
 .comment       0x00000000       0x24 ../lab1_phase1_bsp\libhal_bsp.a(alt_load.o)
 .comment       0x00000000       0x24 ../lab1_phase1_bsp\libhal_bsp.a(alt_main.o)
 .comment       0x00000000       0x24 ../lab1_phase1_bsp\libhal_bsp.a(alt_sys_init.o)
 .comment       0x00000000       0x24 ../lab1_phase1_bsp\libhal_bsp.a(altera_avalon_jtag_uart_fd.o)
 .comment       0x00000000       0x24 ../lab1_phase1_bsp\libhal_bsp.a(altera_avalon_jtag_uart_init.o)
 .comment       0x00000000       0x24 ../lab1_phase1_bsp\libhal_bsp.a(altera_avalon_jtag_uart_ioctl.o)
 .comment       0x00000000       0x24 ../lab1_phase1_bsp\libhal_bsp.a(altera_avalon_jtag_uart_read.o)
 .comment       0x00000000       0x24 ../lab1_phase1_bsp\libhal_bsp.a(altera_avalon_jtag_uart_write.o)
 .comment       0x00000000       0x24 ../lab1_phase1_bsp\libhal_bsp.a(altera_avalon_lcd_16207.o)
 .comment       0x00000000       0x24 ../lab1_phase1_bsp\libhal_bsp.a(altera_avalon_lcd_16207_fd.o)
 .comment       0x00000000       0x24 ../lab1_phase1_bsp\libhal_bsp.a(altera_avalon_timer_sc.o)
 .comment       0x00000000       0x24 ../lab1_phase1_bsp\libhal_bsp.a(alt_alarm_start.o)
 .comment       0x00000000       0x24 ../lab1_phase1_bsp\libhal_bsp.a(alt_close.o)
 .comment       0x00000000       0x24 ../lab1_phase1_bsp\libhal_bsp.a(alt_dcache_flush_all.o)
 .comment       0x00000000       0x24 ../lab1_phase1_bsp\libhal_bsp.a(alt_dev.o)
 .comment       0x00000000       0x24 ../lab1_phase1_bsp\libhal_bsp.a(alt_dev_llist_insert.o)
 .comment       0x00000000       0x24 ../lab1_phase1_bsp\libhal_bsp.a(alt_do_ctors.o)
 .comment       0x00000000       0x24 ../lab1_phase1_bsp\libhal_bsp.a(alt_do_dtors.o)
 .comment       0x00000000       0x24 ../lab1_phase1_bsp\libhal_bsp.a(alt_errno.o)
 .comment       0x00000000       0x24 ../lab1_phase1_bsp\libhal_bsp.a(alt_icache_flush_all.o)
 .comment       0x00000000       0x24 ../lab1_phase1_bsp\libhal_bsp.a(alt_iic.o)
 .comment       0x00000000       0x24 ../lab1_phase1_bsp\libhal_bsp.a(alt_iic_isr_register.o)
 .comment       0x00000000       0x24 ../lab1_phase1_bsp\libhal_bsp.a(alt_io_redirect.o)
 .comment       0x00000000       0x24 ../lab1_phase1_bsp\libhal_bsp.a(alt_irq_handler.o)
 .comment       0x00000000       0x24 ../lab1_phase1_bsp\libhal_bsp.a(alt_open.o)
 .comment       0x00000000       0x24 ../lab1_phase1_bsp\libhal_bsp.a(alt_release_fd.o)
 .comment       0x00000000       0x24 ../lab1_phase1_bsp\libhal_bsp.a(alt_tick.o)
 .comment       0x00000000       0x24 ../lab1_phase1_bsp\libhal_bsp.a(alt_usleep.o)
 .comment       0x00000000       0x24 ../lab1_phase1_bsp\libhal_bsp.a(altera_nios2_irq.o)
 .comment       0x00000000       0x24 ../lab1_phase1_bsp\libhal_bsp.a(alt_busy_sleep.o)
 .comment       0x00000000       0x24 ../lab1_phase1_bsp\libhal_bsp.a(alt_find_dev.o)
 .comment       0x00000000       0x24 ../lab1_phase1_bsp\libhal_bsp.a(alt_find_file.o)
 .comment       0x00000000       0x24 ../lab1_phase1_bsp\libhal_bsp.a(alt_get_fd.o)
 .comment       0x00000000       0x24 ../lab1_phase1_bsp\libhal_bsp.a(alt_icache_flush.o)
 .comment       0x00000000       0x24 c:/software/altera/10.1/nios2eds/bin/gnu/h-i686-mingw32/bin/../lib/gcc/nios2-elf/4.1.2/../../../../nios2-elf/lib/mno-hw-mul\libc.a(lib_a-atexit.o)
 .comment       0x00000000       0x24 c:/software/altera/10.1/nios2eds/bin/gnu/h-i686-mingw32/bin/../lib/gcc/nios2-elf/4.1.2/../../../../nios2-elf/lib/mno-hw-mul\libc.a(lib_a-ctype_.o)
 .comment       0x00000000       0x24 c:/software/altera/10.1/nios2eds/bin/gnu/h-i686-mingw32/bin/../lib/gcc/nios2-elf/4.1.2/../../../../nios2-elf/lib/mno-hw-mul\libc.a(lib_a-exit.o)
 .comment       0x00000000       0x24 c:/software/altera/10.1/nios2eds/bin/gnu/h-i686-mingw32/bin/../lib/gcc/nios2-elf/4.1.2/../../../../nios2-elf/lib/mno-hw-mul\libc.a(lib_a-impure.o)
 .comment       0x00000000       0x24 c:/software/altera/10.1/nios2eds/bin/gnu/h-i686-mingw32/bin/../lib/gcc/nios2-elf/4.1.2/../../../../nios2-elf/lib/mno-hw-mul\libc.a(lib_a-int_errno.o)
 .comment       0x00000000       0x24 c:/software/altera/10.1/nios2eds/bin/gnu/h-i686-mingw32/bin/../lib/gcc/nios2-elf/4.1.2/../../../../nios2-elf/lib/mno-hw-mul\libc.a(lib_a-memcmp.o)
 .comment       0x00000000       0x24 c:/software/altera/10.1/nios2eds/bin/gnu/h-i686-mingw32/bin/../lib/gcc/nios2-elf/4.1.2/../../../../nios2-elf/lib/mno-hw-mul\libc.a(lib_a-memcpy.o)
 .comment       0x00000000       0x24 c:/software/altera/10.1/nios2eds/bin/gnu/h-i686-mingw32/bin/../lib/gcc/nios2-elf/4.1.2/../../../../nios2-elf/lib/mno-hw-mul\libc.a(lib_a-memset.o)
 .comment       0x00000000       0x24 c:/software/altera/10.1/nios2eds/bin/gnu/h-i686-mingw32/bin/../lib/gcc/nios2-elf/4.1.2/../../../../nios2-elf/lib/mno-hw-mul\libc.a(lib_a-strlen.o)
 .comment       0x00000000       0x24 c:/software/altera/10.1/nios2eds/bin/gnu/h-i686-mingw32/bin/../lib/gcc/nios2-elf/4.1.2/../../../../nios2-elf/lib/mno-hw-mul\libc.a(lib_a-__atexit.o)
 .comment       0x00000000       0x24 c:/software/altera/10.1/nios2eds/bin/gnu/h-i686-mingw32/bin/../lib/gcc/nios2-elf/4.1.2/../../../../nios2-elf/lib/mno-hw-mul\libc.a(lib_a-__call_atexit.o)
 .comment       0x00000000       0x24 c:/software/altera/10.1/nios2eds/bin/gnu/h-i686-mingw32/bin/../lib/gcc/nios2-elf/4.1.2/mno-hw-mul\libgcc.a(lib2-divmod.o)
 .comment       0x00000000       0x24 c:/software/altera/10.1/nios2eds/bin/gnu/h-i686-mingw32/bin/../lib/gcc/nios2-elf/4.1.2/mno-hw-mul\libgcc.a(lib2-mul.o)
 .comment       0x00000000       0x24 ../lab1_phase1_bsp\libhal_bsp.a(alt_exit.o)

.debug
 *(.debug)

.line
 *(.line)

.debug_srcinfo
 *(.debug_srcinfo)

.debug_sfnames
 *(.debug_sfnames)

.debug_aranges  0x00000000      0x658
 *(.debug_aranges)
 .debug_aranges
                0x00000000       0x28 ../lab1_phase1_bsp/obj/HAL/src/crt0.o
 .debug_aranges
                0x00000028       0x20 obj/lab1_phase1.o
 .debug_aranges
                0x00000048       0x20 ../lab1_phase1_bsp\libhal_bsp.a(alt_irq_register.o)
 .debug_aranges
                0x00000068       0x20 ../lab1_phase1_bsp\libhal_bsp.a(alt_load.o)
 .debug_aranges
                0x00000088       0x20 ../lab1_phase1_bsp\libhal_bsp.a(alt_main.o)
 .debug_aranges
                0x000000a8       0x20 ../lab1_phase1_bsp\libhal_bsp.a(alt_sys_init.o)
 .debug_aranges
                0x000000c8       0x20 ../lab1_phase1_bsp\libhal_bsp.a(altera_avalon_jtag_uart_fd.o)
 .debug_aranges
                0x000000e8       0x20 ../lab1_phase1_bsp\libhal_bsp.a(altera_avalon_jtag_uart_init.o)
 .debug_aranges
                0x00000108       0x20 ../lab1_phase1_bsp\libhal_bsp.a(altera_avalon_jtag_uart_ioctl.o)
 .debug_aranges
                0x00000128       0x20 ../lab1_phase1_bsp\libhal_bsp.a(altera_avalon_jtag_uart_read.o)
 .debug_aranges
                0x00000148       0x20 ../lab1_phase1_bsp\libhal_bsp.a(altera_avalon_jtag_uart_write.o)
 .debug_aranges
                0x00000168       0x20 ../lab1_phase1_bsp\libhal_bsp.a(altera_avalon_lcd_16207.o)
 .debug_aranges
                0x00000188       0x20 ../lab1_phase1_bsp\libhal_bsp.a(altera_avalon_lcd_16207_fd.o)
 .debug_aranges
                0x000001a8       0x20 ../lab1_phase1_bsp\libhal_bsp.a(altera_avalon_timer_sc.o)
 .debug_aranges
                0x000001c8       0x20 ../lab1_phase1_bsp\libhal_bsp.a(alt_alarm_start.o)
 .debug_aranges
                0x000001e8       0x20 ../lab1_phase1_bsp\libhal_bsp.a(alt_close.o)
 .debug_aranges
                0x00000208       0x20 ../lab1_phase1_bsp\libhal_bsp.a(alt_dcache_flush_all.o)
 .debug_aranges
                0x00000228       0x20 ../lab1_phase1_bsp\libhal_bsp.a(alt_dev.o)
 .debug_aranges
                0x00000248       0x20 ../lab1_phase1_bsp\libhal_bsp.a(alt_dev_llist_insert.o)
 .debug_aranges
                0x00000268       0x20 ../lab1_phase1_bsp\libhal_bsp.a(alt_do_ctors.o)
 .debug_aranges
                0x00000288       0x20 ../lab1_phase1_bsp\libhal_bsp.a(alt_do_dtors.o)
 .debug_aranges
                0x000002a8       0x20 ../lab1_phase1_bsp\libhal_bsp.a(alt_icache_flush_all.o)
 .debug_aranges
                0x000002c8       0x20 ../lab1_phase1_bsp\libhal_bsp.a(alt_iic.o)
 .debug_aranges
                0x000002e8       0x20 ../lab1_phase1_bsp\libhal_bsp.a(alt_iic_isr_register.o)
 .debug_aranges
                0x00000308       0x20 ../lab1_phase1_bsp\libhal_bsp.a(alt_io_redirect.o)
 .debug_aranges
                0x00000328       0x30 ../lab1_phase1_bsp\libhal_bsp.a(alt_irq_entry.o)
 .debug_aranges
                0x00000358       0x28 ../lab1_phase1_bsp\libhal_bsp.a(alt_irq_handler.o)
 .debug_aranges
                0x00000380       0x20 ../lab1_phase1_bsp\libhal_bsp.a(alt_open.o)
 .debug_aranges
                0x000003a0       0x20 ../lab1_phase1_bsp\libhal_bsp.a(alt_release_fd.o)
 .debug_aranges
                0x000003c0       0x20 ../lab1_phase1_bsp\libhal_bsp.a(alt_tick.o)
 .debug_aranges
                0x000003e0       0x20 ../lab1_phase1_bsp\libhal_bsp.a(alt_usleep.o)
 .debug_aranges
                0x00000400       0x20 ../lab1_phase1_bsp\libhal_bsp.a(altera_nios2_irq.o)
 .debug_aranges
                0x00000420       0x20 ../lab1_phase1_bsp\libhal_bsp.a(alt_busy_sleep.o)
 .debug_aranges
                0x00000440       0x38 ../lab1_phase1_bsp\libhal_bsp.a(alt_exception_entry.o)
 .debug_aranges
                0x00000478       0x20 ../lab1_phase1_bsp\libhal_bsp.a(alt_find_dev.o)
 .debug_aranges
                0x00000498       0x20 ../lab1_phase1_bsp\libhal_bsp.a(alt_find_file.o)
 .debug_aranges
                0x000004b8       0x20 ../lab1_phase1_bsp\libhal_bsp.a(alt_get_fd.o)
 .debug_aranges
                0x000004d8       0x20 ../lab1_phase1_bsp\libhal_bsp.a(alt_icache_flush.o)
 .debug_aranges
                0x000004f8       0x20 c:/software/altera/10.1/nios2eds/bin/gnu/h-i686-mingw32/bin/../lib/gcc/nios2-elf/4.1.2/../../../../nios2-elf/lib/mno-hw-mul\libc.a(lib_a-atexit.o)
 .debug_aranges
                0x00000518       0x20 c:/software/altera/10.1/nios2eds/bin/gnu/h-i686-mingw32/bin/../lib/gcc/nios2-elf/4.1.2/../../../../nios2-elf/lib/mno-hw-mul\libc.a(lib_a-exit.o)
 .debug_aranges
                0x00000538       0x20 c:/software/altera/10.1/nios2eds/bin/gnu/h-i686-mingw32/bin/../lib/gcc/nios2-elf/4.1.2/../../../../nios2-elf/lib/mno-hw-mul\libc.a(lib_a-memcmp.o)
 .debug_aranges
                0x00000558       0x20 c:/software/altera/10.1/nios2eds/bin/gnu/h-i686-mingw32/bin/../lib/gcc/nios2-elf/4.1.2/../../../../nios2-elf/lib/mno-hw-mul\libc.a(lib_a-memcpy.o)
 .debug_aranges
                0x00000578       0x20 c:/software/altera/10.1/nios2eds/bin/gnu/h-i686-mingw32/bin/../lib/gcc/nios2-elf/4.1.2/../../../../nios2-elf/lib/mno-hw-mul\libc.a(lib_a-memset.o)
 .debug_aranges
                0x00000598       0x20 c:/software/altera/10.1/nios2eds/bin/gnu/h-i686-mingw32/bin/../lib/gcc/nios2-elf/4.1.2/../../../../nios2-elf/lib/mno-hw-mul\libc.a(lib_a-strlen.o)
 .debug_aranges
                0x000005b8       0x20 c:/software/altera/10.1/nios2eds/bin/gnu/h-i686-mingw32/bin/../lib/gcc/nios2-elf/4.1.2/../../../../nios2-elf/lib/mno-hw-mul\libc.a(lib_a-__atexit.o)
 .debug_aranges
                0x000005d8       0x20 c:/software/altera/10.1/nios2eds/bin/gnu/h-i686-mingw32/bin/../lib/gcc/nios2-elf/4.1.2/../../../../nios2-elf/lib/mno-hw-mul\libc.a(lib_a-__call_atexit.o)
 .debug_aranges
                0x000005f8       0x20 c:/software/altera/10.1/nios2eds/bin/gnu/h-i686-mingw32/bin/../lib/gcc/nios2-elf/4.1.2/mno-hw-mul\libgcc.a(lib2-divmod.o)
 .debug_aranges
                0x00000618       0x20 c:/software/altera/10.1/nios2eds/bin/gnu/h-i686-mingw32/bin/../lib/gcc/nios2-elf/4.1.2/mno-hw-mul\libgcc.a(lib2-mul.o)
 .debug_aranges
                0x00000638       0x20 ../lab1_phase1_bsp\libhal_bsp.a(alt_exit.o)

.debug_pubnames
                0x00000000      0xa1c
 *(.debug_pubnames)
 .debug_pubnames
                0x00000000       0xa5 obj/lab1_phase1.o
 .debug_pubnames
                0x000000a5       0x27 ../lab1_phase1_bsp\libhal_bsp.a(alt_irq_register.o)
 .debug_pubnames
                0x000000cc       0x3b ../lab1_phase1_bsp\libhal_bsp.a(alt_irq_vars.o)
 .debug_pubnames
                0x00000107       0x1f ../lab1_phase1_bsp\libhal_bsp.a(alt_load.o)
 .debug_pubnames
                0x00000126       0x46 ../lab1_phase1_bsp\libhal_bsp.a(alt_main.o)
 .debug_pubnames
                0x0000016c       0x34 ../lab1_phase1_bsp\libhal_bsp.a(alt_sys_init.o)
 .debug_pubnames
                0x000001a0       0xa5 ../lab1_phase1_bsp\libhal_bsp.a(altera_avalon_jtag_uart_fd.o)
 .debug_pubnames
                0x00000245       0x55 ../lab1_phase1_bsp\libhal_bsp.a(altera_avalon_jtag_uart_init.o)
 .debug_pubnames
                0x0000029a       0x34 ../lab1_phase1_bsp\libhal_bsp.a(altera_avalon_jtag_uart_ioctl.o)
 .debug_pubnames
                0x000002ce       0x33 ../lab1_phase1_bsp\libhal_bsp.a(altera_avalon_jtag_uart_read.o)
 .debug_pubnames
                0x00000301       0x34 ../lab1_phase1_bsp\libhal_bsp.a(altera_avalon_jtag_uart_write.o)
 .debug_pubnames
                0x00000335       0x55 ../lab1_phase1_bsp\libhal_bsp.a(altera_avalon_lcd_16207.o)
 .debug_pubnames
                0x0000038a       0x37 ../lab1_phase1_bsp\libhal_bsp.a(altera_avalon_lcd_16207_fd.o)
 .debug_pubnames
                0x000003c1       0x2f ../lab1_phase1_bsp\libhal_bsp.a(altera_avalon_timer_sc.o)
 .debug_pubnames
                0x000003f0       0x26 ../lab1_phase1_bsp\libhal_bsp.a(alt_alarm_start.o)
 .debug_pubnames
                0x00000416       0x1c ../lab1_phase1_bsp\libhal_bsp.a(alt_close.o)
 .debug_pubnames
                0x00000432       0x2b ../lab1_phase1_bsp\libhal_bsp.a(alt_dcache_flush_all.o)
 .debug_pubnames
                0x0000045d       0x63 ../lab1_phase1_bsp\libhal_bsp.a(alt_dev.o)
 .debug_pubnames
                0x000004c0       0x2b ../lab1_phase1_bsp\libhal_bsp.a(alt_dev_llist_insert.o)
 .debug_pubnames
                0x000004eb       0x20 ../lab1_phase1_bsp\libhal_bsp.a(alt_do_ctors.o)
 .debug_pubnames
                0x0000050b       0x20 ../lab1_phase1_bsp\libhal_bsp.a(alt_do_dtors.o)
 .debug_pubnames
                0x0000052b       0x20 ../lab1_phase1_bsp\libhal_bsp.a(alt_errno.o)
 .debug_pubnames
                0x0000054b       0x2b ../lab1_phase1_bsp\libhal_bsp.a(alt_icache_flush_all.o)
 .debug_pubnames
                0x00000576       0x6e ../lab1_phase1_bsp\libhal_bsp.a(alt_iic.o)
 .debug_pubnames
                0x000005e4       0x2b ../lab1_phase1_bsp\libhal_bsp.a(alt_iic_isr_register.o)
 .debug_pubnames
                0x0000060f       0x26 ../lab1_phase1_bsp\libhal_bsp.a(alt_io_redirect.o)
 .debug_pubnames
                0x00000635       0x32 ../lab1_phase1_bsp\libhal_bsp.a(alt_irq_handler.o)
 .debug_pubnames
                0x00000667       0x1b ../lab1_phase1_bsp\libhal_bsp.a(alt_open.o)
 .debug_pubnames
                0x00000682       0x25 ../lab1_phase1_bsp\libhal_bsp.a(alt_release_fd.o)
 .debug_pubnames
                0x000006a7       0x68 ../lab1_phase1_bsp\libhal_bsp.a(alt_tick.o)
 .debug_pubnames
                0x0000070f       0x1d ../lab1_phase1_bsp\libhal_bsp.a(alt_usleep.o)
 .debug_pubnames
                0x0000072c       0x2c ../lab1_phase1_bsp\libhal_bsp.a(altera_nios2_irq.o)
 .debug_pubnames
                0x00000758       0x25 ../lab1_phase1_bsp\libhal_bsp.a(alt_busy_sleep.o)
 .debug_pubnames
                0x0000077d       0x23 ../lab1_phase1_bsp\libhal_bsp.a(alt_find_dev.o)
 .debug_pubnames
                0x000007a0       0x24 ../lab1_phase1_bsp\libhal_bsp.a(alt_find_file.o)
 .debug_pubnames
                0x000007c4       0x21 ../lab1_phase1_bsp\libhal_bsp.a(alt_get_fd.o)
 .debug_pubnames
                0x000007e5       0x27 ../lab1_phase1_bsp\libhal_bsp.a(alt_icache_flush.o)
 .debug_pubnames
                0x0000080c       0x2a c:/software/altera/10.1/nios2eds/bin/gnu/h-i686-mingw32/bin/../lib/gcc/nios2-elf/4.1.2/../../../../nios2-elf/lib/mno-hw-mul\libc.a(lib_a-atexit.o)
 .debug_pubnames
                0x00000836       0x2e c:/software/altera/10.1/nios2eds/bin/gnu/h-i686-mingw32/bin/../lib/gcc/nios2-elf/4.1.2/../../../../nios2-elf/lib/mno-hw-mul\libc.a(lib_a-ctype_.o)
 .debug_pubnames
                0x00000864       0x1b c:/software/altera/10.1/nios2eds/bin/gnu/h-i686-mingw32/bin/../lib/gcc/nios2-elf/4.1.2/../../../../nios2-elf/lib/mno-hw-mul\libc.a(lib_a-exit.o)
 .debug_pubnames
                0x0000087f       0x39 c:/software/altera/10.1/nios2eds/bin/gnu/h-i686-mingw32/bin/../lib/gcc/nios2-elf/4.1.2/../../../../nios2-elf/lib/mno-hw-mul\libc.a(lib_a-impure.o)
 .debug_pubnames
                0x000008b8       0x1c c:/software/altera/10.1/nios2eds/bin/gnu/h-i686-mingw32/bin/../lib/gcc/nios2-elf/4.1.2/../../../../nios2-elf/lib/mno-hw-mul\libc.a(lib_a-int_errno.o)
 .debug_pubnames
                0x000008d4       0x1d c:/software/altera/10.1/nios2eds/bin/gnu/h-i686-mingw32/bin/../lib/gcc/nios2-elf/4.1.2/../../../../nios2-elf/lib/mno-hw-mul\libc.a(lib_a-memcmp.o)
 .debug_pubnames
                0x000008f1       0x1d c:/software/altera/10.1/nios2eds/bin/gnu/h-i686-mingw32/bin/../lib/gcc/nios2-elf/4.1.2/../../../../nios2-elf/lib/mno-hw-mul\libc.a(lib_a-memcpy.o)
 .debug_pubnames
                0x0000090e       0x1d c:/software/altera/10.1/nios2eds/bin/gnu/h-i686-mingw32/bin/../lib/gcc/nios2-elf/4.1.2/../../../../nios2-elf/lib/mno-hw-mul\libc.a(lib_a-memset.o)
 .debug_pubnames
                0x0000092b       0x1d c:/software/altera/10.1/nios2eds/bin/gnu/h-i686-mingw32/bin/../lib/gcc/nios2-elf/4.1.2/../../../../nios2-elf/lib/mno-hw-mul\libc.a(lib_a-strlen.o)
 .debug_pubnames
                0x00000948       0x2a c:/software/altera/10.1/nios2eds/bin/gnu/h-i686-mingw32/bin/../lib/gcc/nios2-elf/4.1.2/../../../../nios2-elf/lib/mno-hw-mul\libc.a(lib_a-__atexit.o)
 .debug_pubnames
                0x00000972       0x27 c:/software/altera/10.1/nios2eds/bin/gnu/h-i686-mingw32/bin/../lib/gcc/nios2-elf/4.1.2/../../../../nios2-elf/lib/mno-hw-mul\libc.a(lib_a-__call_atexit.o)
 .debug_pubnames
                0x00000999       0x48 c:/software/altera/10.1/nios2eds/bin/gnu/h-i686-mingw32/bin/../lib/gcc/nios2-elf/4.1.2/mno-hw-mul\libgcc.a(lib2-divmod.o)
 .debug_pubnames
                0x000009e1       0x1f c:/software/altera/10.1/nios2eds/bin/gnu/h-i686-mingw32/bin/../lib/gcc/nios2-elf/4.1.2/mno-hw-mul\libgcc.a(lib2-mul.o)
 .debug_pubnames
                0x00000a00       0x1c ../lab1_phase1_bsp\libhal_bsp.a(alt_exit.o)

.debug_info     0x00000000     0xc41b
 *(.debug_info .gnu.linkonce.wi.*)
 .debug_info    0x00000000       0x89 ../lab1_phase1_bsp/obj/HAL/src/crt0.o
 .debug_info    0x00000089      0x353 obj/lab1_phase1.o
 .debug_info    0x000003dc      0x438 ../lab1_phase1_bsp\libhal_bsp.a(alt_irq_register.o)
 .debug_info    0x00000814      0x175 ../lab1_phase1_bsp\libhal_bsp.a(alt_irq_vars.o)
 .debug_info    0x00000989      0x29b ../lab1_phase1_bsp\libhal_bsp.a(alt_load.o)
 .debug_info    0x00000c24      0x233 ../lab1_phase1_bsp\libhal_bsp.a(alt_main.o)
 .debug_info    0x00000e57      0x961 ../lab1_phase1_bsp\libhal_bsp.a(alt_sys_init.o)
 .debug_info    0x000017b8      0x7e7 ../lab1_phase1_bsp\libhal_bsp.a(altera_avalon_jtag_uart_fd.o)
 .debug_info    0x00001f9f      0x60f ../lab1_phase1_bsp\libhal_bsp.a(altera_avalon_jtag_uart_init.o)
 .debug_info    0x000025ae      0x451 ../lab1_phase1_bsp\libhal_bsp.a(altera_avalon_jtag_uart_ioctl.o)
 .debug_info    0x000029ff      0x554 ../lab1_phase1_bsp\libhal_bsp.a(altera_avalon_jtag_uart_read.o)
 .debug_info    0x00002f53      0x54c ../lab1_phase1_bsp\libhal_bsp.a(altera_avalon_jtag_uart_write.o)
 .debug_info    0x0000349f      0x8fc ../lab1_phase1_bsp\libhal_bsp.a(altera_avalon_lcd_16207.o)
 .debug_info    0x00003d9b      0x720 ../lab1_phase1_bsp\libhal_bsp.a(altera_avalon_lcd_16207_fd.o)
 .debug_info    0x000044bb      0x399 ../lab1_phase1_bsp\libhal_bsp.a(altera_avalon_timer_sc.o)
 .debug_info    0x00004854      0x450 ../lab1_phase1_bsp\libhal_bsp.a(alt_alarm_start.o)
 .debug_info    0x00004ca4      0x475 ../lab1_phase1_bsp\libhal_bsp.a(alt_close.o)
 .debug_info    0x00005119      0x16a ../lab1_phase1_bsp\libhal_bsp.a(alt_dcache_flush_all.o)
 .debug_info    0x00005283      0x68d ../lab1_phase1_bsp\libhal_bsp.a(alt_dev.o)
 .debug_info    0x00005910      0x2c5 ../lab1_phase1_bsp\libhal_bsp.a(alt_dev_llist_insert.o)
 .debug_info    0x00005bd5       0xf1 ../lab1_phase1_bsp\libhal_bsp.a(alt_do_ctors.o)
 .debug_info    0x00005cc6       0xf0 ../lab1_phase1_bsp\libhal_bsp.a(alt_do_dtors.o)
 .debug_info    0x00005db6      0x172 ../lab1_phase1_bsp\libhal_bsp.a(alt_errno.o)
 .debug_info    0x00005f28      0x16a ../lab1_phase1_bsp\libhal_bsp.a(alt_icache_flush_all.o)
 .debug_info    0x00006092      0x4a1 ../lab1_phase1_bsp\libhal_bsp.a(alt_iic.o)
 .debug_info    0x00006533      0x322 ../lab1_phase1_bsp\libhal_bsp.a(alt_iic_isr_register.o)
 .debug_info    0x00006855      0x6a3 ../lab1_phase1_bsp\libhal_bsp.a(alt_io_redirect.o)
 .debug_info    0x00006ef8       0x92 ../lab1_phase1_bsp\libhal_bsp.a(alt_irq_entry.o)
 .debug_info    0x00006f8a      0x283 ../lab1_phase1_bsp\libhal_bsp.a(alt_irq_handler.o)
 .debug_info    0x0000720d      0x533 ../lab1_phase1_bsp\libhal_bsp.a(alt_open.o)
 .debug_info    0x00007740      0x400 ../lab1_phase1_bsp\libhal_bsp.a(alt_release_fd.o)
 .debug_info    0x00007b40      0x40c ../lab1_phase1_bsp\libhal_bsp.a(alt_tick.o)
 .debug_info    0x00007f4c      0x14a ../lab1_phase1_bsp\libhal_bsp.a(alt_usleep.o)
 .debug_info    0x00008096      0x167 ../lab1_phase1_bsp\libhal_bsp.a(altera_nios2_irq.o)
 .debug_info    0x000081fd      0x1b9 ../lab1_phase1_bsp\libhal_bsp.a(alt_busy_sleep.o)
 .debug_info    0x000083b6       0x98 ../lab1_phase1_bsp\libhal_bsp.a(alt_exception_entry.o)
 .debug_info    0x0000844e      0x426 ../lab1_phase1_bsp\libhal_bsp.a(alt_find_dev.o)
 .debug_info    0x00008874      0x42d ../lab1_phase1_bsp\libhal_bsp.a(alt_find_file.o)
 .debug_info    0x00008ca1      0x46e ../lab1_phase1_bsp\libhal_bsp.a(alt_get_fd.o)
 .debug_info    0x0000910f      0x1b2 ../lab1_phase1_bsp\libhal_bsp.a(alt_icache_flush.o)
 .debug_info    0x000092c1      0x181 c:/software/altera/10.1/nios2eds/bin/gnu/h-i686-mingw32/bin/../lib/gcc/nios2-elf/4.1.2/../../../../nios2-elf/lib/mno-hw-mul\libc.a(lib_a-atexit.o)
 .debug_info    0x00009442       0xa0 c:/software/altera/10.1/nios2eds/bin/gnu/h-i686-mingw32/bin/../lib/gcc/nios2-elf/4.1.2/../../../../nios2-elf/lib/mno-hw-mul\libc.a(lib_a-ctype_.o)
 .debug_info    0x000094e2      0x93f c:/software/altera/10.1/nios2eds/bin/gnu/h-i686-mingw32/bin/../lib/gcc/nios2-elf/4.1.2/../../../../nios2-elf/lib/mno-hw-mul\libc.a(lib_a-exit.o)
 .debug_info    0x00009e21      0x93d c:/software/altera/10.1/nios2eds/bin/gnu/h-i686-mingw32/bin/../lib/gcc/nios2-elf/4.1.2/../../../../nios2-elf/lib/mno-hw-mul\libc.a(lib_a-impure.o)
 .debug_info    0x0000a75e       0x8c c:/software/altera/10.1/nios2eds/bin/gnu/h-i686-mingw32/bin/../lib/gcc/nios2-elf/4.1.2/../../../../nios2-elf/lib/mno-hw-mul\libc.a(lib_a-int_errno.o)
 .debug_info    0x0000a7ea      0x115 c:/software/altera/10.1/nios2eds/bin/gnu/h-i686-mingw32/bin/../lib/gcc/nios2-elf/4.1.2/../../../../nios2-elf/lib/mno-hw-mul\libc.a(lib_a-memcmp.o)
 .debug_info    0x0000a8ff      0x106 c:/software/altera/10.1/nios2eds/bin/gnu/h-i686-mingw32/bin/../lib/gcc/nios2-elf/4.1.2/../../../../nios2-elf/lib/mno-hw-mul\libc.a(lib_a-memcpy.o)
 .debug_info    0x0000aa05      0x113 c:/software/altera/10.1/nios2eds/bin/gnu/h-i686-mingw32/bin/../lib/gcc/nios2-elf/4.1.2/../../../../nios2-elf/lib/mno-hw-mul\libc.a(lib_a-memset.o)
 .debug_info    0x0000ab18       0xdb c:/software/altera/10.1/nios2eds/bin/gnu/h-i686-mingw32/bin/../lib/gcc/nios2-elf/4.1.2/../../../../nios2-elf/lib/mno-hw-mul\libc.a(lib_a-strlen.o)
 .debug_info    0x0000abf3      0x99c c:/software/altera/10.1/nios2eds/bin/gnu/h-i686-mingw32/bin/../lib/gcc/nios2-elf/4.1.2/../../../../nios2-elf/lib/mno-hw-mul\libc.a(lib_a-__atexit.o)
 .debug_info    0x0000b58f      0x9e2 c:/software/altera/10.1/nios2eds/bin/gnu/h-i686-mingw32/bin/../lib/gcc/nios2-elf/4.1.2/../../../../nios2-elf/lib/mno-hw-mul\libc.a(lib_a-__call_atexit.o)
 .debug_info    0x0000bf71      0x21c c:/software/altera/10.1/nios2eds/bin/gnu/h-i686-mingw32/bin/../lib/gcc/nios2-elf/4.1.2/mno-hw-mul\libgcc.a(lib2-divmod.o)
 .debug_info    0x0000c18d       0xf3 c:/software/altera/10.1/nios2eds/bin/gnu/h-i686-mingw32/bin/../lib/gcc/nios2-elf/4.1.2/mno-hw-mul\libgcc.a(lib2-mul.o)
 .debug_info    0x0000c280      0x19b ../lab1_phase1_bsp\libhal_bsp.a(alt_exit.o)

.debug_abbrev   0x00000000     0x2d7b
 *(.debug_abbrev)
 .debug_abbrev  0x00000000       0x12 ../lab1_phase1_bsp/obj/HAL/src/crt0.o
 .debug_abbrev  0x00000012       0xde obj/lab1_phase1.o
 .debug_abbrev  0x000000f0      0x180 ../lab1_phase1_bsp\libhal_bsp.a(alt_irq_register.o)
 .debug_abbrev  0x00000270       0x44 ../lab1_phase1_bsp\libhal_bsp.a(alt_irq_vars.o)
 .debug_abbrev  0x000002b4       0x88 ../lab1_phase1_bsp\libhal_bsp.a(alt_load.o)
 .debug_abbrev  0x0000033c       0xb7 ../lab1_phase1_bsp\libhal_bsp.a(alt_main.o)
 .debug_abbrev  0x000003f3      0x158 ../lab1_phase1_bsp\libhal_bsp.a(alt_sys_init.o)
 .debug_abbrev  0x0000054b       0xf7 ../lab1_phase1_bsp\libhal_bsp.a(altera_avalon_jtag_uart_fd.o)
 .debug_abbrev  0x00000642      0x17c ../lab1_phase1_bsp\libhal_bsp.a(altera_avalon_jtag_uart_init.o)
 .debug_abbrev  0x000007be       0xf0 ../lab1_phase1_bsp\libhal_bsp.a(altera_avalon_jtag_uart_ioctl.o)
 .debug_abbrev  0x000008ae      0x191 ../lab1_phase1_bsp\libhal_bsp.a(altera_avalon_jtag_uart_read.o)
 .debug_abbrev  0x00000a3f      0x18d ../lab1_phase1_bsp\libhal_bsp.a(altera_avalon_jtag_uart_write.o)
 .debug_abbrev  0x00000bcc      0x1c3 ../lab1_phase1_bsp\libhal_bsp.a(altera_avalon_lcd_16207.o)
 .debug_abbrev  0x00000d8f      0x104 ../lab1_phase1_bsp\libhal_bsp.a(altera_avalon_lcd_16207_fd.o)
 .debug_abbrev  0x00000e93      0x137 ../lab1_phase1_bsp\libhal_bsp.a(altera_avalon_timer_sc.o)
 .debug_abbrev  0x00000fca      0x172 ../lab1_phase1_bsp\libhal_bsp.a(alt_alarm_start.o)
 .debug_abbrev  0x0000113c       0xfb ../lab1_phase1_bsp\libhal_bsp.a(alt_close.o)
 .debug_abbrev  0x00001237       0x3f ../lab1_phase1_bsp\libhal_bsp.a(alt_dcache_flush_all.o)
 .debug_abbrev  0x00001276       0xc7 ../lab1_phase1_bsp\libhal_bsp.a(alt_dev.o)
 .debug_abbrev  0x0000133d       0xf6 ../lab1_phase1_bsp\libhal_bsp.a(alt_dev_llist_insert.o)
 .debug_abbrev  0x00001433       0x74 ../lab1_phase1_bsp\libhal_bsp.a(alt_do_ctors.o)
 .debug_abbrev  0x000014a7       0x74 ../lab1_phase1_bsp\libhal_bsp.a(alt_do_dtors.o)
 .debug_abbrev  0x0000151b       0x5e ../lab1_phase1_bsp\libhal_bsp.a(alt_errno.o)
 .debug_abbrev  0x00001579       0x3f ../lab1_phase1_bsp\libhal_bsp.a(alt_icache_flush_all.o)
 .debug_abbrev  0x000015b8      0x134 ../lab1_phase1_bsp\libhal_bsp.a(alt_iic.o)
 .debug_abbrev  0x000016ec      0x14e ../lab1_phase1_bsp\libhal_bsp.a(alt_iic_isr_register.o)
 .debug_abbrev  0x0000183a       0xf0 ../lab1_phase1_bsp\libhal_bsp.a(alt_io_redirect.o)
 .debug_abbrev  0x0000192a       0x12 ../lab1_phase1_bsp\libhal_bsp.a(alt_irq_entry.o)
 .debug_abbrev  0x0000193c      0x10c ../lab1_phase1_bsp\libhal_bsp.a(alt_irq_handler.o)
 .debug_abbrev  0x00001a48      0x112 ../lab1_phase1_bsp\libhal_bsp.a(alt_open.o)
 .debug_abbrev  0x00001b5a       0xc1 ../lab1_phase1_bsp\libhal_bsp.a(alt_release_fd.o)
 .debug_abbrev  0x00001c1b      0x150 ../lab1_phase1_bsp\libhal_bsp.a(alt_tick.o)
 .debug_abbrev  0x00001d6b       0x5b ../lab1_phase1_bsp\libhal_bsp.a(alt_usleep.o)
 .debug_abbrev  0x00001dc6       0x3f ../lab1_phase1_bsp\libhal_bsp.a(altera_nios2_irq.o)
 .debug_abbrev  0x00001e05       0x6c ../lab1_phase1_bsp\libhal_bsp.a(alt_busy_sleep.o)
 .debug_abbrev  0x00001e71       0x12 ../lab1_phase1_bsp\libhal_bsp.a(alt_exception_entry.o)
 .debug_abbrev  0x00001e83       0xcf ../lab1_phase1_bsp\libhal_bsp.a(alt_find_dev.o)
 .debug_abbrev  0x00001f52       0xcf ../lab1_phase1_bsp\libhal_bsp.a(alt_find_file.o)
 .debug_abbrev  0x00002021       0xfb ../lab1_phase1_bsp\libhal_bsp.a(alt_get_fd.o)
 .debug_abbrev  0x0000211c       0x7a ../lab1_phase1_bsp\libhal_bsp.a(alt_icache_flush.o)
 .debug_abbrev  0x00002196       0xb7 c:/software/altera/10.1/nios2eds/bin/gnu/h-i686-mingw32/bin/../lib/gcc/nios2-elf/4.1.2/../../../../nios2-elf/lib/mno-hw-mul\libc.a(lib_a-atexit.o)
 .debug_abbrev  0x0000224d       0x61 c:/software/altera/10.1/nios2eds/bin/gnu/h-i686-mingw32/bin/../lib/gcc/nios2-elf/4.1.2/../../../../nios2-elf/lib/mno-hw-mul\libc.a(lib_a-ctype_.o)
 .debug_abbrev  0x000022ae      0x16e c:/software/altera/10.1/nios2eds/bin/gnu/h-i686-mingw32/bin/../lib/gcc/nios2-elf/4.1.2/../../../../nios2-elf/lib/mno-hw-mul\libc.a(lib_a-exit.o)
 .debug_abbrev  0x0000241c      0x157 c:/software/altera/10.1/nios2eds/bin/gnu/h-i686-mingw32/bin/../lib/gcc/nios2-elf/4.1.2/../../../../nios2-elf/lib/mno-hw-mul\libc.a(lib_a-impure.o)
 .debug_abbrev  0x00002573       0x3b c:/software/altera/10.1/nios2eds/bin/gnu/h-i686-mingw32/bin/../lib/gcc/nios2-elf/4.1.2/../../../../nios2-elf/lib/mno-hw-mul\libc.a(lib_a-int_errno.o)
 .debug_abbrev  0x000025ae       0x7c c:/software/altera/10.1/nios2eds/bin/gnu/h-i686-mingw32/bin/../lib/gcc/nios2-elf/4.1.2/../../../../nios2-elf/lib/mno-hw-mul\libc.a(lib_a-memcmp.o)
 .debug_abbrev  0x0000262a       0xb5 c:/software/altera/10.1/nios2eds/bin/gnu/h-i686-mingw32/bin/../lib/gcc/nios2-elf/4.1.2/../../../../nios2-elf/lib/mno-hw-mul\libc.a(lib_a-memcpy.o)
 .debug_abbrev  0x000026df       0xb8 c:/software/altera/10.1/nios2eds/bin/gnu/h-i686-mingw32/bin/../lib/gcc/nios2-elf/4.1.2/../../../../nios2-elf/lib/mno-hw-mul\libc.a(lib_a-memset.o)
 .debug_abbrev  0x00002797       0x8b c:/software/altera/10.1/nios2eds/bin/gnu/h-i686-mingw32/bin/../lib/gcc/nios2-elf/4.1.2/../../../../nios2-elf/lib/mno-hw-mul\libc.a(lib_a-strlen.o)
 .debug_abbrev  0x00002822      0x1ae c:/software/altera/10.1/nios2eds/bin/gnu/h-i686-mingw32/bin/../lib/gcc/nios2-elf/4.1.2/../../../../nios2-elf/lib/mno-hw-mul\libc.a(lib_a-__atexit.o)
 .debug_abbrev  0x000029d0      0x1de c:/software/altera/10.1/nios2eds/bin/gnu/h-i686-mingw32/bin/../lib/gcc/nios2-elf/4.1.2/../../../../nios2-elf/lib/mno-hw-mul\libc.a(lib_a-__call_atexit.o)
 .debug_abbrev  0x00002bae       0xe0 c:/software/altera/10.1/nios2eds/bin/gnu/h-i686-mingw32/bin/../lib/gcc/nios2-elf/4.1.2/mno-hw-mul\libgcc.a(lib2-divmod.o)
 .debug_abbrev  0x00002c8e       0x7b c:/software/altera/10.1/nios2eds/bin/gnu/h-i686-mingw32/bin/../lib/gcc/nios2-elf/4.1.2/mno-hw-mul\libgcc.a(lib2-mul.o)
 .debug_abbrev  0x00002d09       0x72 ../lab1_phase1_bsp\libhal_bsp.a(alt_exit.o)

.debug_line     0x00000000     0x8600
 *(.debug_line)
 .debug_line    0x00000000       0x98 ../lab1_phase1_bsp/obj/HAL/src/crt0.o
 .debug_line    0x00000098      0x428 obj/lab1_phase1.o
 .debug_line    0x000004c0      0x33b ../lab1_phase1_bsp\libhal_bsp.a(alt_irq_register.o)
 .debug_line    0x000007fb       0x9e ../lab1_phase1_bsp\libhal_bsp.a(alt_irq_vars.o)
 .debug_line    0x00000899      0x24f ../lab1_phase1_bsp\libhal_bsp.a(alt_load.o)
 .debug_line    0x00000ae8      0x302 ../lab1_phase1_bsp\libhal_bsp.a(alt_main.o)
 .debug_line    0x00000dea      0x344 ../lab1_phase1_bsp\libhal_bsp.a(alt_sys_init.o)
 .debug_line    0x0000112e      0x249 ../lab1_phase1_bsp\libhal_bsp.a(altera_avalon_jtag_uart_fd.o)
 .debug_line    0x00001377      0x4e3 ../lab1_phase1_bsp\libhal_bsp.a(altera_avalon_jtag_uart_init.o)
 .debug_line    0x0000185a      0x34f ../lab1_phase1_bsp\libhal_bsp.a(altera_avalon_jtag_uart_ioctl.o)
 .debug_line    0x00001ba9      0x42f ../lab1_phase1_bsp\libhal_bsp.a(altera_avalon_jtag_uart_read.o)
 .debug_line    0x00001fd8      0x43d ../lab1_phase1_bsp\libhal_bsp.a(altera_avalon_jtag_uart_write.o)
 .debug_line    0x00002415      0x8f9 ../lab1_phase1_bsp\libhal_bsp.a(altera_avalon_lcd_16207.o)
 .debug_line    0x00002d0e      0x1e9 ../lab1_phase1_bsp\libhal_bsp.a(altera_avalon_lcd_16207_fd.o)
 .debug_line    0x00002ef7      0x2eb ../lab1_phase1_bsp\libhal_bsp.a(altera_avalon_timer_sc.o)
 .debug_line    0x000031e2      0x314 ../lab1_phase1_bsp\libhal_bsp.a(alt_alarm_start.o)
 .debug_line    0x000034f6      0x2d1 ../lab1_phase1_bsp\libhal_bsp.a(alt_close.o)
 .debug_line    0x000037c7      0x1ed ../lab1_phase1_bsp\libhal_bsp.a(alt_dcache_flush_all.o)
 .debug_line    0x000039b4      0x28c ../lab1_phase1_bsp\libhal_bsp.a(alt_dev.o)
 .debug_line    0x00003c40      0x292 ../lab1_phase1_bsp\libhal_bsp.a(alt_dev_llist_insert.o)
 .debug_line    0x00003ed2       0xaf ../lab1_phase1_bsp\libhal_bsp.a(alt_do_ctors.o)
 .debug_line    0x00003f81       0xaf ../lab1_phase1_bsp\libhal_bsp.a(alt_do_dtors.o)
 .debug_line    0x00004030      0x1e2 ../lab1_phase1_bsp\libhal_bsp.a(alt_errno.o)
 .debug_line    0x00004212      0x1f5 ../lab1_phase1_bsp\libhal_bsp.a(alt_icache_flush_all.o)
 .debug_line    0x00004407      0x300 ../lab1_phase1_bsp\libhal_bsp.a(alt_iic.o)
 .debug_line    0x00004707      0x281 ../lab1_phase1_bsp\libhal_bsp.a(alt_iic_isr_register.o)
 .debug_line    0x00004988      0x2ec ../lab1_phase1_bsp\libhal_bsp.a(alt_io_redirect.o)
 .debug_line    0x00004c74       0x97 ../lab1_phase1_bsp\libhal_bsp.a(alt_irq_entry.o)
 .debug_line    0x00004d0b      0x280 ../lab1_phase1_bsp\libhal_bsp.a(alt_irq_handler.o)
 .debug_line    0x00004f8b      0x337 ../lab1_phase1_bsp\libhal_bsp.a(alt_open.o)
 .debug_line    0x000052c2      0x119 ../lab1_phase1_bsp\libhal_bsp.a(alt_release_fd.o)
 .debug_line    0x000053db      0x314 ../lab1_phase1_bsp\libhal_bsp.a(alt_tick.o)
 .debug_line    0x000056ef      0x240 ../lab1_phase1_bsp\libhal_bsp.a(alt_usleep.o)
 .debug_line    0x0000592f      0x201 ../lab1_phase1_bsp\libhal_bsp.a(altera_nios2_irq.o)
 .debug_line    0x00005b30      0x29a ../lab1_phase1_bsp\libhal_bsp.a(alt_busy_sleep.o)
 .debug_line    0x00005dca       0xd7 ../lab1_phase1_bsp\libhal_bsp.a(alt_exception_entry.o)
 .debug_line    0x00005ea1      0x2a3 ../lab1_phase1_bsp\libhal_bsp.a(alt_find_dev.o)
 .debug_line    0x00006144      0x2b4 ../lab1_phase1_bsp\libhal_bsp.a(alt_find_file.o)
 .debug_line    0x000063f8      0x2cf ../lab1_phase1_bsp\libhal_bsp.a(alt_get_fd.o)
 .debug_line    0x000066c7      0x231 ../lab1_phase1_bsp\libhal_bsp.a(alt_icache_flush.o)
 .debug_line    0x000068f8      0x1dd c:/software/altera/10.1/nios2eds/bin/gnu/h-i686-mingw32/bin/../lib/gcc/nios2-elf/4.1.2/../../../../nios2-elf/lib/mno-hw-mul\libc.a(lib_a-atexit.o)
 .debug_line    0x00006ad5       0x81 c:/software/altera/10.1/nios2eds/bin/gnu/h-i686-mingw32/bin/../lib/gcc/nios2-elf/4.1.2/../../../../nios2-elf/lib/mno-hw-mul\libc.a(lib_a-ctype_.o)
 .debug_line    0x00006b56      0x215 c:/software/altera/10.1/nios2eds/bin/gnu/h-i686-mingw32/bin/../lib/gcc/nios2-elf/4.1.2/../../../../nios2-elf/lib/mno-hw-mul\libc.a(lib_a-exit.o)
 .debug_line    0x00006d6b      0x1f7 c:/software/altera/10.1/nios2eds/bin/gnu/h-i686-mingw32/bin/../lib/gcc/nios2-elf/4.1.2/../../../../nios2-elf/lib/mno-hw-mul\libc.a(lib_a-impure.o)
 .debug_line    0x00006f62      0x1bc c:/software/altera/10.1/nios2eds/bin/gnu/h-i686-mingw32/bin/../lib/gcc/nios2-elf/4.1.2/../../../../nios2-elf/lib/mno-hw-mul\libc.a(lib_a-int_errno.o)
 .debug_line    0x0000711e      0x269 c:/software/altera/10.1/nios2eds/bin/gnu/h-i686-mingw32/bin/../lib/gcc/nios2-elf/4.1.2/../../../../nios2-elf/lib/mno-hw-mul\libc.a(lib_a-memcmp.o)
 .debug_line    0x00007387      0x19c c:/software/altera/10.1/nios2eds/bin/gnu/h-i686-mingw32/bin/../lib/gcc/nios2-elf/4.1.2/../../../../nios2-elf/lib/mno-hw-mul\libc.a(lib_a-memcpy.o)
 .debug_line    0x00007523      0x2cb c:/software/altera/10.1/nios2eds/bin/gnu/h-i686-mingw32/bin/../lib/gcc/nios2-elf/4.1.2/../../../../nios2-elf/lib/mno-hw-mul\libc.a(lib_a-memset.o)
 .debug_line    0x000077ee      0x237 c:/software/altera/10.1/nios2eds/bin/gnu/h-i686-mingw32/bin/../lib/gcc/nios2-elf/4.1.2/../../../../nios2-elf/lib/mno-hw-mul\libc.a(lib_a-strlen.o)
 .debug_line    0x00007a25      0x2f0 c:/software/altera/10.1/nios2eds/bin/gnu/h-i686-mingw32/bin/../lib/gcc/nios2-elf/4.1.2/../../../../nios2-elf/lib/mno-hw-mul\libc.a(lib_a-__atexit.o)
 .debug_line    0x00007d15      0x344 c:/software/altera/10.1/nios2eds/bin/gnu/h-i686-mingw32/bin/../lib/gcc/nios2-elf/4.1.2/../../../../nios2-elf/lib/mno-hw-mul\libc.a(lib_a-__call_atexit.o)
 .debug_line    0x00008059      0x24f c:/software/altera/10.1/nios2eds/bin/gnu/h-i686-mingw32/bin/../lib/gcc/nios2-elf/4.1.2/mno-hw-mul\libgcc.a(lib2-divmod.o)
 .debug_line    0x000082a8      0x11a c:/software/altera/10.1/nios2eds/bin/gnu/h-i686-mingw32/bin/../lib/gcc/nios2-elf/4.1.2/mno-hw-mul\libgcc.a(lib2-mul.o)
 .debug_line    0x000083c2      0x23e ../lab1_phase1_bsp\libhal_bsp.a(alt_exit.o)

.debug_frame    0x00000000      0xb94
 *(.debug_frame)
 .debug_frame   0x00000000       0x80 obj/lab1_phase1.o
 .debug_frame   0x00000080       0x2c ../lab1_phase1_bsp\libhal_bsp.a(alt_irq_register.o)
 .debug_frame   0x000000ac       0x48 ../lab1_phase1_bsp\libhal_bsp.a(alt_load.o)
 .debug_frame   0x000000f4       0x2c ../lab1_phase1_bsp\libhal_bsp.a(alt_main.o)
 .debug_frame   0x00000120       0x64 ../lab1_phase1_bsp\libhal_bsp.a(alt_sys_init.o)
 .debug_frame   0x00000184       0x80 ../lab1_phase1_bsp\libhal_bsp.a(altera_avalon_jtag_uart_fd.o)
 .debug_frame   0x00000204       0x80 ../lab1_phase1_bsp\libhal_bsp.a(altera_avalon_jtag_uart_init.o)
 .debug_frame   0x00000284       0x2c ../lab1_phase1_bsp\libhal_bsp.a(altera_avalon_jtag_uart_ioctl.o)
 .debug_frame   0x000002b0       0x2c ../lab1_phase1_bsp\libhal_bsp.a(altera_avalon_jtag_uart_read.o)
 .debug_frame   0x000002dc       0x2c ../lab1_phase1_bsp\libhal_bsp.a(altera_avalon_jtag_uart_write.o)
 .debug_frame   0x00000308      0x124 ../lab1_phase1_bsp\libhal_bsp.a(altera_avalon_lcd_16207.o)
 .debug_frame   0x0000042c       0x2c ../lab1_phase1_bsp\libhal_bsp.a(altera_avalon_lcd_16207_fd.o)
 .debug_frame   0x00000458       0x48 ../lab1_phase1_bsp\libhal_bsp.a(altera_avalon_timer_sc.o)
 .debug_frame   0x000004a0       0x2c ../lab1_phase1_bsp\libhal_bsp.a(alt_alarm_start.o)
 .debug_frame   0x000004cc       0x48 ../lab1_phase1_bsp\libhal_bsp.a(alt_close.o)
 .debug_frame   0x00000514       0x2c ../lab1_phase1_bsp\libhal_bsp.a(alt_dcache_flush_all.o)
 .debug_frame   0x00000540       0x2c ../lab1_phase1_bsp\libhal_bsp.a(alt_dev.o)
 .debug_frame   0x0000056c       0x48 ../lab1_phase1_bsp\libhal_bsp.a(alt_dev_llist_insert.o)
 .debug_frame   0x000005b4       0x2c ../lab1_phase1_bsp\libhal_bsp.a(alt_do_ctors.o)
 .debug_frame   0x000005e0       0x2c ../lab1_phase1_bsp\libhal_bsp.a(alt_do_dtors.o)
 .debug_frame   0x0000060c       0x2c ../lab1_phase1_bsp\libhal_bsp.a(alt_icache_flush_all.o)
 .debug_frame   0x00000638       0x80 ../lab1_phase1_bsp\libhal_bsp.a(alt_iic.o)
 .debug_frame   0x000006b8       0x2c ../lab1_phase1_bsp\libhal_bsp.a(alt_iic_isr_register.o)
 .debug_frame   0x000006e4       0x4c ../lab1_phase1_bsp\libhal_bsp.a(alt_io_redirect.o)
 .debug_frame   0x00000730       0x2c ../lab1_phase1_bsp\libhal_bsp.a(alt_irq_handler.o)
 .debug_frame   0x0000075c       0x68 ../lab1_phase1_bsp\libhal_bsp.a(alt_open.o)
 .debug_frame   0x000007c4       0x30 ../lab1_phase1_bsp\libhal_bsp.a(alt_release_fd.o)
 .debug_frame   0x000007f4       0x48 ../lab1_phase1_bsp\libhal_bsp.a(alt_tick.o)
 .debug_frame   0x0000083c       0x2c ../lab1_phase1_bsp\libhal_bsp.a(alt_usleep.o)
 .debug_frame   0x00000868       0x2c ../lab1_phase1_bsp\libhal_bsp.a(altera_nios2_irq.o)
 .debug_frame   0x00000894       0x2c ../lab1_phase1_bsp\libhal_bsp.a(alt_busy_sleep.o)
 .debug_frame   0x000008c0       0x2c ../lab1_phase1_bsp\libhal_bsp.a(alt_find_dev.o)
 .debug_frame   0x000008ec       0x2c ../lab1_phase1_bsp\libhal_bsp.a(alt_find_file.o)
 .debug_frame   0x00000918       0x30 ../lab1_phase1_bsp\libhal_bsp.a(alt_get_fd.o)
 .debug_frame   0x00000948       0x2c ../lab1_phase1_bsp\libhal_bsp.a(alt_icache_flush.o)
 .debug_frame   0x00000974       0x20 c:/software/altera/10.1/nios2eds/bin/gnu/h-i686-mingw32/bin/../lib/gcc/nios2-elf/4.1.2/../../../../nios2-elf/lib/mno-hw-mul\libc.a(lib_a-atexit.o)
 .debug_frame   0x00000994       0x28 c:/software/altera/10.1/nios2eds/bin/gnu/h-i686-mingw32/bin/../lib/gcc/nios2-elf/4.1.2/../../../../nios2-elf/lib/mno-hw-mul\libc.a(lib_a-exit.o)
 .debug_frame   0x000009bc       0x20 c:/software/altera/10.1/nios2eds/bin/gnu/h-i686-mingw32/bin/../lib/gcc/nios2-elf/4.1.2/../../../../nios2-elf/lib/mno-hw-mul\libc.a(lib_a-memcmp.o)
 .debug_frame   0x000009dc       0x20 c:/software/altera/10.1/nios2eds/bin/gnu/h-i686-mingw32/bin/../lib/gcc/nios2-elf/4.1.2/../../../../nios2-elf/lib/mno-hw-mul\libc.a(lib_a-memcpy.o)
 .debug_frame   0x000009fc       0x20 c:/software/altera/10.1/nios2eds/bin/gnu/h-i686-mingw32/bin/../lib/gcc/nios2-elf/4.1.2/../../../../nios2-elf/lib/mno-hw-mul\libc.a(lib_a-memset.o)
 .debug_frame   0x00000a1c       0x20 c:/software/altera/10.1/nios2eds/bin/gnu/h-i686-mingw32/bin/../lib/gcc/nios2-elf/4.1.2/../../../../nios2-elf/lib/mno-hw-mul\libc.a(lib_a-strlen.o)
 .debug_frame   0x00000a3c       0x34 c:/software/altera/10.1/nios2eds/bin/gnu/h-i686-mingw32/bin/../lib/gcc/nios2-elf/4.1.2/../../../../nios2-elf/lib/mno-hw-mul\libc.a(lib_a-__atexit.o)
 .debug_frame   0x00000a70       0x4c c:/software/altera/10.1/nios2eds/bin/gnu/h-i686-mingw32/bin/../lib/gcc/nios2-elf/4.1.2/../../../../nios2-elf/lib/mno-hw-mul\libc.a(lib_a-__call_atexit.o)
 .debug_frame   0x00000abc       0x70 c:/software/altera/10.1/nios2eds/bin/gnu/h-i686-mingw32/bin/../lib/gcc/nios2-elf/4.1.2/mno-hw-mul\libgcc.a(lib2-divmod.o)
 .debug_frame   0x00000b2c       0x20 c:/software/altera/10.1/nios2eds/bin/gnu/h-i686-mingw32/bin/../lib/gcc/nios2-elf/4.1.2/mno-hw-mul\libgcc.a(lib2-mul.o)
 .debug_frame   0x00000b4c       0x48 ../lab1_phase1_bsp\libhal_bsp.a(alt_exit.o)

.debug_str      0x00000000      0xda2
 *(.debug_str)
 .debug_str     0x00000000       0x26 obj/lab1_phase1.o
 .debug_str     0x00000026       0x21 ../lab1_phase1_bsp\libhal_bsp.a(alt_irq_register.o)
 .debug_str     0x00000047       0x12 ../lab1_phase1_bsp\libhal_bsp.a(alt_load.o)
 .debug_str     0x00000059       0x12 ../lab1_phase1_bsp\libhal_bsp.a(alt_main.o)
 .debug_str     0x0000006b       0x12 ../lab1_phase1_bsp\libhal_bsp.a(alt_sys_init.o)
 .debug_str     0x0000007d       0x12 ../lab1_phase1_bsp\libhal_bsp.a(altera_avalon_jtag_uart_fd.o)
 .debug_str     0x0000008f       0x1a ../lab1_phase1_bsp\libhal_bsp.a(altera_avalon_jtag_uart_init.o)
 .debug_str     0x000000a9       0x12 ../lab1_phase1_bsp\libhal_bsp.a(altera_avalon_jtag_uart_ioctl.o)
 .debug_str     0x000000bb       0x1a ../lab1_phase1_bsp\libhal_bsp.a(altera_avalon_jtag_uart_read.o)
 .debug_str     0x000000d5       0x1a ../lab1_phase1_bsp\libhal_bsp.a(altera_avalon_jtag_uart_write.o)
 .debug_str     0x000000ef       0x25 ../lab1_phase1_bsp\libhal_bsp.a(altera_avalon_lcd_16207.o)
 .debug_str     0x00000114       0x12 ../lab1_phase1_bsp\libhal_bsp.a(altera_avalon_lcd_16207_fd.o)
 .debug_str     0x00000126       0x12 ../lab1_phase1_bsp\libhal_bsp.a(altera_avalon_timer_sc.o)
 .debug_str     0x00000138       0x23 ../lab1_phase1_bsp\libhal_bsp.a(alt_alarm_start.o)
 .debug_str     0x0000015b       0x12 ../lab1_phase1_bsp\libhal_bsp.a(alt_close.o)
 .debug_str     0x0000016d       0x12 ../lab1_phase1_bsp\libhal_bsp.a(alt_dcache_flush_all.o)
 .debug_str     0x0000017f       0x12 ../lab1_phase1_bsp\libhal_bsp.a(alt_dev.o)
 .debug_str     0x00000191       0x12 ../lab1_phase1_bsp\libhal_bsp.a(alt_dev_llist_insert.o)
 .debug_str     0x000001a3       0x12 ../lab1_phase1_bsp\libhal_bsp.a(alt_errno.o)
 .debug_str     0x000001b5       0x12 ../lab1_phase1_bsp\libhal_bsp.a(alt_icache_flush_all.o)
 .debug_str     0x000001c7       0x18 ../lab1_phase1_bsp\libhal_bsp.a(alt_iic.o)
 .debug_str     0x000001df       0x1a ../lab1_phase1_bsp\libhal_bsp.a(alt_iic_isr_register.o)
 .debug_str     0x000001f9       0x12 ../lab1_phase1_bsp\libhal_bsp.a(alt_io_redirect.o)
 .debug_str     0x0000020b       0x12 ../lab1_phase1_bsp\libhal_bsp.a(alt_irq_handler.o)
 .debug_str     0x0000021d       0x12 ../lab1_phase1_bsp\libhal_bsp.a(alt_open.o)
 .debug_str     0x0000022f       0x1a ../lab1_phase1_bsp\libhal_bsp.a(alt_tick.o)
 .debug_str     0x00000249       0x12 ../lab1_phase1_bsp\libhal_bsp.a(alt_usleep.o)
 .debug_str     0x0000025b       0x12 ../lab1_phase1_bsp\libhal_bsp.a(altera_nios2_irq.o)
 .debug_str     0x0000026d       0x12 ../lab1_phase1_bsp\libhal_bsp.a(alt_busy_sleep.o)
 .debug_str     0x0000027f       0x12 ../lab1_phase1_bsp\libhal_bsp.a(alt_find_dev.o)
 .debug_str     0x00000291       0x12 ../lab1_phase1_bsp\libhal_bsp.a(alt_find_file.o)
 .debug_str     0x000002a3       0x12 ../lab1_phase1_bsp\libhal_bsp.a(alt_get_fd.o)
 .debug_str     0x000002b5       0x12 ../lab1_phase1_bsp\libhal_bsp.a(alt_icache_flush.o)
 .debug_str     0x000002c7      0x174 c:/software/altera/10.1/nios2eds/bin/gnu/h-i686-mingw32/bin/../lib/gcc/nios2-elf/4.1.2/../../../../nios2-elf/lib/mno-hw-mul\libc.a(lib_a-atexit.o)
                                0x1ba (size before relaxing)
 .debug_str     0x0000043b       0xdd c:/software/altera/10.1/nios2eds/bin/gnu/h-i686-mingw32/bin/../lib/gcc/nios2-elf/4.1.2/../../../../nios2-elf/lib/mno-hw-mul\libc.a(lib_a-ctype_.o)
                                0x100 (size before relaxing)
 .debug_str     0x00000518      0x387 c:/software/altera/10.1/nios2eds/bin/gnu/h-i686-mingw32/bin/../lib/gcc/nios2-elf/4.1.2/../../../../nios2-elf/lib/mno-hw-mul\libc.a(lib_a-exit.o)
                                0x507 (size before relaxing)
 .debug_str     0x0000089f       0xcc c:/software/altera/10.1/nios2eds/bin/gnu/h-i686-mingw32/bin/../lib/gcc/nios2-elf/4.1.2/../../../../nios2-elf/lib/mno-hw-mul\libc.a(lib_a-impure.o)
                                0x515 (size before relaxing)
 .debug_str     0x0000096b       0x40 c:/software/altera/10.1/nios2eds/bin/gnu/h-i686-mingw32/bin/../lib/gcc/nios2-elf/4.1.2/../../../../nios2-elf/lib/mno-hw-mul\libc.a(lib_a-int_errno.o)
                                0x15e (size before relaxing)
 .debug_str     0x000009ab       0xd0 c:/software/altera/10.1/nios2eds/bin/gnu/h-i686-mingw32/bin/../lib/gcc/nios2-elf/4.1.2/../../../../nios2-elf/lib/mno-hw-mul\libc.a(lib_a-memcmp.o)
                                0x165 (size before relaxing)
 .debug_str     0x00000a7b       0x6c c:/software/altera/10.1/nios2eds/bin/gnu/h-i686-mingw32/bin/../lib/gcc/nios2-elf/4.1.2/../../../../nios2-elf/lib/mno-hw-mul\libc.a(lib_a-memcpy.o)
                                0x123 (size before relaxing)
 .debug_str     0x00000ae7       0x59 c:/software/altera/10.1/nios2eds/bin/gnu/h-i686-mingw32/bin/../lib/gcc/nios2-elf/4.1.2/../../../../nios2-elf/lib/mno-hw-mul\libc.a(lib_a-memset.o)
                                0x179 (size before relaxing)
 .debug_str     0x00000b40       0x45 c:/software/altera/10.1/nios2eds/bin/gnu/h-i686-mingw32/bin/../lib/gcc/nios2-elf/4.1.2/../../../../nios2-elf/lib/mno-hw-mul\libc.a(lib_a-strlen.o)
                                0x178 (size before relaxing)
 .debug_str     0x00000b85       0x54 c:/software/altera/10.1/nios2eds/bin/gnu/h-i686-mingw32/bin/../lib/gcc/nios2-elf/4.1.2/../../../../nios2-elf/lib/mno-hw-mul\libc.a(lib_a-__atexit.o)
                                0x51f (size before relaxing)
 .debug_str     0x00000bd9       0x7e c:/software/altera/10.1/nios2eds/bin/gnu/h-i686-mingw32/bin/../lib/gcc/nios2-elf/4.1.2/../../../../nios2-elf/lib/mno-hw-mul\libc.a(lib_a-__call_atexit.o)
                                0x549 (size before relaxing)
 .debug_str     0x00000c57       0xf8 c:/software/altera/10.1/nios2eds/bin/gnu/h-i686-mingw32/bin/../lib/gcc/nios2-elf/4.1.2/mno-hw-mul\libgcc.a(lib2-divmod.o)
                                0x1a1 (size before relaxing)
 .debug_str     0x00000d4f       0x37 c:/software/altera/10.1/nios2eds/bin/gnu/h-i686-mingw32/bin/../lib/gcc/nios2-elf/4.1.2/mno-hw-mul\libgcc.a(lib2-mul.o)
                                0x162 (size before relaxing)
 .debug_str     0x00000d86       0x1c ../lab1_phase1_bsp\libhal_bsp.a(alt_exit.o)

.debug_loc      0x00000000     0x1365
 *(.debug_loc)
 .debug_loc     0x00000000       0xac obj/lab1_phase1.o
 .debug_loc     0x000000ac       0x2c ../lab1_phase1_bsp\libhal_bsp.a(alt_irq_register.o)
 .debug_loc     0x000000d8       0x56 ../lab1_phase1_bsp\libhal_bsp.a(alt_load.o)
 .debug_loc     0x0000012e       0x2b ../lab1_phase1_bsp\libhal_bsp.a(alt_main.o)
 .debug_loc     0x00000159       0x81 ../lab1_phase1_bsp\libhal_bsp.a(alt_sys_init.o)
 .debug_loc     0x000001da       0xac ../lab1_phase1_bsp\libhal_bsp.a(altera_avalon_jtag_uart_fd.o)
 .debug_loc     0x00000286       0xac ../lab1_phase1_bsp\libhal_bsp.a(altera_avalon_jtag_uart_init.o)
 .debug_loc     0x00000332       0x2b ../lab1_phase1_bsp\libhal_bsp.a(altera_avalon_jtag_uart_ioctl.o)
 .debug_loc     0x0000035d       0x2b ../lab1_phase1_bsp\libhal_bsp.a(altera_avalon_jtag_uart_read.o)
 .debug_loc     0x00000388       0x2b ../lab1_phase1_bsp\libhal_bsp.a(altera_avalon_jtag_uart_write.o)
 .debug_loc     0x000003b3      0x184 ../lab1_phase1_bsp\libhal_bsp.a(altera_avalon_lcd_16207.o)
 .debug_loc     0x00000537       0x2b ../lab1_phase1_bsp\libhal_bsp.a(altera_avalon_lcd_16207_fd.o)
 .debug_loc     0x00000562       0x56 ../lab1_phase1_bsp\libhal_bsp.a(altera_avalon_timer_sc.o)
 .debug_loc     0x000005b8       0x2b ../lab1_phase1_bsp\libhal_bsp.a(alt_alarm_start.o)
 .debug_loc     0x000005e3       0x56 ../lab1_phase1_bsp\libhal_bsp.a(alt_close.o)
 .debug_loc     0x00000639       0x2b ../lab1_phase1_bsp\libhal_bsp.a(alt_dcache_flush_all.o)
 .debug_loc     0x00000664       0x2b ../lab1_phase1_bsp\libhal_bsp.a(alt_dev.o)
 .debug_loc     0x0000068f       0x56 ../lab1_phase1_bsp\libhal_bsp.a(alt_dev_llist_insert.o)
 .debug_loc     0x000006e5       0x2b ../lab1_phase1_bsp\libhal_bsp.a(alt_do_ctors.o)
 .debug_loc     0x00000710       0x2b ../lab1_phase1_bsp\libhal_bsp.a(alt_do_dtors.o)
 .debug_loc     0x0000073b       0x2b ../lab1_phase1_bsp\libhal_bsp.a(alt_icache_flush_all.o)
 .debug_loc     0x00000766       0xac ../lab1_phase1_bsp\libhal_bsp.a(alt_iic.o)
 .debug_loc     0x00000812       0x2b ../lab1_phase1_bsp\libhal_bsp.a(alt_iic_isr_register.o)
 .debug_loc     0x0000083d       0x56 ../lab1_phase1_bsp\libhal_bsp.a(alt_io_redirect.o)
 .debug_loc     0x00000893       0x2b ../lab1_phase1_bsp\libhal_bsp.a(alt_irq_handler.o)
 .debug_loc     0x000008be       0x81 ../lab1_phase1_bsp\libhal_bsp.a(alt_open.o)
 .debug_loc     0x0000093f       0x2b ../lab1_phase1_bsp\libhal_bsp.a(alt_release_fd.o)
 .debug_loc     0x0000096a       0x56 ../lab1_phase1_bsp\libhal_bsp.a(alt_tick.o)
 .debug_loc     0x000009c0       0x2b ../lab1_phase1_bsp\libhal_bsp.a(alt_usleep.o)
 .debug_loc     0x000009eb       0x2b ../lab1_phase1_bsp\libhal_bsp.a(altera_nios2_irq.o)
 .debug_loc     0x00000a16       0x2b ../lab1_phase1_bsp\libhal_bsp.a(alt_busy_sleep.o)
 .debug_loc     0x00000a41       0x2b ../lab1_phase1_bsp\libhal_bsp.a(alt_find_dev.o)
 .debug_loc     0x00000a6c       0x2b ../lab1_phase1_bsp\libhal_bsp.a(alt_find_file.o)
 .debug_loc     0x00000a97       0x2b ../lab1_phase1_bsp\libhal_bsp.a(alt_get_fd.o)
 .debug_loc     0x00000ac2       0x2b ../lab1_phase1_bsp\libhal_bsp.a(alt_icache_flush.o)
 .debug_loc     0x00000aed       0x1e c:/software/altera/10.1/nios2eds/bin/gnu/h-i686-mingw32/bin/../lib/gcc/nios2-elf/4.1.2/../../../../nios2-elf/lib/mno-hw-mul\libc.a(lib_a-atexit.o)
 .debug_loc     0x00000b0b       0x3d c:/software/altera/10.1/nios2eds/bin/gnu/h-i686-mingw32/bin/../lib/gcc/nios2-elf/4.1.2/../../../../nios2-elf/lib/mno-hw-mul\libc.a(lib_a-exit.o)
 .debug_loc     0x00000b48      0x114 c:/software/altera/10.1/nios2eds/bin/gnu/h-i686-mingw32/bin/../lib/gcc/nios2-elf/4.1.2/../../../../nios2-elf/lib/mno-hw-mul\libc.a(lib_a-memcmp.o)
 .debug_loc     0x00000c5c       0xca c:/software/altera/10.1/nios2eds/bin/gnu/h-i686-mingw32/bin/../lib/gcc/nios2-elf/4.1.2/../../../../nios2-elf/lib/mno-hw-mul\libc.a(lib_a-memcpy.o)
 .debug_loc     0x00000d26       0xa1 c:/software/altera/10.1/nios2eds/bin/gnu/h-i686-mingw32/bin/../lib/gcc/nios2-elf/4.1.2/../../../../nios2-elf/lib/mno-hw-mul\libc.a(lib_a-memset.o)
 .debug_loc     0x00000dc7       0x3c c:/software/altera/10.1/nios2eds/bin/gnu/h-i686-mingw32/bin/../lib/gcc/nios2-elf/4.1.2/../../../../nios2-elf/lib/mno-hw-mul\libc.a(lib_a-strlen.o)
 .debug_loc     0x00000e03      0x120 c:/software/altera/10.1/nios2eds/bin/gnu/h-i686-mingw32/bin/../lib/gcc/nios2-elf/4.1.2/../../../../nios2-elf/lib/mno-hw-mul\libc.a(lib_a-__atexit.o)
 .debug_loc     0x00000f23      0x1cb c:/software/altera/10.1/nios2eds/bin/gnu/h-i686-mingw32/bin/../lib/gcc/nios2-elf/4.1.2/../../../../nios2-elf/lib/mno-hw-mul\libc.a(lib_a-__call_atexit.o)
 .debug_loc     0x000010ee      0x1d2 c:/software/altera/10.1/nios2eds/bin/gnu/h-i686-mingw32/bin/../lib/gcc/nios2-elf/4.1.2/mno-hw-mul\libgcc.a(lib2-divmod.o)
 .debug_loc     0x000012c0       0x4f c:/software/altera/10.1/nios2eds/bin/gnu/h-i686-mingw32/bin/../lib/gcc/nios2-elf/4.1.2/mno-hw-mul\libgcc.a(lib2-mul.o)
 .debug_loc     0x0000130f       0x56 ../lab1_phase1_bsp\libhal_bsp.a(alt_exit.o)

.debug_macinfo
 *(.debug_macinfo)

.debug_weaknames
 *(.debug_weaknames)

.debug_funcnames
 *(.debug_funcnames)

.debug_typenames
 *(.debug_typenames)

.debug_varnames
 *(.debug_varnames)

.debug_alt_sim_info
                0x00000000       0x50
 *(.debug_alt_sim_info)
 .debug_alt_sim_info
                0x00000000       0x20 ../lab1_phase1_bsp/obj/HAL/src/crt0.o
 .debug_alt_sim_info
                0x00000020       0x30 ../lab1_phase1_bsp\libhal_bsp.a(alt_busy_sleep.o)
                0x01000000                __alt_data_end = 0x1000000
                0x01000000                PROVIDE (__alt_stack_pointer, __alt_data_end)
                0x00807388                PROVIDE (__alt_stack_limit, __alt_stack_base)
                0x00807388                PROVIDE (__alt_heap_start, end)
                0x01000000                PROVIDE (__alt_heap_limit, 0x1000000)
OUTPUT(lab1_phase1.elf elf32-littlenios2)

.debug_ranges   0x00000000       0x90
 .debug_ranges  0x00000000       0x20 ../lab1_phase1_bsp/obj/HAL/src/crt0.o
 .debug_ranges  0x00000020       0x28 ../lab1_phase1_bsp\libhal_bsp.a(alt_irq_entry.o)
 .debug_ranges  0x00000048       0x30 ../lab1_phase1_bsp\libhal_bsp.a(alt_exception_entry.o)
 .debug_ranges  0x00000078       0x18 c:/software/altera/10.1/nios2eds/bin/gnu/h-i686-mingw32/bin/../lib/gcc/nios2-elf/4.1.2/../../../../nios2-elf/lib/mno-hw-mul\libc.a(lib_a-__call_atexit.o)
