ARM Linker, 5.02 [Build 28] [MDK-ARM Lite]

==============================================================================

Section Cross References

    startup_lpc17xx.o(RESET) refers to startup_lpc17xx.o(STACK) for __initial_sp
    startup_lpc17xx.o(RESET) refers to startup_lpc17xx.o(.text) for Reset_Handler
    startup_lpc17xx.o(RESET) refers to hal_cm3.o(.emb_text) for SVC_Handler
    startup_lpc17xx.o(.text) refers to system_lpc17xx.o(.text) for SystemInit
    startup_lpc17xx.o(.text) refers to entry.o(.ARM.Collect$$$$00000000) for __main
    glcd_spi_lpc1700.o(.text) refers to glcd_spi_lpc1700.o(.data) for driverCode
    glcd_spi_lpc1700.o(.text) refers to glcd_spi_lpc1700.o(.constdata) for Font_6x8_h
    main.o(.text) refers to dfltui.o(.text) for __aeabi_ui2d
    main.o(.text) refers to hal_cm3.o(.emb_text) for _free_box
    main.o(.text) refers to sqrt.o(i.sqrt) for sqrt
    main.o(.text) refers to dfixi.o(.text) for __aeabi_d2iz
    main.o(.text) refers to dflti.o(.text) for __aeabi_i2d
    main.o(.text) refers to dadd.o(.text) for __aeabi_drsub
    main.o(.text) refers to cdcmple.o(.text) for __aeabi_cdcmpeq
    main.o(.text) refers to main.o(.data) for m
    main.o(.text) refers to rt_semaphore.o(i.rt_sem_wait) for rt_sem_wait
    main.o(.text) refers to main.o(.bss) for MsgBox
    main.o(.text) refers to rt_mailbox.o(i.rt_mbx_wait) for rt_mbx_wait
    main.o(.text) refers to rt_semaphore.o(i.rt_sem_send) for rt_sem_send
    main.o(.text) refers to rt_time.o(i.rt_dly_wait) for rt_dly_wait
    main.o(.text) refers to rt_time.o(i.rt_time_get) for rt_time_get
    main.o(.text) refers to rt_task.o(i.rt_tsk_delete) for rt_tsk_delete
    main.o(.text) refers to rt_mailbox.o(i.rt_mbx_send) for rt_mbx_send
    main.o(.text) refers to rt_semaphore.o(i.rt_sem_init) for rt_sem_init
    main.o(.text) refers to rt_mailbox.o(i.rt_mbx_init) for rt_mbx_init
    main.o(.text) refers to system_lpc17xx.o(.text) for SystemInit
    main.o(.text) refers to glcd_spi_lpc1700.o(.text) for GLCD_Init
    main.o(.text) refers to rt_membox.o(i._init_box) for _init_box
    main.o(.text) refers to rt_task.o(i.rt_tsk_create) for rt_tsk_create
    main.o(.text) refers to rt_task.o(i.rt_sys_init) for rt_sys_init
    system_lpc17xx.o(.text) refers to system_lpc17xx.o(.data) for SystemFrequency
    rt_task.o(i.rt_block) refers to rt_list.o(i.rt_put_dly) for rt_put_dly
    rt_task.o(i.rt_block) refers to rt_list.o(i.rt_get_first) for rt_get_first
    rt_task.o(i.rt_block) refers to rt_task.o(i.rt_switch_req) for rt_switch_req
    rt_task.o(i.rt_block) refers to rt_task.o(.data) for .data
    rt_task.o(i.rt_block) refers to rt_list.o(.bss) for os_rdy
    rt_task.o(i.rt_dispatch) refers to rt_list.o(i.rt_put_rdy_first) for rt_put_rdy_first
    rt_task.o(i.rt_dispatch) refers to rt_task.o(i.rt_switch_req) for rt_switch_req
    rt_task.o(i.rt_dispatch) refers to rt_list.o(i.rt_get_first) for rt_get_first
    rt_task.o(i.rt_dispatch) refers to rt_list.o(i.rt_put_prio) for rt_put_prio
    rt_task.o(i.rt_dispatch) refers to rt_task.o(.data) for .data
    rt_task.o(i.rt_dispatch) refers to rt_list.o(.bss) for os_rdy
    rt_task.o(i.rt_init_context) refers to rt_membox.o(i.rt_alloc_box) for rt_alloc_box
    rt_task.o(i.rt_init_context) refers to hal_cm3.o(i.rt_init_stack) for rt_init_stack
    rt_task.o(i.rt_init_context) refers to rtx_conf_cm.o(.bss) for mp_stk
    rt_task.o(i.rt_switch_req) refers to hal_cm3.o(i.dbg_task_switch) for dbg_task_switch
    rt_task.o(i.rt_switch_req) refers to rt_task.o(.data) for .data
    rt_task.o(i.rt_switch_req) refers to hal_cm3.o(.data) for dbg_msg
    rt_task.o(i.rt_sys_init) refers to hal_cm3.o(i.dbg_init) for dbg_init
    rt_task.o(i.rt_sys_init) refers to rt_membox.o(i._init_box) for _init_box
    rt_task.o(i.rt_sys_init) refers to rt_task.o(i.rt_init_context) for rt_init_context
    rt_task.o(i.rt_sys_init) refers to hal_cm3.o(.emb_text) for rt_set_PSP
    rt_task.o(i.rt_sys_init) refers to rt_robin.o(i.rt_init_robin) for rt_init_robin
    rt_task.o(i.rt_sys_init) refers to rt_system.o(i.os_tick_init) for os_tick_init
    rt_task.o(i.rt_sys_init) refers to rt_task.o(i.rt_tsk_create) for rt_tsk_create
    rt_task.o(i.rt_sys_init) refers to rtx_conf_cm.o(.bss) for os_active_TCB
    rt_task.o(i.rt_sys_init) refers to rtx_conf_cm.o(.constdata) for os_maxtaskrun
    rt_task.o(i.rt_sys_init) refers to rtx_conf_cm.o(.data) for m_tmr
    rt_task.o(i.rt_sys_init) refers to rt_task.o(.bss) for .bss
    rt_task.o(i.rt_sys_init) refers to rtx_conf_cm.o(.text) for os_idle_demon
    rt_task.o(i.rt_sys_init) refers to rt_list.o(.bss) for os_rdy
    rt_task.o(i.rt_sys_init) refers to rt_task.o(.data) for .data
    rt_task.o(i.rt_sys_init) refers to rt_system.o(.data) for os_tick_irqn
    rt_task.o(i.rt_tsk_create) refers to rt_membox.o(i.rt_alloc_box) for rt_alloc_box
    rt_task.o(i.rt_tsk_create) refers to rt_task.o(i.rt_init_context) for rt_init_context
    rt_task.o(i.rt_tsk_create) refers to hal_cm3.o(i.dbg_task_notify) for dbg_task_notify
    rt_task.o(i.rt_tsk_create) refers to rt_task.o(i.rt_dispatch) for rt_dispatch
    rt_task.o(i.rt_tsk_create) refers to rtx_conf_cm.o(.bss) for mp_tcb
    rt_task.o(i.rt_tsk_create) refers to rtx_conf_cm.o(.constdata) for os_maxtaskrun
    rt_task.o(i.rt_tsk_create) refers to hal_cm3.o(.data) for dbg_msg
    rt_task.o(i.rt_tsk_create) refers to rt_task.o(.data) for .data
    rt_task.o(i.rt_tsk_delete) refers to hal_cm3.o(.emb_text) for rt_get_PSP
    rt_task.o(i.rt_tsk_delete) refers to rt_system.o(i.rt_stk_check) for rt_stk_check
    rt_task.o(i.rt_tsk_delete) refers to rt_membox.o(i.rt_free_box) for rt_free_box
    rt_task.o(i.rt_tsk_delete) refers to hal_cm3.o(i.dbg_task_notify) for dbg_task_notify
    rt_task.o(i.rt_tsk_delete) refers to rt_task.o(i.rt_dispatch) for rt_dispatch
    rt_task.o(i.rt_tsk_delete) refers to rt_list.o(i.rt_rmv_list) for rt_rmv_list
    rt_task.o(i.rt_tsk_delete) refers to rt_list.o(i.rt_rmv_dly) for rt_rmv_dly
    rt_task.o(i.rt_tsk_delete) refers to hal_cm3.o(.data) for dbg_msg
    rt_task.o(i.rt_tsk_delete) refers to rt_task.o(.data) for .data
    rt_task.o(i.rt_tsk_delete) refers to rtx_conf_cm.o(.bss) for os_active_TCB
    rt_task.o(i.rt_tsk_delete) refers to rtx_conf_cm.o(.constdata) for os_maxtaskrun
    rt_task.o(i.rt_tsk_pass) refers to rt_list.o(i.rt_get_same_rdy_prio) for rt_get_same_rdy_prio
    rt_task.o(i.rt_tsk_pass) refers to rt_list.o(i.rt_put_prio) for rt_put_prio
    rt_task.o(i.rt_tsk_pass) refers to rt_task.o(i.rt_switch_req) for rt_switch_req
    rt_task.o(i.rt_tsk_pass) refers to rt_task.o(.data) for .data
    rt_task.o(i.rt_tsk_pass) refers to rt_list.o(.bss) for os_rdy
    rt_task.o(i.rt_tsk_prio) refers to rt_list.o(i.rt_put_prio) for rt_put_prio
    rt_task.o(i.rt_tsk_prio) refers to rt_list.o(i.rt_resort_prio) for rt_resort_prio
    rt_task.o(i.rt_tsk_prio) refers to rt_list.o(i.rt_get_first) for rt_get_first
    rt_task.o(i.rt_tsk_prio) refers to rt_task.o(i.rt_dispatch) for rt_dispatch
    rt_task.o(i.rt_tsk_prio) refers to rt_task.o(.data) for .data
    rt_task.o(i.rt_tsk_prio) refers to rtx_conf_cm.o(.constdata) for os_maxtaskrun
    rt_task.o(i.rt_tsk_prio) refers to rtx_conf_cm.o(.bss) for os_active_TCB
    rt_task.o(i.rt_tsk_prio) refers to rt_list.o(.bss) for os_rdy
    rt_task.o(i.rt_tsk_self) refers to rt_task.o(.data) for .data
    rt_mailbox.o(i.isr_mbx_receive) refers to rt_list.o(i.rt_psq_enq) for rt_psq_enq
    rt_mailbox.o(i.isr_mbx_receive) refers to rt_system.o(i.rt_psh_req) for rt_psh_req
    rt_mailbox.o(i.isr_mbx_send) refers to rt_list.o(i.rt_psq_enq) for rt_psq_enq
    rt_mailbox.o(i.isr_mbx_send) refers to rt_system.o(i.rt_psh_req) for rt_psh_req
    rt_mailbox.o(i.rt_mbx_psh) refers to rt_list.o(i.rt_get_first) for rt_get_first
    rt_mailbox.o(i.rt_mbx_psh) refers to rt_list.o(i.rt_rmv_dly) for rt_rmv_dly
    rt_mailbox.o(i.rt_mbx_psh) refers to rt_list.o(i.rt_put_prio) for rt_put_prio
    rt_mailbox.o(i.rt_mbx_psh) refers to rtx_conf_cm.o(.text) for os_error
    rt_mailbox.o(i.rt_mbx_psh) refers to rt_list.o(.bss) for os_rdy
    rt_mailbox.o(i.rt_mbx_send) refers to rt_list.o(i.rt_put_prio) for rt_put_prio
    rt_mailbox.o(i.rt_mbx_send) refers to rt_list.o(i.rt_get_first) for rt_get_first
    rt_mailbox.o(i.rt_mbx_send) refers to rt_list.o(i.rt_rmv_dly) for rt_rmv_dly
    rt_mailbox.o(i.rt_mbx_send) refers to rt_task.o(i.rt_dispatch) for rt_dispatch
    rt_mailbox.o(i.rt_mbx_send) refers to rt_task.o(i.rt_block) for rt_block
    rt_mailbox.o(i.rt_mbx_send) refers to rt_task.o(.data) for os_tsk
    rt_mailbox.o(i.rt_mbx_wait) refers to rt_list.o(i.rt_get_first) for rt_get_first
    rt_mailbox.o(i.rt_mbx_wait) refers to rt_list.o(i.rt_rmv_dly) for rt_rmv_dly
    rt_mailbox.o(i.rt_mbx_wait) refers to rt_task.o(i.rt_dispatch) for rt_dispatch
    rt_mailbox.o(i.rt_mbx_wait) refers to rt_list.o(i.rt_put_prio) for rt_put_prio
    rt_mailbox.o(i.rt_mbx_wait) refers to rt_task.o(i.rt_block) for rt_block
    rt_mailbox.o(i.rt_mbx_wait) refers to rt_task.o(.data) for os_tsk
    rt_semaphore.o(i.isr_sem_send) refers to rt_list.o(i.rt_psq_enq) for rt_psq_enq
    rt_semaphore.o(i.isr_sem_send) refers to rt_system.o(i.rt_psh_req) for rt_psh_req
    rt_semaphore.o(i.rt_sem_psh) refers to rt_list.o(i.rt_get_first) for rt_get_first
    rt_semaphore.o(i.rt_sem_psh) refers to rt_list.o(i.rt_rmv_dly) for rt_rmv_dly
    rt_semaphore.o(i.rt_sem_psh) refers to rt_list.o(i.rt_put_prio) for rt_put_prio
    rt_semaphore.o(i.rt_sem_psh) refers to rt_list.o(.bss) for os_rdy
    rt_semaphore.o(i.rt_sem_send) refers to rt_list.o(i.rt_get_first) for rt_get_first
    rt_semaphore.o(i.rt_sem_send) refers to rt_list.o(i.rt_rmv_dly) for rt_rmv_dly
    rt_semaphore.o(i.rt_sem_send) refers to rt_task.o(i.rt_dispatch) for rt_dispatch
    rt_semaphore.o(i.rt_sem_send) refers to rt_task.o(.data) for os_tsk
    rt_semaphore.o(i.rt_sem_wait) refers to rt_list.o(i.rt_put_prio) for rt_put_prio
    rt_semaphore.o(i.rt_sem_wait) refers to rt_task.o(i.rt_block) for rt_block
    rt_semaphore.o(i.rt_sem_wait) refers to rt_task.o(.data) for os_tsk
    rt_time.o(i.rt_dly_wait) refers to rt_task.o(i.rt_block) for rt_block
    rt_time.o(i.rt_itv_set) refers to rt_task.o(.data) for os_tsk
    rt_time.o(i.rt_itv_set) refers to rt_time.o(.data) for .data
    rt_time.o(i.rt_itv_wait) refers to rt_task.o(i.rt_block) for rt_block
    rt_time.o(i.rt_itv_wait) refers to rt_task.o(.data) for os_tsk
    rt_time.o(i.rt_itv_wait) refers to rt_time.o(.data) for .data
    rt_time.o(i.rt_time_get) refers to rt_time.o(.data) for .data
    rt_membox.o(i._calloc_box) refers to hal_cm3.o(.emb_text) for _alloc_box
    hal_cm3.o(.emb_text) refers to rtx_conf_cm.o(.constdata) for os_flags
    hal_cm3.o(.emb_text) refers to rt_membox.o(i.rt_alloc_box) for rt_alloc_box
    hal_cm3.o(.emb_text) refers to rt_membox.o(i.rt_free_box) for rt_free_box
    hal_cm3.o(.emb_text) refers to rt_system.o(i.rt_stk_check) for rt_stk_check
    hal_cm3.o(.emb_text) refers to rt_task.o(.data) for os_tsk
    hal_cm3.o(.emb_text) refers to SVC_Table.o(SVC_TABLE) for SVC_Count
    hal_cm3.o(.emb_text) refers to rt_system.o(i.rt_pop_req) for rt_pop_req
    hal_cm3.o(.emb_text) refers to rt_system.o(i.rt_systick) for rt_systick
    hal_cm3.o(.emb_text) refers to rt_system.o(i.os_tick_irqack) for os_tick_irqack
    hal_cm3.o(i.dbg_init) refers to hal_cm3.o(.data) for .data
    hal_cm3.o(i.rt_init_stack) refers to rtx_conf_cm.o(.constdata) for os_stackinfo
    rt_system.o(i.os_tick_init) refers to rtx_conf_cm.o(.constdata) for os_trv
    rt_system.o(i.rt_pop_req) refers to rt_list.o(i.rt_put_rdy_first) for rt_put_rdy_first
    rt_system.o(i.rt_pop_req) refers to rt_semaphore.o(i.rt_sem_psh) for rt_sem_psh
    rt_system.o(i.rt_pop_req) refers to rt_list.o(i.rt_get_first) for rt_get_first
    rt_system.o(i.rt_pop_req) refers to rt_task.o(i.rt_switch_req) for rt_switch_req
    rt_system.o(i.rt_pop_req) refers to rt_event.o(i.rt_evt_psh) for rt_evt_psh
    rt_system.o(i.rt_pop_req) refers to rt_mailbox.o(i.rt_mbx_psh) for rt_mbx_psh
    rt_system.o(i.rt_pop_req) refers to rt_task.o(.data) for os_tsk
    rt_system.o(i.rt_pop_req) refers to rtx_conf_cm.o(.bss) for os_fifo
    rt_system.o(i.rt_pop_req) refers to rt_list.o(.bss) for os_rdy
    rt_system.o(i.rt_psh_req) refers to rt_system.o(.data) for .data
    rt_system.o(i.rt_resume) refers to rt_list.o(i.rt_put_rdy_first) for rt_put_rdy_first
    rt_system.o(i.rt_resume) refers to rt_list.o(i.rt_dec_dly) for rt_dec_dly
    rt_system.o(i.rt_resume) refers to rt_timer.o(i.rt_tmr_tick) for rt_tmr_tick
    rt_system.o(i.rt_resume) refers to rt_list.o(i.rt_get_first) for rt_get_first
    rt_system.o(i.rt_resume) refers to rt_task.o(i.rt_switch_req) for rt_switch_req
    rt_system.o(i.rt_resume) refers to rt_system.o(i.rt_tsk_unlock) for rt_tsk_unlock
    rt_system.o(i.rt_resume) refers to rt_task.o(.data) for os_tsk
    rt_system.o(i.rt_resume) refers to rt_robin.o(.data) for os_robin
    rt_system.o(i.rt_resume) refers to rt_list.o(.bss) for os_dly
    rt_system.o(i.rt_resume) refers to rt_time.o(.data) for os_time
    rt_system.o(i.rt_resume) refers to rt_timer.o(.data) for os_tmr
    rt_system.o(i.rt_stk_check) refers to rtx_conf_cm.o(.text) for os_error
    rt_system.o(i.rt_stk_check) refers to rt_task.o(.data) for os_tsk
    rt_system.o(i.rt_suspend) refers to rt_system.o(i.rt_tsk_lock) for rt_tsk_lock
    rt_system.o(i.rt_suspend) refers to rt_list.o(.bss) for os_dly
    rt_system.o(i.rt_suspend) refers to rt_timer.o(.data) for os_tmr
    rt_system.o(i.rt_systick) refers to rt_list.o(i.rt_put_rdy_first) for rt_put_rdy_first
    rt_system.o(i.rt_systick) refers to rt_robin.o(i.rt_chk_robin) for rt_chk_robin
    rt_system.o(i.rt_systick) refers to rt_list.o(i.rt_dec_dly) for rt_dec_dly
    rt_system.o(i.rt_systick) refers to rt_timer.o(i.rt_tmr_tick) for rt_tmr_tick
    rt_system.o(i.rt_systick) refers to rt_list.o(i.rt_get_first) for rt_get_first
    rt_system.o(i.rt_systick) refers to rt_task.o(i.rt_switch_req) for rt_switch_req
    rt_system.o(i.rt_systick) refers to rt_task.o(.data) for os_tsk
    rt_system.o(i.rt_systick) refers to rt_time.o(.data) for os_time
    rt_system.o(i.rt_systick) refers to rt_list.o(.bss) for os_rdy
    rt_system.o(i.rt_tsk_lock) refers to rt_system.o(.data) for .data
    rt_system.o(i.rt_tsk_unlock) refers to rt_system.o(.data) for .data
    rt_list.o(i.rt_dec_dly) refers to rt_list.o(i.rt_put_prio) for rt_put_prio
    rt_list.o(i.rt_dec_dly) refers to rt_list.o(.bss) for .bss
    rt_list.o(i.rt_dec_dly) refers to rt_time.o(.data) for os_time
    rt_list.o(i.rt_get_same_rdy_prio) refers to rt_list.o(.bss) for .bss
    rt_list.o(i.rt_get_same_rdy_prio) refers to rt_task.o(.data) for os_tsk
    rt_list.o(i.rt_psq_enq) refers to rtx_conf_cm.o(.text) for os_error
    rt_list.o(i.rt_psq_enq) refers to rtx_conf_cm.o(.bss) for os_fifo
    rt_list.o(i.rt_put_dly) refers to rt_list.o(.bss) for .bss
    rt_list.o(i.rt_put_rdy_first) refers to rt_list.o(.bss) for .bss
    rt_list.o(i.rt_resort_prio) refers to rt_list.o(i.rt_rmv_list) for rt_rmv_list
    rt_list.o(i.rt_resort_prio) refers to rt_list.o(i.rt_put_prio) for rt_put_prio
    rt_list.o(i.rt_resort_prio) refers to rt_list.o(.bss) for .bss
    rt_list.o(i.rt_rmv_list) refers to rt_list.o(.bss) for .bss
    rt_robin.o(i.rt_chk_robin) refers to rt_list.o(i.rt_get_first) for rt_get_first
    rt_robin.o(i.rt_chk_robin) refers to rt_list.o(i.rt_put_prio) for rt_put_prio
    rt_robin.o(i.rt_chk_robin) refers to rt_robin.o(.data) for .data
    rt_robin.o(i.rt_chk_robin) refers to rt_list.o(.bss) for os_rdy
    rt_robin.o(i.rt_chk_robin) refers to rt_time.o(.data) for os_time
    rt_robin.o(i.rt_init_robin) refers to rt_robin.o(.data) for .data
    rt_robin.o(i.rt_init_robin) refers to rtx_conf_cm.o(.constdata) for os_rrobin
    rt_event.o(i.isr_evt_set) refers to rt_list.o(i.rt_psq_enq) for rt_psq_enq
    rt_event.o(i.isr_evt_set) refers to rt_system.o(i.rt_psh_req) for rt_psh_req
    rt_event.o(i.isr_evt_set) refers to rtx_conf_cm.o(.bss) for os_active_TCB
    rt_event.o(i.rt_evt_clr) refers to rtx_conf_cm.o(.bss) for os_active_TCB
    rt_event.o(i.rt_evt_get) refers to rt_task.o(.data) for os_tsk
    rt_event.o(i.rt_evt_psh) refers to rt_list.o(i.rt_rmv_dly) for rt_rmv_dly
    rt_event.o(i.rt_evt_psh) refers to rt_list.o(i.rt_put_prio) for rt_put_prio
    rt_event.o(i.rt_evt_psh) refers to rt_list.o(.bss) for os_rdy
    rt_event.o(i.rt_evt_set) refers to rt_list.o(i.rt_rmv_dly) for rt_rmv_dly
    rt_event.o(i.rt_evt_set) refers to rt_task.o(i.rt_dispatch) for rt_dispatch
    rt_event.o(i.rt_evt_set) refers to rtx_conf_cm.o(.bss) for os_active_TCB
    rt_event.o(i.rt_evt_wait) refers to rt_task.o(i.rt_block) for rt_block
    rt_event.o(i.rt_evt_wait) refers to rt_task.o(.data) for os_tsk
    rt_timer.o(i.rt_tmr_create) refers to rt_membox.o(i.rt_alloc_box) for rt_alloc_box
    rt_timer.o(i.rt_tmr_create) refers to rtx_conf_cm.o(.data) for m_tmr
    rt_timer.o(i.rt_tmr_create) refers to rt_timer.o(.data) for .data
    rt_timer.o(i.rt_tmr_kill) refers to rt_membox.o(i.rt_free_box) for rt_free_box
    rt_timer.o(i.rt_tmr_kill) refers to rt_timer.o(.data) for .data
    rt_timer.o(i.rt_tmr_kill) refers to rtx_conf_cm.o(.data) for m_tmr
    rt_timer.o(i.rt_tmr_tick) refers to rtx_conf_cm.o(.text) for os_tmr_call
    rt_timer.o(i.rt_tmr_tick) refers to rt_membox.o(i.rt_free_box) for rt_free_box
    rt_timer.o(i.rt_tmr_tick) refers to rt_timer.o(.data) for .data
    rt_timer.o(i.rt_tmr_tick) refers to rtx_conf_cm.o(.data) for m_tmr
    sqrt.o(i.__softfp_sqrt) refers (Special) to iusefp.o(.text) for __I$use$fp
    sqrt.o(i.__softfp_sqrt) refers to dsqrt.o(.text) for _dsqrt
    sqrt.o(i.__softfp_sqrt) refers to errno.o(i.__set_errno) for __set_errno
    sqrt.o(i.sqrt) refers (Special) to iusefp.o(.text) for __I$use$fp
    sqrt.o(i.sqrt) refers to dsqrt.o(.text) for _dsqrt
    sqrt.o(i.sqrt) refers to errno.o(i.__set_errno) for __set_errno
    sqrt_x.o(i.____softfp_sqrt$lsc) refers (Special) to iusefp.o(.text) for __I$use$fp
    sqrt_x.o(i.____softfp_sqrt$lsc) refers to cdcmple.o(.text) for __aeabi_cdcmple
    sqrt_x.o(i.____softfp_sqrt$lsc) refers to errno.o(i.__set_errno) for __set_errno
    sqrt_x.o(i.____softfp_sqrt$lsc) refers to dsqrt.o(.text) for _dsqrt
    sqrt_x.o(i.__sqrt$lsc) refers (Special) to iusefp.o(.text) for __I$use$fp
    sqrt_x.o(i.__sqrt$lsc) refers to cdcmple.o(.text) for __aeabi_cdcmple
    sqrt_x.o(i.__sqrt$lsc) refers to errno.o(i.__set_errno) for __set_errno
    sqrt_x.o(i.__sqrt$lsc) refers to dsqrt.o(.text) for _dsqrt
    entry.o(.ARM.Collect$$$$00000000) refers (Special) to entry7b.o(.ARM.Collect$$$$00000008) for _main_clock
    entry.o(.ARM.Collect$$$$00000000) refers (Special) to entry8.o(.ARM.Collect$$$$00000009) for _main_init
    entry.o(.ARM.Collect$$$$00000000) refers (Special) to entry5.o(.ARM.Collect$$$$00000004) for _main_scatterload
    entry.o(.ARM.Collect$$$$00000000) refers (Special) to entry2.o(.ARM.Collect$$$$00000001) for _main_stk
    dadd.o(.text) refers (Special) to iusefp.o(.text) for __I$use$fp
    dadd.o(.text) refers to llshl.o(.text) for __aeabi_llsl
    dadd.o(.text) refers to llsshr.o(.text) for __aeabi_lasr
    dadd.o(.text) refers to depilogue.o(.text) for _double_epilogue
    dflti.o(.text) refers (Special) to iusefp.o(.text) for __I$use$fp
    dflti.o(.text) refers to depilogue.o(.text) for _double_epilogue
    dfltui.o(.text) refers (Special) to iusefp.o(.text) for __I$use$fp
    dfltui.o(.text) refers to depilogue.o(.text) for _double_epilogue
    dfixi.o(.text) refers (Special) to iusefp.o(.text) for __I$use$fp
    dfixi.o(.text) refers to llushr.o(.text) for __aeabi_llsr
    cdcmple.o(.text) refers (Special) to iusefp.o(.text) for __I$use$fp
    entry2.o(.ARM.Collect$$$$00000001) refers to entry2.o(.ARM.Collect$$$$00002712) for __lit__00000000
    entry2.o(.ARM.Collect$$$$00002712) refers to startup_lpc17xx.o(STACK) for __initial_sp
    entry2.o(__vectab_stack_and_reset_area) refers to startup_lpc17xx.o(STACK) for __initial_sp
    entry2.o(__vectab_stack_and_reset_area) refers to entry.o(.ARM.Collect$$$$00000000) for __main
    entry5.o(.ARM.Collect$$$$00000004) refers to init.o(.text) for __scatterload
    entry8.o(.ARM.Collect$$$$00000009) refers to main.o(.text) for main
    errno.o(i.__aeabi_errno_addr) refers to errno.o(.data) for .data
    errno.o(i.__read_errno) refers to errno.o(.data) for .data
    errno.o(i.__set_errno) refers to errno.o(.data) for .data
    depilogue.o(.text) refers to llshl.o(.text) for __aeabi_llsl
    depilogue.o(.text) refers to llushr.o(.text) for __aeabi_llsr
    dsqrt.o(.text) refers to llushr.o(.text) for __aeabi_llsr
    dsqrt.o(.text) refers to depilogue.o(.text) for _double_round
    init.o(.text) refers to entry5.o(.ARM.Collect$$$$00000004) for __main_after_scatterload


==============================================================================

Removing Unused input sections from the image.

    Removing startup_lpc17xx.o(HEAP), (0 bytes).
    Removing glcd_spi_lpc1700.o(.rev16_text), (4 bytes).
    Removing glcd_spi_lpc1700.o(.revsh_text), (4 bytes).
    Removing main.o(.rev16_text), (4 bytes).
    Removing main.o(.revsh_text), (4 bytes).
    Removing system_lpc17xx.o(.rev16_text), (4 bytes).
    Removing system_lpc17xx.o(.revsh_text), (4 bytes).
    Removing rt_task.o(i.rt_tsk_pass), (48 bytes).
    Removing rt_task.o(i.rt_tsk_prio), (128 bytes).
    Removing rt_task.o(i.rt_tsk_self), (16 bytes).
    Removing rt_mailbox.o(i.isr_mbx_receive), (84 bytes).
    Removing rt_mailbox.o(i.isr_mbx_send), (14 bytes).
    Removing rt_mailbox.o(i.rt_mbx_check), (8 bytes).
    Removing rt_semaphore.o(i.isr_sem_send), (16 bytes).
    Removing rt_time.o(i.rt_itv_set), (24 bytes).
    Removing rt_time.o(i.rt_itv_wait), (44 bytes).
    Removing rt_membox.o(i._calloc_box), (30 bytes).
    Removing rt_system.o(.emb_text), (0 bytes).
    Removing rt_system.o(i.rt_psh_req), (32 bytes).
    Removing rt_system.o(i.rt_resume), (176 bytes).
    Removing rt_system.o(i.rt_suspend), (44 bytes).
    Removing rt_system.o(i.rt_tsk_lock), (80 bytes).
    Removing rt_system.o(i.rt_tsk_unlock), (80 bytes).
    Removing rt_list.o(i.rt_get_same_rdy_prio), (36 bytes).
    Removing rt_list.o(i.rt_psq_enq), (88 bytes).
    Removing rt_list.o(i.rt_resort_prio), (52 bytes).
    Removing rt_event.o(i.isr_evt_set), (40 bytes).
    Removing rt_event.o(i.rt_evt_clr), (28 bytes).
    Removing rt_event.o(i.rt_evt_get), (12 bytes).
    Removing rt_event.o(i.rt_evt_set), (96 bytes).
    Removing rt_event.o(i.rt_evt_wait), (64 bytes).
    Removing rt_timer.o(i.rt_tmr_create), (80 bytes).
    Removing rt_timer.o(i.rt_tmr_kill), (52 bytes).

33 unused section(s) (total 1396 bytes) removed from the image.

==============================================================================

Image Symbol Table

    Local Symbols

    Symbol Name                              Value     Ov Type        Size  Object(Section)

    RESET                                    0x00000000   Section      204  startup_lpc17xx.o(RESET)
    ../clib/microlib/errno.c                 0x00000000   Number         0  errno.o ABSOLUTE
    ../clib/microlib/init/entry.s            0x00000000   Number         0  entry8.o ABSOLUTE
    ../clib/microlib/init/entry.s            0x00000000   Number         0  entry7b.o ABSOLUTE
    ../clib/microlib/init/entry.s            0x00000000   Number         0  entry7a.o ABSOLUTE
    ../clib/microlib/init/entry.s            0x00000000   Number         0  entry5.o ABSOLUTE
    ../clib/microlib/init/entry.s            0x00000000   Number         0  entry2.o ABSOLUTE
    ../clib/microlib/init/entry.s            0x00000000   Number         0  entry.o ABSOLUTE
    ../clib/microlib/longlong.c              0x00000000   Number         0  llshl.o ABSOLUTE
    ../clib/microlib/longlong.c              0x00000000   Number         0  llsshr.o ABSOLUTE
    ../clib/microlib/longlong.c              0x00000000   Number         0  llushr.o ABSOLUTE
    ../clib/microlib/stubs.s                 0x00000000   Number         0  iusefp.o ABSOLUTE
    ../fplib/microlib/fpadd.c                0x00000000   Number         0  dadd.o ABSOLUTE
    ../fplib/microlib/fpepilogue.c           0x00000000   Number         0  depilogue.o ABSOLUTE
    ../fplib/microlib/fpfix.c                0x00000000   Number         0  dfixi.o ABSOLUTE
    ../fplib/microlib/fpflt.c                0x00000000   Number         0  dflti.o ABSOLUTE
    ../fplib/microlib/fpflt.c                0x00000000   Number         0  dfltui.o ABSOLUTE
    ../fplib/microlib/fpsqrt.c               0x00000000   Number         0  dsqrt.o ABSOLUTE
    ../mathlib/sqrt.c                        0x00000000   Number         0  sqrt_x.o ABSOLUTE
    ../mathlib/sqrt.c                        0x00000000   Number         0  sqrt.o ABSOLUTE
    GLCD_SPI_LPC1700.c                       0x00000000   Number         0  glcd_spi_lpc1700.o ABSOLUTE
    GLCD_SPI_LPC1700.c                       0x00000000   Number         0  glcd_spi_lpc1700.o ABSOLUTE
    RTX_Conf_CM.c                            0x00000000   Number         0  rtx_conf_cm.o ABSOLUTE
    SRC\CM\HAL_CM3.c                         0x00000000   Number         0  hal_cm3.o ABSOLUTE
    SRC\CM\SVC_Table.s                       0x00000000   Number         0  SVC_Table.o ABSOLUTE
    SRC\CM\rt_Event.c                        0x00000000   Number         0  rt_event.o ABSOLUTE
    SRC\CM\rt_List.c                         0x00000000   Number         0  rt_list.o ABSOLUTE
    SRC\CM\rt_Mailbox.c                      0x00000000   Number         0  rt_mailbox.o ABSOLUTE
    SRC\CM\rt_MemBox.c                       0x00000000   Number         0  rt_membox.o ABSOLUTE
    SRC\CM\rt_Robin.c                        0x00000000   Number         0  rt_robin.o ABSOLUTE
    SRC\CM\rt_Semaphore.c                    0x00000000   Number         0  rt_semaphore.o ABSOLUTE
    SRC\CM\rt_System.c                       0x00000000   Number         0  rt_system.o ABSOLUTE
    SRC\CM\rt_Task.c                         0x00000000   Number         0  rt_task.o ABSOLUTE
    SRC\CM\rt_Time.c                         0x00000000   Number         0  rt_time.o ABSOLUTE
    SRC\CM\rt_Timer.c                        0x00000000   Number         0  rt_timer.o ABSOLUTE
    SRC\\CM\\HAL_CM3.c                       0x00000000   Number         0  hal_cm3.o ABSOLUTE
    SRC\\CM\\rt_System.c                     0x00000000   Number         0  rt_system.o ABSOLUTE
    cdcmple.s                                0x00000000   Number         0  cdcmple.o ABSOLUTE
    dc.s                                     0x00000000   Number         0  dc.o ABSOLUTE
    handlers.s                               0x00000000   Number         0  handlers.o ABSOLUTE
    init.s                                   0x00000000   Number         0  init.o ABSOLUTE
    main.c                                   0x00000000   Number         0  main.o ABSOLUTE
    main.c                                   0x00000000   Number         0  main.o ABSOLUTE
    startup_LPC17xx.s                        0x00000000   Number         0  startup_lpc17xx.o ABSOLUTE
    system_LPC17xx.c                         0x00000000   Number         0  system_lpc17xx.o ABSOLUTE
    system_LPC17xx.c                         0x00000000   Number         0  system_lpc17xx.o ABSOLUTE
    .ARM.Collect$$$$00000000                 0x000000cc   Section        0  entry.o(.ARM.Collect$$$$00000000)
    .ARM.Collect$$$$00000001                 0x000000cc   Section        4  entry2.o(.ARM.Collect$$$$00000001)
    .ARM.Collect$$$$00000004                 0x000000d0   Section        4  entry5.o(.ARM.Collect$$$$00000004)
    .ARM.Collect$$$$00000008                 0x000000d4   Section        0  entry7b.o(.ARM.Collect$$$$00000008)
    .ARM.Collect$$$$00000009                 0x000000d4   Section        8  entry8.o(.ARM.Collect$$$$00000009)
    .ARM.Collect$$$$00002712                 0x000000dc   Section        4  entry2.o(.ARM.Collect$$$$00002712)
    __lit__00000000                          0x000000dc   Data           4  entry2.o(.ARM.Collect$$$$00002712)
    .emb_text                                0x000000e0   Section      340  hal_cm3.o(.emb_text)
    .text                                    0x00000234   Section       36  startup_lpc17xx.o(.text)
    .text                                    0x00000258   Section        0  rtx_conf_cm.o(.text)
    .text                                    0x00000262   Section        0  dflti.o(.text)
    .text                                    0x00000284   Section        0  dfltui.o(.text)
    .text                                    0x0000029e   Section        0  dfixi.o(.text)
    .text                                    0x000002dc   Section        0  llshl.o(.text)
    .text                                    0x000002fa   Section        0  iusefp.o(.text)
    i.__scatterload_null                     0x000002fa   Section        2  handlers.o(i.__scatterload_null)
    .ARM.__at_0x02FC                         0x000002fc   Section        4  startup_lpc17xx.o(.ARM.__at_0x02FC)
    .text                                    0x00000300   Section        0  glcd_spi_lpc1700.o(.text)
    delay                                    0x00000301   Thumb Code    14  glcd_spi_lpc1700.o(.text)
    wr_cmd                                   0x0000030f   Thumb Code    36  glcd_spi_lpc1700.o(.text)
    wr_dat                                   0x00000333   Thumb Code    36  glcd_spi_lpc1700.o(.text)
    rd_reg                                   0x00000357   Thumb Code    66  glcd_spi_lpc1700.o(.text)
    spi_send                                 0x00000a8d   Thumb Code    26  glcd_spi_lpc1700.o(.text)
    wr_dat_start                             0x00000aa7   Thumb Code    16  glcd_spi_lpc1700.o(.text)
    wr_dat_stop                              0x00000ab7   Thumb Code     8  glcd_spi_lpc1700.o(.text)
    wr_dat_only                              0x00000abf   Thumb Code    18  glcd_spi_lpc1700.o(.text)
    wr_reg                                   0x00000ad1   Thumb Code    20  glcd_spi_lpc1700.o(.text)
    .text                                    0x00000afc   Section        0  main.o(.text)
    .text                                    0x00001034   Section        0  system_lpc17xx.o(.text)
    .text                                    0x00001250   Section        0  dadd.o(.text)
    .text                                    0x000013a0   Section       40  cdcmple.o(.text)
    .text                                    0x000013c8   Section        0  llushr.o(.text)
    .text                                    0x000013e8   Section        0  llsshr.o(.text)
    .text                                    0x0000140c   Section        0  depilogue.o(.text)
    .text                                    0x000014ca   Section        0  dsqrt.o(.text)
    .text                                    0x0000156c   Section       36  init.o(.text)
    SVC_TABLE                                0x00001590   Section        4  SVC_Table.o(SVC_TABLE)
    i.__scatterload_copy                     0x00001594   Section       14  handlers.o(i.__scatterload_copy)
    i.__scatterload_zeroinit                 0x000015a2   Section       14  handlers.o(i.__scatterload_zeroinit)
    i.__set_errno                            0x000015b0   Section        0  errno.o(i.__set_errno)
    i._init_box                              0x000015bc   Section        0  rt_membox.o(i._init_box)
    i.dbg_init                               0x00001604   Section        0  hal_cm3.o(i.dbg_init)
    i.dbg_task_notify                        0x00001634   Section        0  hal_cm3.o(i.dbg_task_notify)
    i.dbg_task_switch                        0x00001654   Section        0  hal_cm3.o(i.dbg_task_switch)
    i.os_tick_init                           0x00001664   Section        0  rt_system.o(i.os_tick_init)
    i.os_tick_irqack                         0x0000168c   Section        0  rt_system.o(i.os_tick_irqack)
    i.rt_alloc_box                           0x0000168e   Section        0  rt_membox.o(i.rt_alloc_box)
    i.rt_block                               0x000016a8   Section        0  rt_task.o(i.rt_block)
    i.rt_chk_robin                           0x000016e0   Section        0  rt_robin.o(i.rt_chk_robin)
    i.rt_dec_dly                             0x00001728   Section        0  rt_list.o(i.rt_dec_dly)
    i.rt_dispatch                            0x0000179c   Section        0  rt_task.o(i.rt_dispatch)
    i.rt_dly_wait                            0x000017e0   Section        0  rt_time.o(i.rt_dly_wait)
    i.rt_evt_psh                             0x000017e8   Section        0  rt_event.o(i.rt_evt_psh)
    i.rt_free_box                            0x00001834   Section        0  rt_membox.o(i.rt_free_box)
    i.rt_get_first                           0x00001854   Section        0  rt_list.o(i.rt_get_first)
    i.rt_init_context                        0x0000187c   Section        0  rt_task.o(i.rt_init_context)
    rt_init_context                          0x0000187d   Thumb Code    64  rt_task.o(i.rt_init_context)
    i.rt_init_robin                          0x000018c0   Section        0  rt_robin.o(i.rt_init_robin)
    i.rt_init_stack                          0x000018d8   Section        0  hal_cm3.o(i.rt_init_stack)
    i.rt_mbx_init                            0x00001928   Section        0  rt_mailbox.o(i.rt_mbx_init)
    i.rt_mbx_psh                             0x00001944   Section        0  rt_mailbox.o(i.rt_mbx_psh)
    i.rt_mbx_send                            0x00001a04   Section        0  rt_mailbox.o(i.rt_mbx_send)
    i.rt_mbx_wait                            0x00001aa4   Section        0  rt_mailbox.o(i.rt_mbx_wait)
    i.rt_pop_req                             0x00001b5c   Section        0  rt_system.o(i.rt_pop_req)
    i.rt_put_dly                             0x00001bd4   Section        0  rt_list.o(i.rt_put_dly)
    i.rt_put_prio                            0x00001c1c   Section        0  rt_list.o(i.rt_put_prio)
    i.rt_put_rdy_first                       0x00001c54   Section        0  rt_list.o(i.rt_put_rdy_first)
    i.rt_rmv_dly                             0x00001c68   Section        0  rt_list.o(i.rt_rmv_dly)
    i.rt_rmv_list                            0x00001c90   Section        0  rt_list.o(i.rt_rmv_list)
    i.rt_sem_init                            0x00001cc0   Section        0  rt_semaphore.o(i.rt_sem_init)
    i.rt_sem_psh                             0x00001ccc   Section        0  rt_semaphore.o(i.rt_sem_psh)
    i.rt_sem_send                            0x00001d00   Section        0  rt_semaphore.o(i.rt_sem_send)
    i.rt_sem_wait                            0x00001d38   Section        0  rt_semaphore.o(i.rt_sem_wait)
    i.rt_stk_check                           0x00001d74   Section        0  rt_system.o(i.rt_stk_check)
    i.rt_switch_req                          0x00001d98   Section        0  rt_task.o(i.rt_switch_req)
    i.rt_sys_init                            0x00001dc0   Section        0  rt_task.o(i.rt_sys_init)
    i.rt_systick                             0x00001f18   Section        0  rt_system.o(i.rt_systick)
    i.rt_time_get                            0x00001f54   Section        0  rt_time.o(i.rt_time_get)
    i.rt_tmr_tick                            0x00001f60   Section        0  rt_timer.o(i.rt_tmr_tick)
    i.rt_tsk_create                          0x00001fa0   Section        0  rt_task.o(i.rt_tsk_create)
    i.rt_tsk_delete                          0x00002034   Section        0  rt_task.o(i.rt_tsk_delete)
    i.sqrt                                   0x000020f0   Section        0  sqrt.o(i.sqrt)
    .constdata                               0x00002140   Section       40  rtx_conf_cm.o(.constdata)
    __tagsym$$used                           0x00002154   Number         0  rtx_conf_cm.o(.constdata)
    __tagsym$$used                           0x00002158   Number         0  rtx_conf_cm.o(.constdata)
    .constdata                               0x00002168   Section     6272  glcd_spi_lpc1700.o(.constdata)
    .data                                    0x10000000   Section        4  rtx_conf_cm.o(.data)
    .data                                    0x10000004   Section        6  glcd_spi_lpc1700.o(.data)
    TextColor                                0x10000004   Data           2  glcd_spi_lpc1700.o(.data)
    BackColor                                0x10000006   Data           2  glcd_spi_lpc1700.o(.data)
    driverCode                               0x10000008   Data           2  glcd_spi_lpc1700.o(.data)
    .data                                    0x1000000c   Section       52  main.o(.data)
    .data                                    0x10000040   Section        4  system_lpc17xx.o(.data)
    .data                                    0x10000044   Section        8  rt_task.o(.data)
    .data                                    0x1000004c   Section        4  rt_time.o(.data)
    .data                                    0x10000050   Section        1  hal_cm3.o(.data)
    .data                                    0x10000054   Section        8  rt_system.o(.data)
    os_lock                                  0x10000054   Data           1  rt_system.o(.data)
    os_psh_flag                              0x10000055   Data           1  rt_system.o(.data)
    pend_flags                               0x10000056   Data           1  rt_system.o(.data)
    .data                                    0x1000005c   Section        8  rt_robin.o(.data)
    .data                                    0x10000064   Section        8  rt_timer.o(.data)
    .data                                    0x1000006c   Section        4  errno.o(.data)
    _errno                                   0x1000006c   Data           4  errno.o(.data)
    .bss                                     0x10000070   Section     1876  rtx_conf_cm.o(.bss)
    .bss                                     0x100007c4   Section       40  main.o(.bss)
    .bss                                     0x100007ec   Section       48  rt_task.o(.bss)
    .bss                                     0x1000081c   Section       48  rt_list.o(.bss)
    STACK                                    0x10000850   Section      512  startup_lpc17xx.o(STACK)

    Global Symbols

    Symbol Name                              Value     Ov Type        Size  Object(Section)

    BuildAttributes$$THM_ISAv4$P$D$K$B$S$PE$A:L22UL41UL21$X:L11$S22US41US21$IEEE1$IW$USESV6$~STKCKD$USESV7$~SHL$OTIME$ROPI$IEEEJ$EBA8$MICROLIB$REQ8$PRES8$EABIv2 0x00000000   Number         0  anon$$obj.o ABSOLUTE
    __ARM_use_no_argv                        0x00000000   Number         0  main.o ABSOLUTE
    __Vectors                                0x00000000   Data           4  startup_lpc17xx.o(RESET)
    __decompress                              - Undefined Weak Reference
    _clock_init                               - Undefined Weak Reference
    __main                                   0x000000cd   Thumb Code     0  entry.o(.ARM.Collect$$$$00000000)
    _main_stk                                0x000000cd   Thumb Code     0  entry2.o(.ARM.Collect$$$$00000001)
    _main_scatterload                        0x000000d1   Thumb Code     0  entry5.o(.ARM.Collect$$$$00000004)
    __main_after_scatterload                 0x000000d5   Thumb Code     0  entry5.o(.ARM.Collect$$$$00000004)
    _main_clock                              0x000000d5   Thumb Code     0  entry7b.o(.ARM.Collect$$$$00000008)
    _main_init                               0x000000d5   Thumb Code     0  entry8.o(.ARM.Collect$$$$00000009)
    rt_set_PSP                               0x000000e1   Thumb Code     6  hal_cm3.o(.emb_text)
    rt_get_PSP                               0x000000e7   Thumb Code     6  hal_cm3.o(.emb_text)
    os_set_env                               0x000000ed   Thumb Code    24  hal_cm3.o(.emb_text)
    _alloc_box                               0x00000109   Thumb Code    28  hal_cm3.o(.emb_text)
    _free_box                                0x00000129   Thumb Code    28  hal_cm3.o(.emb_text)
    SVC_Handler                              0x00000149   Thumb Code   124  hal_cm3.o(.emb_text)
    PendSV_Handler                           0x000001d1   Thumb Code    76  hal_cm3.o(.emb_text)
    SysTick_Handler                          0x00000221   Thumb Code     8  hal_cm3.o(.emb_text)
    OS_Tick_Handler                          0x00000229   Thumb Code    12  hal_cm3.o(.emb_text)
    Reset_Handler                            0x00000235   Thumb Code     8  startup_lpc17xx.o(.text)
    NMI_Handler                              0x0000023d   Thumb Code     2  startup_lpc17xx.o(.text)
    HardFault_Handler                        0x0000023f   Thumb Code     2  startup_lpc17xx.o(.text)
    MemManage_Handler                        0x00000241   Thumb Code     2  startup_lpc17xx.o(.text)
    BusFault_Handler                         0x00000243   Thumb Code     2  startup_lpc17xx.o(.text)
    UsageFault_Handler                       0x00000245   Thumb Code     2  startup_lpc17xx.o(.text)
    DebugMon_Handler                         0x00000249   Thumb Code     2  startup_lpc17xx.o(.text)
    ADC_IRQHandler                           0x0000024f   Thumb Code     0  startup_lpc17xx.o(.text)
    BOD_IRQHandler                           0x0000024f   Thumb Code     0  startup_lpc17xx.o(.text)
    CANActivity_IRQHandler                   0x0000024f   Thumb Code     0  startup_lpc17xx.o(.text)
    CAN_IRQHandler                           0x0000024f   Thumb Code     0  startup_lpc17xx.o(.text)
    DMA_IRQHandler                           0x0000024f   Thumb Code     0  startup_lpc17xx.o(.text)
    EINT0_IRQHandler                         0x0000024f   Thumb Code     0  startup_lpc17xx.o(.text)
    EINT1_IRQHandler                         0x0000024f   Thumb Code     0  startup_lpc17xx.o(.text)
    EINT2_IRQHandler                         0x0000024f   Thumb Code     0  startup_lpc17xx.o(.text)
    EINT3_IRQHandler                         0x0000024f   Thumb Code     0  startup_lpc17xx.o(.text)
    ENET_IRQHandler                          0x0000024f   Thumb Code     0  startup_lpc17xx.o(.text)
    I2C0_IRQHandler                          0x0000024f   Thumb Code     0  startup_lpc17xx.o(.text)
    I2C1_IRQHandler                          0x0000024f   Thumb Code     0  startup_lpc17xx.o(.text)
    I2C2_IRQHandler                          0x0000024f   Thumb Code     0  startup_lpc17xx.o(.text)
    I2S_IRQHandler                           0x0000024f   Thumb Code     0  startup_lpc17xx.o(.text)
    MCPWM_IRQHandler                         0x0000024f   Thumb Code     0  startup_lpc17xx.o(.text)
    PLL0_IRQHandler                          0x0000024f   Thumb Code     0  startup_lpc17xx.o(.text)
    PLL1_IRQHandler                          0x0000024f   Thumb Code     0  startup_lpc17xx.o(.text)
    PWM1_IRQHandler                          0x0000024f   Thumb Code     0  startup_lpc17xx.o(.text)
    QEI_IRQHandler                           0x0000024f   Thumb Code     0  startup_lpc17xx.o(.text)
    RIT_IRQHandler                           0x0000024f   Thumb Code     0  startup_lpc17xx.o(.text)
    RTC_IRQHandler                           0x0000024f   Thumb Code     0  startup_lpc17xx.o(.text)
    SPI_IRQHandler                           0x0000024f   Thumb Code     0  startup_lpc17xx.o(.text)
    SSP0_IRQHandler                          0x0000024f   Thumb Code     0  startup_lpc17xx.o(.text)
    SSP1_IRQHandler                          0x0000024f   Thumb Code     0  startup_lpc17xx.o(.text)
    TIMER0_IRQHandler                        0x0000024f   Thumb Code     0  startup_lpc17xx.o(.text)
    TIMER1_IRQHandler                        0x0000024f   Thumb Code     0  startup_lpc17xx.o(.text)
    TIMER2_IRQHandler                        0x0000024f   Thumb Code     0  startup_lpc17xx.o(.text)
    TIMER3_IRQHandler                        0x0000024f   Thumb Code     0  startup_lpc17xx.o(.text)
    UART0_IRQHandler                         0x0000024f   Thumb Code     0  startup_lpc17xx.o(.text)
    UART1_IRQHandler                         0x0000024f   Thumb Code     0  startup_lpc17xx.o(.text)
    UART2_IRQHandler                         0x0000024f   Thumb Code     0  startup_lpc17xx.o(.text)
    UART3_IRQHandler                         0x0000024f   Thumb Code     0  startup_lpc17xx.o(.text)
    USBActivity_IRQHandler                   0x0000024f   Thumb Code     0  startup_lpc17xx.o(.text)
    USB_IRQHandler                           0x0000024f   Thumb Code     0  startup_lpc17xx.o(.text)
    WDT_IRQHandler                           0x0000024f   Thumb Code     0  startup_lpc17xx.o(.text)
    os_idle_demon                            0x00000259   Thumb Code     4  rtx_conf_cm.o(.text)
    os_tmr_call                              0x0000025d   Thumb Code     2  rtx_conf_cm.o(.text)
    os_error                                 0x0000025f   Thumb Code     4  rtx_conf_cm.o(.text)
    __aeabi_i2d                              0x00000263   Thumb Code    34  dflti.o(.text)
    __aeabi_ui2d                             0x00000285   Thumb Code    26  dfltui.o(.text)
    __aeabi_d2iz                             0x0000029f   Thumb Code    62  dfixi.o(.text)
    __aeabi_llsl                             0x000002dd   Thumb Code    30  llshl.o(.text)
    _ll_shift_l                              0x000002dd   Thumb Code     0  llshl.o(.text)
    __I$use$fp                               0x000002fb   Thumb Code     0  iusefp.o(.text)
    __scatterload_null                       0x000002fb   Thumb Code     2  handlers.o(i.__scatterload_null)
    GLCD_Init                                0x00000399   Thumb Code   814  glcd_spi_lpc1700.o(.text)
    __RL_RTX_VER                             0x00000460   Number         0  rt_system.o ABSOLUTE
    GLCD_SetWindow                           0x000006c7   Thumb Code   106  glcd_spi_lpc1700.o(.text)
    GLCD_WindowMax                           0x00000731   Thumb Code    18  glcd_spi_lpc1700.o(.text)
    GLCD_PutPixel                            0x00000743   Thumb Code    44  glcd_spi_lpc1700.o(.text)
    GLCD_SetTextColor                        0x0000076f   Thumb Code     6  glcd_spi_lpc1700.o(.text)
    GLCD_SetBackColor                        0x00000775   Thumb Code     6  glcd_spi_lpc1700.o(.text)
    GLCD_Clear                               0x0000077b   Thumb Code    42  glcd_spi_lpc1700.o(.text)
    GLCD_DrawChar_U8                         0x000007a5   Thumb Code   112  glcd_spi_lpc1700.o(.text)
    GLCD_DrawChar_U16                        0x00000815   Thumb Code   112  glcd_spi_lpc1700.o(.text)
    GLCD_DisplayChar                         0x00000885   Thumb Code    84  glcd_spi_lpc1700.o(.text)
    GLCD_DisplayString                       0x000008d9   Thumb Code    44  glcd_spi_lpc1700.o(.text)
    GLCD_ClearLn                             0x00000905   Thumb Code    94  glcd_spi_lpc1700.o(.text)
    GLCD_Bargraph                            0x00000963   Thumb Code   106  glcd_spi_lpc1700.o(.text)
    GLCD_Bitmap                              0x000009cd   Thumb Code    90  glcd_spi_lpc1700.o(.text)
    GLCD_Bmp                                 0x00000a27   Thumb Code   100  glcd_spi_lpc1700.o(.text)
    GLCD_ScrollVertical                      0x00000a8b   Thumb Code     2  glcd_spi_lpc1700.o(.text)
    rec_task0                                0x00000afd   Thumb Code   194  main.o(.text)
    rec_task1                                0x00000bbf   Thumb Code   194  main.o(.text)
    rec_task2                                0x00000c81   Thumb Code   194  main.o(.text)
    send_task0                               0x00000d43   Thumb Code   130  main.o(.text)
    send_task1                               0x00000dc5   Thumb Code   130  main.o(.text)
    send_task2                               0x00000e47   Thumb Code   130  main.o(.text)
    initialize_task                          0x00000ec9   Thumb Code   284  main.o(.text)
    main                                     0x00000fe5   Thumb Code    48  main.o(.text)
    SystemInit                               0x00001035   Thumb Code   476  system_lpc17xx.o(.text)
    __aeabi_dadd                             0x00001251   Thumb Code   322  dadd.o(.text)
    __aeabi_dsub                             0x00001393   Thumb Code     6  dadd.o(.text)
    __aeabi_drsub                            0x00001399   Thumb Code     6  dadd.o(.text)
    __aeabi_cdcmpeq                          0x000013a1   Thumb Code     0  cdcmple.o(.text)
    __aeabi_cdcmple                          0x000013a1   Thumb Code    38  cdcmple.o(.text)
    __aeabi_llsr                             0x000013c9   Thumb Code    32  llushr.o(.text)
    _ll_ushift_r                             0x000013c9   Thumb Code     0  llushr.o(.text)
    __aeabi_lasr                             0x000013e9   Thumb Code    36  llsshr.o(.text)
    _ll_sshift_r                             0x000013e9   Thumb Code     0  llsshr.o(.text)
    _double_round                            0x0000140d   Thumb Code    26  depilogue.o(.text)
    _double_epilogue                         0x00001427   Thumb Code   164  depilogue.o(.text)
    _dsqrt                                   0x000014cb   Thumb Code   162  dsqrt.o(.text)
    __scatterload                            0x0000156d   Thumb Code    28  init.o(.text)
    __scatterload_rt2                        0x0000156d   Thumb Code     0  init.o(.text)
    SVC_Count                                0x00001590   Data           4  SVC_Table.o(SVC_TABLE)
    SVC_Table                                0x00001594   Data           0  SVC_Table.o(SVC_TABLE)
    __scatterload_copy                       0x00001595   Thumb Code    14  handlers.o(i.__scatterload_copy)
    __scatterload_zeroinit                   0x000015a3   Thumb Code    14  handlers.o(i.__scatterload_zeroinit)
    __set_errno                              0x000015b1   Thumb Code     6  errno.o(i.__set_errno)
    _init_box                                0x000015bd   Thumb Code    70  rt_membox.o(i._init_box)
    dbg_init                                 0x00001605   Thumb Code    34  hal_cm3.o(i.dbg_init)
    dbg_task_notify                          0x00001635   Thumb Code    32  hal_cm3.o(i.dbg_task_notify)
    dbg_task_switch                          0x00001655   Thumb Code    16  hal_cm3.o(i.dbg_task_switch)
    os_tick_init                             0x00001665   Thumb Code    32  rt_system.o(i.os_tick_init)
    os_tick_irqack                           0x0000168d   Thumb Code     2  rt_system.o(i.os_tick_irqack)
    rt_alloc_box                             0x0000168f   Thumb Code    26  rt_membox.o(i.rt_alloc_box)
    rt_block                                 0x000016a9   Thumb Code    48  rt_task.o(i.rt_block)
    rt_chk_robin                             0x000016e1   Thumb Code    60  rt_robin.o(i.rt_chk_robin)
    rt_dec_dly                               0x00001729   Thumb Code   106  rt_list.o(i.rt_dec_dly)
    rt_dispatch                              0x0000179d   Thumb Code    60  rt_task.o(i.rt_dispatch)
    rt_dly_wait                              0x000017e1   Thumb Code     6  rt_time.o(i.rt_dly_wait)
    rt_evt_psh                               0x000017e9   Thumb Code    72  rt_event.o(i.rt_evt_psh)
    rt_free_box                              0x00001835   Thumb Code    32  rt_membox.o(i.rt_free_box)
    rt_get_first                             0x00001855   Thumb Code    40  rt_list.o(i.rt_get_first)
    rt_init_robin                            0x000018c1   Thumb Code    14  rt_robin.o(i.rt_init_robin)
    rt_init_stack                            0x000018d9   Thumb Code    70  hal_cm3.o(i.rt_init_stack)
    rt_mbx_init                              0x00001929   Thumb Code    26  rt_mailbox.o(i.rt_mbx_init)
    rt_mbx_psh                               0x00001945   Thumb Code   188  rt_mailbox.o(i.rt_mbx_psh)
    rt_mbx_send                              0x00001a05   Thumb Code   154  rt_mailbox.o(i.rt_mbx_send)
    rt_mbx_wait                              0x00001aa5   Thumb Code   178  rt_mailbox.o(i.rt_mbx_wait)
    rt_pop_req                               0x00001b5d   Thumb Code   106  rt_system.o(i.rt_pop_req)
    rt_put_dly                               0x00001bd5   Thumb Code    68  rt_list.o(i.rt_put_dly)
    rt_put_prio                              0x00001c1d   Thumb Code    54  rt_list.o(i.rt_put_prio)
    rt_put_rdy_first                         0x00001c55   Thumb Code    14  rt_list.o(i.rt_put_rdy_first)
    rt_rmv_dly                               0x00001c69   Thumb Code    40  rt_list.o(i.rt_rmv_dly)
    rt_rmv_list                              0x00001c91   Thumb Code    44  rt_list.o(i.rt_rmv_list)
    rt_sem_init                              0x00001cc1   Thumb Code    12  rt_semaphore.o(i.rt_sem_init)
    rt_sem_psh                               0x00001ccd   Thumb Code    46  rt_semaphore.o(i.rt_sem_psh)
    rt_sem_send                              0x00001d01   Thumb Code    52  rt_semaphore.o(i.rt_sem_send)
    rt_sem_wait                              0x00001d39   Thumb Code    56  rt_semaphore.o(i.rt_sem_wait)
    rt_stk_check                             0x00001d75   Thumb Code    28  rt_system.o(i.rt_stk_check)
    rt_switch_req                            0x00001d99   Thumb Code    30  rt_task.o(i.rt_switch_req)
    rt_sys_init                              0x00001dc1   Thumb Code   266  rt_task.o(i.rt_sys_init)
    rt_systick                               0x00001f19   Thumb Code    48  rt_system.o(i.rt_systick)
    rt_time_get                              0x00001f55   Thumb Code     6  rt_time.o(i.rt_time_get)
    rt_tmr_tick                              0x00001f61   Thumb Code    56  rt_timer.o(i.rt_tmr_tick)
    rt_tsk_create                            0x00001fa1   Thumb Code   126  rt_task.o(i.rt_tsk_create)
    rt_tsk_delete                            0x00002035   Thumb Code   162  rt_task.o(i.rt_tsk_delete)
    sqrt                                     0x000020f1   Thumb Code    78  sqrt.o(i.sqrt)
    os_maxtaskrun                            0x00002140   Data           2  rtx_conf_cm.o(.constdata)
    os_stackinfo                             0x00002144   Data           4  rtx_conf_cm.o(.constdata)
    os_rrobin                                0x00002148   Data           4  rtx_conf_cm.o(.constdata)
    os_trv                                   0x0000214c   Data           4  rtx_conf_cm.o(.constdata)
    os_flags                                 0x00002150   Data           1  rtx_conf_cm.o(.constdata)
    os_clockrate                             0x00002154   Data           4  rtx_conf_cm.o(.constdata)
    os_timernum                              0x00002158   Data           4  rtx_conf_cm.o(.constdata)
    mp_tcb_size                              0x0000215c   Data           2  rtx_conf_cm.o(.constdata)
    mp_stk_size                              0x00002160   Data           4  rtx_conf_cm.o(.constdata)
    os_fifo_size                             0x00002164   Data           1  rtx_conf_cm.o(.constdata)
    mp_tmr_size                              0x00002166   Data           2  rtx_conf_cm.o(.constdata)
    Font_6x8_h                               0x00002168   Data         896  glcd_spi_lpc1700.o(.constdata)
    Font_16x24_h                             0x000024e8   Data        5376  glcd_spi_lpc1700.o(.constdata)
    Region$$Table$$Base                      0x000039e8   Number         0  anon$$obj.o(Region$$Table)
    Region$$Table$$Limit                     0x00003a08   Number         0  anon$$obj.o(Region$$Table)
    m_tmr                                    0x10000000   Data           4  rtx_conf_cm.o(.data)
    P                                        0x1000000c   Data           4  main.o(.data)
    C                                        0x10000010   Data           4  main.o(.data)
    n                                        0x10000014   Data           4  main.o(.data)
    b                                        0x10000018   Data           4  main.o(.data)
    sent                                     0x1000001c   Data           4  main.o(.data)
    receive                                  0x10000020   Data           4  main.o(.data)
    tick                                     0x10000024   Data           4  main.o(.data)
    s                                        0x10000028   Data           8  main.o(.data)
    m                                        0x10000030   Data           8  main.o(.data)
    e                                        0x10000038   Data           8  main.o(.data)
    SystemFrequency                          0x10000040   Data           4  system_lpc17xx.o(.data)
    os_tsk                                   0x10000044   Data           8  rt_task.o(.data)
    os_time                                  0x1000004c   Data           4  rt_time.o(.data)
    dbg_msg                                  0x10000050   Data           1  hal_cm3.o(.data)
    os_tick_irqn                             0x10000058   Data           4  rt_system.o(.data)
    os_robin                                 0x1000005c   Data           8  rt_robin.o(.data)
    os_tmr                                   0x10000064   Data           8  rt_timer.o(.data)
    mp_tcb                                   0x10000070   Data         300  rtx_conf_cm.o(.bss)
    mp_stk                                   0x100001a0   Data        1416  rtx_conf_cm.o(.bss)
    os_fifo                                  0x10000728   Data         132  rtx_conf_cm.o(.bss)
    os_active_TCB                            0x100007ac   Data          24  rtx_conf_cm.o(.bss)
    MsgBox                                   0x100007c4   Data          20  main.o(.bss)
    mpool                                    0x100007d8   Data          20  main.o(.bss)
    os_idle_TCB                              0x100007ec   Data          48  rt_task.o(.bss)
    os_rdy                                   0x1000081c   Data          24  rt_list.o(.bss)
    os_dly                                   0x10000834   Data          24  rt_list.o(.bss)
    __initial_sp                             0x10000a50   Data           0  startup_lpc17xx.o(STACK)



==============================================================================

Memory Map of the image

  Image Entry point : 0x00000235

  Load Region LR_1 (Base: 0x00000000, Size: 0x00003a78, Max: 0xffffffff, ABSOLUTE)

    Execution Region ER_RO (Base: 0x00000000, Size: 0x00003a08, Max: 0xffffffff, ABSOLUTE)

    Base Addr    Size         Type   Attr      Idx    E Section Name        Object

    0x00000000   0x000000cc   Data   RO            3    RESET               startup_lpc17xx.o
    0x000000cc   0x00000000   Code   RO          711  * .ARM.Collect$$$$00000000  mc_w.l(entry.o)
    0x000000cc   0x00000004   Code   RO          724    .ARM.Collect$$$$00000001  mc_w.l(entry2.o)
    0x000000d0   0x00000004   Code   RO          727    .ARM.Collect$$$$00000004  mc_w.l(entry5.o)
    0x000000d4   0x00000000   Code   RO          729    .ARM.Collect$$$$00000008  mc_w.l(entry7b.o)
    0x000000d4   0x00000008   Code   RO          730    .ARM.Collect$$$$00000009  mc_w.l(entry8.o)
    0x000000dc   0x00000004   Code   RO          725    .ARM.Collect$$$$00002712  mc_w.l(entry2.o)
    0x000000e0   0x00000154   Code   RO          406    .emb_text           RTX_CM3.LIB(hal_cm3.o)
    0x00000234   0x00000024   Code   RO            5  * .text               startup_lpc17xx.o
    0x00000258   0x0000000a   Code   RO           13    .text               rtx_conf_cm.o
    0x00000262   0x00000022   Code   RO          716    .text               mf_w.l(dflti.o)
    0x00000284   0x0000001a   Code   RO          718    .text               mf_w.l(dfltui.o)
    0x0000029e   0x0000003e   Code   RO          720    .text               mf_w.l(dfixi.o)
    0x000002dc   0x0000001e   Code   RO          731    .text               mc_w.l(llshl.o)
    0x000002fa   0x00000000   Code   RO          744    .text               mc_w.l(iusefp.o)
    0x000002fa   0x00000002   Code   RO          754    i.__scatterload_null  mc_w.l(handlers.o)
    0x000002fc   0x00000004   Code   RO            4    .ARM.__at_0x02FC    startup_lpc17xx.o
    0x00000300   0x000007fc   Code   RO           39    .text               glcd_spi_lpc1700.o
    0x00000afc   0x00000538   Code   RO           92    .text               main.o
    0x00001034   0x0000021c   Code   RO          131    .text               system_lpc17xx.o
    0x00001250   0x0000014e   Code   RO          714    .text               mf_w.l(dadd.o)
    0x0000139e   0x00000002   PAD
    0x000013a0   0x00000028   Code   RO          722    .text               mf_w.l(cdcmple.o)
    0x000013c8   0x00000020   Code   RO          733    .text               mc_w.l(llushr.o)
    0x000013e8   0x00000024   Code   RO          735    .text               mc_w.l(llsshr.o)
    0x0000140c   0x000000be   Code   RO          745    .text               mf_w.l(depilogue.o)
    0x000014ca   0x000000a2   Code   RO          747    .text               mf_w.l(dsqrt.o)
    0x0000156c   0x00000024   Code   RO          749    .text               mc_w.l(init.o)
    0x00001590   0x00000004   Code   RO          631    SVC_TABLE           RTX_CM3.LIB(SVC_Table.o)
    0x00001594   0x0000000e   Code   RO          753    i.__scatterload_copy  mc_w.l(handlers.o)
    0x000015a2   0x0000000e   Code   RO          755    i.__scatterload_zeroinit  mc_w.l(handlers.o)
    0x000015b0   0x0000000c   Code   RO          739    i.__set_errno       mc_w.l(errno.o)
    0x000015bc   0x00000046   Code   RO          377    i._init_box         RTX_CM3.LIB(rt_membox.o)
    0x00001602   0x00000002   PAD
    0x00001604   0x00000030   Code   RO          407    i.dbg_init          RTX_CM3.LIB(hal_cm3.o)
    0x00001634   0x00000020   Code   RO          408    i.dbg_task_notify   RTX_CM3.LIB(hal_cm3.o)
    0x00001654   0x00000010   Code   RO          409    i.dbg_task_switch   RTX_CM3.LIB(hal_cm3.o)
    0x00001664   0x00000028   Code   RO          448    i.os_tick_init      RTX_CM3.LIB(rt_system.o)
    0x0000168c   0x00000002   Code   RO          449    i.os_tick_irqack    RTX_CM3.LIB(rt_system.o)
    0x0000168e   0x0000001a   Code   RO          378    i.rt_alloc_box      RTX_CM3.LIB(rt_membox.o)
    0x000016a8   0x00000038   Code   RO          152    i.rt_block          RTX_CM3.LIB(rt_task.o)
    0x000016e0   0x00000048   Code   RO          610    i.rt_chk_robin      RTX_CM3.LIB(rt_robin.o)
    0x00001728   0x00000074   Code   RO          531    i.rt_dec_dly        RTX_CM3.LIB(rt_list.o)
    0x0000179c   0x00000044   Code   RO          153    i.rt_dispatch       RTX_CM3.LIB(rt_task.o)
    0x000017e0   0x00000006   Code   RO          343    i.rt_dly_wait       RTX_CM3.LIB(rt_time.o)
    0x000017e6   0x00000002   PAD
    0x000017e8   0x0000004c   Code   RO          637    i.rt_evt_psh        RTX_CM3.LIB(rt_event.o)
    0x00001834   0x00000020   Code   RO          379    i.rt_free_box       RTX_CM3.LIB(rt_membox.o)
    0x00001854   0x00000028   Code   RO          532    i.rt_get_first      RTX_CM3.LIB(rt_list.o)
    0x0000187c   0x00000044   Code   RO          154    i.rt_init_context   RTX_CM3.LIB(rt_task.o)
    0x000018c0   0x00000018   Code   RO          611    i.rt_init_robin     RTX_CM3.LIB(rt_robin.o)
    0x000018d8   0x00000050   Code   RO          410    i.rt_init_stack     RTX_CM3.LIB(hal_cm3.o)
    0x00001928   0x0000001a   Code   RO          254    i.rt_mbx_init       RTX_CM3.LIB(rt_mailbox.o)
    0x00001942   0x00000002   PAD
    0x00001944   0x000000c0   Code   RO          255    i.rt_mbx_psh        RTX_CM3.LIB(rt_mailbox.o)
    0x00001a04   0x000000a0   Code   RO          256    i.rt_mbx_send       RTX_CM3.LIB(rt_mailbox.o)
    0x00001aa4   0x000000b8   Code   RO          257    i.rt_mbx_wait       RTX_CM3.LIB(rt_mailbox.o)
    0x00001b5c   0x00000078   Code   RO          450    i.rt_pop_req        RTX_CM3.LIB(rt_system.o)
    0x00001bd4   0x00000048   Code   RO          535    i.rt_put_dly        RTX_CM3.LIB(rt_list.o)
    0x00001c1c   0x00000036   Code   RO          536    i.rt_put_prio       RTX_CM3.LIB(rt_list.o)
    0x00001c52   0x00000002   PAD
    0x00001c54   0x00000014   Code   RO          537    i.rt_put_rdy_first  RTX_CM3.LIB(rt_list.o)
    0x00001c68   0x00000028   Code   RO          539    i.rt_rmv_dly        RTX_CM3.LIB(rt_list.o)
    0x00001c90   0x00000030   Code   RO          540    i.rt_rmv_list       RTX_CM3.LIB(rt_list.o)
    0x00001cc0   0x0000000c   Code   RO          308    i.rt_sem_init       RTX_CM3.LIB(rt_semaphore.o)
    0x00001ccc   0x00000034   Code   RO          309    i.rt_sem_psh        RTX_CM3.LIB(rt_semaphore.o)
    0x00001d00   0x00000038   Code   RO          310    i.rt_sem_send       RTX_CM3.LIB(rt_semaphore.o)
    0x00001d38   0x0000003c   Code   RO          311    i.rt_sem_wait       RTX_CM3.LIB(rt_semaphore.o)
    0x00001d74   0x00000024   Code   RO          453    i.rt_stk_check      RTX_CM3.LIB(rt_system.o)
    0x00001d98   0x00000028   Code   RO          155    i.rt_switch_req     RTX_CM3.LIB(rt_task.o)
    0x00001dc0   0x00000158   Code   RO          156    i.rt_sys_init       RTX_CM3.LIB(rt_task.o)
    0x00001f18   0x0000003c   Code   RO          455    i.rt_systick        RTX_CM3.LIB(rt_system.o)
    0x00001f54   0x0000000c   Code   RO          346    i.rt_time_get       RTX_CM3.LIB(rt_time.o)
    0x00001f60   0x00000040   Code   RO          678    i.rt_tmr_tick       RTX_CM3.LIB(rt_timer.o)
    0x00001fa0   0x00000094   Code   RO          157    i.rt_tsk_create     RTX_CM3.LIB(rt_task.o)
    0x00002034   0x000000bc   Code   RO          158    i.rt_tsk_delete     RTX_CM3.LIB(rt_task.o)
    0x000020f0   0x0000004e   Code   RO          704    i.sqrt              m_ws.l(sqrt.o)
    0x0000213e   0x00000002   PAD
    0x00002140   0x00000028   Data   RO           15    .constdata          rtx_conf_cm.o
    0x00002168   0x00001880   Data   RO           40    .constdata          glcd_spi_lpc1700.o
    0x000039e8   0x00000020   Data   RO          751    Region$$Table       anon$$obj.o


    Execution Region ER_RW (Base: 0x10000000, Size: 0x00000070, Max: 0xffffffff, ABSOLUTE)

    Base Addr    Size         Type   Attr      Idx    E Section Name        Object

    0x10000000   0x00000004   Data   RW           16    .data               rtx_conf_cm.o
    0x10000004   0x00000006   Data   RW           41    .data               glcd_spi_lpc1700.o
    0x1000000a   0x00000002   PAD
    0x1000000c   0x00000034   Data   RW           94    .data               main.o
    0x10000040   0x00000004   Data   RW          132    .data               system_lpc17xx.o
    0x10000044   0x00000008   Data   RW          163    .data               RTX_CM3.LIB(rt_task.o)
    0x1000004c   0x00000004   Data   RW          347    .data               RTX_CM3.LIB(rt_time.o)
    0x10000050   0x00000001   Data   RW          411    .data               RTX_CM3.LIB(hal_cm3.o)
    0x10000051   0x00000003   PAD
    0x10000054   0x00000008   Data   RW          458    .data               RTX_CM3.LIB(rt_system.o)
    0x1000005c   0x00000008   Data   RW          612    .data               RTX_CM3.LIB(rt_robin.o)
    0x10000064   0x00000008   Data   RW          679    .data               RTX_CM3.LIB(rt_timer.o)
    0x1000006c   0x00000004   Data   RW          740    .data               mc_w.l(errno.o)


    Execution Region ER_ZI (Base: 0x10000070, Size: 0x000009e0, Max: 0xffffffff, ABSOLUTE)

    Base Addr    Size         Type   Attr      Idx    E Section Name        Object

    0x10000070   0x00000754   Zero   RW           14    .bss                rtx_conf_cm.o
    0x100007c4   0x00000028   Zero   RW           93    .bss                main.o
    0x100007ec   0x00000030   Zero   RW          162    .bss                RTX_CM3.LIB(rt_task.o)
    0x1000081c   0x00000030   Zero   RW          541    .bss                RTX_CM3.LIB(rt_list.o)
    0x1000084c   0x00000004   PAD
    0x10000850   0x00000200   Zero   RW            1    STACK               startup_lpc17xx.o


==============================================================================

Image component sizes


      Code (inc. data)   RO Data    RW Data    ZI Data      Debug   Object Name

      2044         58       6272          6          0      10560   glcd_spi_lpc1700.o
      1336        114          0         52         40       3017   main.o
        10          0         40          4       1876       9988   rtx_conf_cm.o
        40         12        204          0        512        864   startup_lpc17xx.o
       540         64          0          4          0        655   system_lpc17xx.o

    ----------------------------------------------------------------------
      3970        248       6548         68       2428      25084   Object Totals
         0          0         32          0          0          0   (incl. Generated)
         0          0          0          2          0          0   (incl. Padding)

    ----------------------------------------------------------------------

      Code (inc. data)   RO Data    RW Data    ZI Data      Debug   Library Member Name

         4          4          0          0          0        136   SVC_Table.o
       516         56          0          1          0       2465   hal_cm3.o
        76          4          0          0          0        541   rt_event.o
       390         24          0          0         48       3337   rt_list.o
       562         16          0          0          0       2431   rt_mailbox.o
       128          0          0          0          0       1489   rt_membox.o
        96         22          0          8          0        962   rt_robin.o
       180         14          0          0          0       1883   rt_semaphore.o
       258         42          0          8          0       2962   rt_system.o
       912        156          0          8         48       6282   rt_task.o
        18          6          0          4          0        866   rt_time.o
        64          8          0          8          0        583   rt_timer.o
        78          0          0          0          0         84   sqrt.o
         0          0          0          0          0          0   entry.o
         8          4          0          0          0          0   entry2.o
         4          0          0          0          0          0   entry5.o
         0          0          0          0          0          0   entry7b.o
         8          4          0          0          0          0   entry8.o
        12          6          0          4          0         68   errno.o
        30          0          0          0          0          0   handlers.o
        36          8          0          0          0         68   init.o
         0          0          0          0          0          0   iusefp.o
        30          0          0          0          0         68   llshl.o
        36          0          0          0          0         68   llsshr.o
        32          0          0          0          0         68   llushr.o
        40          2          0          0          0         68   cdcmple.o
       334          0          0          0          0        144   dadd.o
       190          0          0          0          0        176   depilogue.o
        62          0          0          0          0         80   dfixi.o
        34          0          0          0          0         76   dflti.o
        26          0          0          0          0         76   dfltui.o
       162          0          0          0          0        100   dsqrt.o

    ----------------------------------------------------------------------
      4338        376          0         44        100      25081   Library Totals
        12          0          0          3          4          0   (incl. Padding)

    ----------------------------------------------------------------------

      Code (inc. data)   RO Data    RW Data    ZI Data      Debug   Library Name

      3204        352          0         37         96      23937   RTX_CM3.LIB
        78          0          0          0          0         84   m_ws.l
       196         22          0          4          0        340   mc_w.l
       848          2          0          0          0        720   mf_w.l

    ----------------------------------------------------------------------
      4338        376          0         44        100      25081   Library Totals

    ----------------------------------------------------------------------

==============================================================================


      Code (inc. data)   RO Data    RW Data    ZI Data      Debug   

      8308        624       6548        112       2528      47357   Grand Totals
      8308        624       6548        112       2528      47357   ELF Image Totals
      8308        624       6548        112          0          0   ROM Totals

==============================================================================

    Total RO  Size (Code + RO Data)                14856 (  14.51kB)
    Total RW  Size (RW Data + ZI Data)              2640 (   2.58kB)
    Total ROM Size (Code + RO Data + RW Data)      14968 (  14.62kB)

==============================================================================

