Archive member included because of file (symbol)

c:/software/altera/10.1/nios2eds/bin/gnu/h-i686-mingw32/bin/../lib/gcc/nios2-elf/4.1.2/../../../../nios2-elf/lib/mno-hw-mul\libm.a(lib_a-s_ceil.o)
                              obj/lab2.o (ceil)
c:/software/altera/10.1/nios2eds/bin/gnu/h-i686-mingw32/bin/../lib/gcc/nios2-elf/4.1.2/../../../../nios2-elf/lib/mno-hw-mul\libm.a(lib_a-s_floor.o)
                              obj/lab2.o (floor)
c:/software/altera/10.1/nios2eds/bin/gnu/h-i686-mingw32/bin/../lib/gcc/nios2-elf/4.1.2/mno-hw-mul\libgcc.a(_addsub_df.o)
                              c:/software/altera/10.1/nios2eds/bin/gnu/h-i686-mingw32/bin/../lib/gcc/nios2-elf/4.1.2/../../../../nios2-elf/lib/mno-hw-mul\libm.a(lib_a-s_ceil.o) (__adddf3)
c:/software/altera/10.1/nios2eds/bin/gnu/h-i686-mingw32/bin/../lib/gcc/nios2-elf/4.1.2/mno-hw-mul\libgcc.a(_gt_df.o)
                              c:/software/altera/10.1/nios2eds/bin/gnu/h-i686-mingw32/bin/../lib/gcc/nios2-elf/4.1.2/../../../../nios2-elf/lib/mno-hw-mul\libm.a(lib_a-s_ceil.o) (__gtdf2)
c:/software/altera/10.1/nios2eds/bin/gnu/h-i686-mingw32/bin/../lib/gcc/nios2-elf/4.1.2/mno-hw-mul\libgcc.a(_si_to_df.o)
                              obj/lab2.o (__floatsidf)
c:/software/altera/10.1/nios2eds/bin/gnu/h-i686-mingw32/bin/../lib/gcc/nios2-elf/4.1.2/mno-hw-mul\libgcc.a(_df_to_si.o)
                              obj/lab2.o (__fixdfsi)
c:/software/altera/10.1/nios2eds/bin/gnu/h-i686-mingw32/bin/../lib/gcc/nios2-elf/4.1.2/mno-hw-mul\libgcc.a(_thenan_df.o)
                              c:/software/altera/10.1/nios2eds/bin/gnu/h-i686-mingw32/bin/../lib/gcc/nios2-elf/4.1.2/mno-hw-mul\libgcc.a(_addsub_df.o) (__thenan_df)
c:/software/altera/10.1/nios2eds/bin/gnu/h-i686-mingw32/bin/../lib/gcc/nios2-elf/4.1.2/mno-hw-mul\libgcc.a(_usi_to_df.o)
                              obj/lab2.o (__floatunsidf)
c:/software/altera/10.1/nios2eds/bin/gnu/h-i686-mingw32/bin/../lib/gcc/nios2-elf/4.1.2/mno-hw-mul\libgcc.a(lib2-divmod.o)
                              obj/lab2.o (__divsi3)
c:/software/altera/10.1/nios2eds/bin/gnu/h-i686-mingw32/bin/../lib/gcc/nios2-elf/4.1.2/mno-hw-mul\libgcc.a(lib2-divtable.o)
                              obj/lab2.o (__divsi3_table)
c:/software/altera/10.1/nios2eds/bin/gnu/h-i686-mingw32/bin/../lib/gcc/nios2-elf/4.1.2/mno-hw-mul\libgcc.a(lib2-mul.o)
                              obj/lab2.o (__mulsi3)
c:/software/altera/10.1/nios2eds/bin/gnu/h-i686-mingw32/bin/../lib/gcc/nios2-elf/4.1.2/mno-hw-mul\libgcc.a(_clzsi2.o)
                              c:/software/altera/10.1/nios2eds/bin/gnu/h-i686-mingw32/bin/../lib/gcc/nios2-elf/4.1.2/mno-hw-mul\libgcc.a(_si_to_df.o) (__clzsi2)
c:/software/altera/10.1/nios2eds/bin/gnu/h-i686-mingw32/bin/../lib/gcc/nios2-elf/4.1.2/mno-hw-mul\libgcc.a(_pack_df.o)
                              c:/software/altera/10.1/nios2eds/bin/gnu/h-i686-mingw32/bin/../lib/gcc/nios2-elf/4.1.2/mno-hw-mul\libgcc.a(_addsub_df.o) (__pack_d)
c:/software/altera/10.1/nios2eds/bin/gnu/h-i686-mingw32/bin/../lib/gcc/nios2-elf/4.1.2/mno-hw-mul\libgcc.a(_unpack_df.o)
                              c:/software/altera/10.1/nios2eds/bin/gnu/h-i686-mingw32/bin/../lib/gcc/nios2-elf/4.1.2/mno-hw-mul\libgcc.a(_addsub_df.o) (__unpack_d)
c:/software/altera/10.1/nios2eds/bin/gnu/h-i686-mingw32/bin/../lib/gcc/nios2-elf/4.1.2/mno-hw-mul\libgcc.a(_fpcmp_parts_df.o)
                              c:/software/altera/10.1/nios2eds/bin/gnu/h-i686-mingw32/bin/../lib/gcc/nios2-elf/4.1.2/mno-hw-mul\libgcc.a(_gt_df.o) (__fpcmp_parts_d)
c:/software/altera/10.1/nios2eds/bin/gnu/h-i686-mingw32/bin/../lib/gcc/nios2-elf/4.1.2/mno-hw-mul\libgcc.a(_clz.o)
                              c:/software/altera/10.1/nios2eds/bin/gnu/h-i686-mingw32/bin/../lib/gcc/nios2-elf/4.1.2/mno-hw-mul\libgcc.a(_clzsi2.o) (__clz_tab)
c:/software/altera/10.1/nios2eds/bin/gnu/h-i686-mingw32/bin/../lib/gcc/nios2-elf/4.1.2/../../../../nios2-elf/lib/mno-hw-mul\libc.a(lib_a-exit.o)
                              obj/lab2.o (exit)
c:/software/altera/10.1/nios2eds/bin/gnu/h-i686-mingw32/bin/../lib/gcc/nios2-elf/4.1.2/../../../../nios2-elf/lib/mno-hw-mul\libc.a(lib_a-impure.o)
                              c:/software/altera/10.1/nios2eds/bin/gnu/h-i686-mingw32/bin/../lib/gcc/nios2-elf/4.1.2/../../../../nios2-elf/lib/mno-hw-mul\libc.a(lib_a-exit.o) (_global_impure_ptr)
c:/software/altera/10.1/nios2eds/bin/gnu/h-i686-mingw32/bin/../lib/gcc/nios2-elf/4.1.2/../../../../nios2-elf/lib/mno-hw-mul\libc.a(lib_a-memset.o)
                              obj/lab2.o (memset)
c:/software/altera/10.1/nios2eds/bin/gnu/h-i686-mingw32/bin/../lib/gcc/nios2-elf/4.1.2/../../../../nios2-elf/lib/mno-hw-mul\libc.a(lib_a-perror.o)
                              obj/lab2.o (perror)
c:/software/altera/10.1/nios2eds/bin/gnu/h-i686-mingw32/bin/../lib/gcc/nios2-elf/4.1.2/../../../../nios2-elf/lib/mno-hw-mul\libc.a(lib_a-printf.o)
                              obj/lab2.o (printf)
[...]
Memory Configuration

Name             Origin             Length             Attributes
reset            0x00800000         0x00000020
sdram_0          0x00800020         0x007fffe0
*default*        0x00000000         0xffffffff

Linker script and memory map

LOAD ../lab2_bsp/obj/HAL/src/crt0.o
LOAD obj/LCD.o
LOAD obj/Open_I2C.o
LOAD obj/lab2.o
LOAD obj/wm8731.o
LOAD c:/software/altera/10.1/nios2eds/bin/gnu/h-i686-mingw32/bin/../lib/gcc/nios2-elf/4.1.2/../../../../nios2-elf/lib/mno-hw-mul\libstdc++.a
LOAD c:/software/altera/10.1/nios2eds/bin/gnu/h-i686-mingw32/bin/../lib/gcc/nios2-elf/4.1.2/../../../../nios2-elf/lib/mno-hw-mul\libm.a
LOAD c:/software/altera/10.1/nios2eds/bin/gnu/h-i686-mingw32/bin/../lib/gcc/nios2-elf/4.1.2/mno-hw-mul\libgcc.a
START GROUP
LOAD c:/software/altera/10.1/nios2eds/bin/gnu/h-i686-mingw32/bin/../lib/gcc/nios2-elf/4.1.2/../../../../nios2-elf/lib/mno-hw-mul\libc.a
LOAD c:/software/altera/10.1/nios2eds/bin/gnu/h-i686-mingw32/bin/../lib/gcc/nios2-elf/4.1.2/mno-hw-mul\libgcc.a
LOAD ../lab2_bsp\libhal_bsp.a
END GROUP
LOAD c:/software/altera/10.1/nios2eds/bin/gnu/h-i686-mingw32/bin/../lib/gcc/nios2-elf/4.1.2/mno-hw-mul\libgcc.a
                0x00800000                __alt_mem_sdram_0 = 0x800000

.entry          0x00800000       0x20
 *(.entry)
 .entry         0x00800000       0x20 ../lab2_bsp/obj/HAL/src/crt0.o
                0x00800000                __reset

.exceptions     0x00800020      0x194
                0x00800020                PROVIDE (__ram_exceptions_start, ABSOLUTE (.))
                0x00800020                . = ALIGN (0x20)
 *(.irq)
 *(.exceptions.entry.label)
 .exceptions.entry.label
                0x00800020        0x0 ../lab2_bsp\libhal_bsp.a(alt_irq_entry.o)
                0x00800020                alt_irq_entry
 .exceptions.entry.label
                0x00800020        0x0 ../lab2_bsp\libhal_bsp.a(alt_exception_entry.o)
                0x00800020                alt_exception
 *(.exceptions.entry.user)
 *(.exceptions.entry)
 .exceptions.entry
                0x00800020       0x54 ../lab2_bsp\libhal_bsp.a(alt_exception_entry.o)
 *(.exceptions.irqtest.user)
 *(.exceptions.irqtest)
 .exceptions.irqtest
                0x00800074       0x10 ../lab2_bsp\libhal_bsp.a(alt_irq_entry.o)
 *(.exceptions.irqhandler.user)
 *(.exceptions.irqhandler)
 .exceptions.irqhandler
                0x00800084        0x4 ../lab2_bsp\libhal_bsp.a(alt_irq_entry.o)
 *(.exceptions.irqreturn.user)
 *(.exceptions.irqreturn)
 .exceptions.irqreturn
                0x00800088        0x4 ../lab2_bsp\libhal_bsp.a(alt_irq_entry.o)
 *(.exceptions.notirq.label)
 .exceptions.notirq.label
                0x0080008c        0x0 ../lab2_bsp\libhal_bsp.a(alt_irq_entry.o)
 *(.exceptions.notirq.user)
 *(.exceptions.notirq)
 .exceptions.notirq
                0x0080008c        0x8 ../lab2_bsp\libhal_bsp.a(alt_exception_entry.o)
 *(.exceptions.soft.user)
 *(.exceptions.soft)
 *(.exceptions.unknown.user)
 *(.exceptions.unknown)
 .exceptions.unknown
                0x00800094        0x4 ../lab2_bsp\libhal_bsp.a(alt_exception_entry.o)
 *(.exceptions.exit.label)
 .exceptions.exit.label
                0x00800098        0x0 ../lab2_bsp\libhal_bsp.a(alt_irq_entry.o)
 .exceptions.exit.label
                0x00800098        0x0 ../lab2_bsp\libhal_bsp.a(alt_exception_entry.o)
 *(.exceptions.exit.user)
 *(.exceptions.exit)
 .exceptions.exit
                0x00800098       0x54 ../lab2_bsp\libhal_bsp.a(alt_exception_entry.o)
 *(.exceptions)
 .exceptions    0x008000ec       0xc8 ../lab2_bsp\libhal_bsp.a(alt_irq_handler.o)
                0x008000ec                alt_irq_handler
                0x008001b4                PROVIDE (__ram_exceptions_end, ABSOLUTE (.))
                0x00800020                PROVIDE (__flash_exceptions_start, LOADADDR (.exceptions))

.text           0x008001b4    0x117cc
                0x008001b4                PROVIDE (stext, ABSOLUTE (.))
 *(.interp)
 *(.hash)
 *(.dynsym)
 *(.dynstr)
 *(.gnu.version)
 *(.gnu.version_d)
 *(.gnu.version_r)
 *(.rel.init)
 *(.rela.init)
 *(.rel.text .rel.text.* .rel.gnu.linkonce.t.*)
 *(.rela.text .rela.text.* .rela.gnu.linkonce.t.*)
 *(.rel.fini)
 *(.rela.fini)
 *(.rel.rodata .rel.rodata.* .rel.gnu.linkonce.r.*)
 *(.rela.rodata .rela.rodata.* .rela.gnu.linkonce.r.*)
 *(.rel.data .rel.data.* .rel.gnu.linkonce.d.*)
 *(.rela.data .rela.data.* .rela.gnu.linkonce.d.*)
 *(.rel.tdata .rel.tdata.* .rel.gnu.linkonce.td.*)
 *(.rela.tdata .rela.tdata.* .rela.gnu.linkonce.td.*)
 *(.rel.tbss .rel.tbss.* .rel.gnu.linkonce.tb.*)
 *(.rela.tbss .rela.tbss.* .rela.gnu.linkonce.tb.*)
 *(.rel.ctors)
 *(.rela.ctors)
 *(.rel.dtors)
 *(.rela.dtors)
 *(.rel.got)
 *(.rela.got)
 *(.rel.sdata .rel.sdata.* .rel.gnu.linkonce.s.*)
 *(.rela.sdata .rela.sdata.* .rela.gnu.linkonce.s.*)
 *(.rel.sbss .rel.sbss.* .rel.gnu.linkonce.sb.*)
 *(.rela.sbss .rela.sbss.* .rela.gnu.linkonce.sb.*)
 *(.rel.sdata2 .rel.sdata2.* .rel.gnu.linkonce.s2.*)
 *(.rela.sdata2 .rela.sdata2.* .rela.gnu.linkonce.s2.*)
 *(.rel.sbss2 .rel.sbss2.* .rel.gnu.linkonce.sb2.*)
 *(.rela.sbss2 .rela.sbss2.* .rela.gnu.linkonce.sb2.*)
 *(.rel.bss .rel.bss.* .rel.gnu.linkonce.b.*)
 *(.rela.bss .rela.bss.* .rela.gnu.linkonce.b.*)
 *(.rel.plt)
 *(.rela.plt)
 *(.rel.dyn)
 *(.init)
 *(.plt)
 *(.text .stub .text.* .gnu.linkonce.t.*)
 .text          0x008001b4       0x3c ../lab2_bsp/obj/HAL/src/crt0.o
                0x008001b4                _start
 .text          0x008001f0      0x53c obj/LCD.o
                0x008001f0                LCD_Line2
                0x00800208                LCD_Init
                0x00800284                LCD_Show_Text
                0x008002e8                LCD_Test
                0x008003ec                LCD_File_Buffering
                0x00800528                LCD_Display
 .text          0x0080072c      0x134 obj/Open_I2C.o
                0x0080072c                I2C_Read_CMD
                0x0080073c                I2C_Read_Status
                0x0080074c                I2C_Read_RX
                0x0080075c                I2C_Read_Ctrl
                0x0080076c                I2C_Read_Period
                0x00800790                I2C_Write_CMD
                0x008007a0                I2C_Write_TX
                0x008007b0                I2C_Write_Ctrl
                0x008007c0                I2C_Write_Period
                0x008007dc                I2C_Send
                0x00800838                I2C_Init
 .text          0x00800860     0x2684 obj/lab2.o
                0x00800860                FirstSectorofCluster
                0x00800890                isEOF
                0x008008cc                get_play_mode
                0x00800ad0                send_cmd
                0x00800bd4                response_R
                0x00800dc0                Ncc
                0x00800e0c                Ncr
                0x00800e30                info_bs
                0x00800fc4                SD_read_lba
                0x00801220                get_rel_sector
                0x008013c4                search_for_filetype
                0x00801804                CalcFATSecAndOffset
                0x00801a10                build_cluster_chain
                0x00801af0                init_bs
                0x00802018                init_mbr
                0x00802120                SD_card_init
                0x00802594                init
                0x00802718                main
 .text          0x00802ee4      0x160 obj/wm8731.o
                0x00802ee4                init_audio_codec
 .text          0x00803044      0x214 c:/software/altera/10.1/nios2eds/bin/gnu/h-i686-mingw32/bin/../lib/gcc/nios2-elf/4.1.2/../../../../nios2-elf/lib/mno-hw-mul\libm.a(lib_a-s_ceil.o)
                0x00803044                ceil
 .text          0x00803258      0x224 c:/software/altera/10.1/nios2eds/bin/gnu/h-i686-mingw32/bin/../lib/gcc/nios2-elf/4.1.2/../../../../nios2-elf/lib/mno-hw-mul\libm.a(lib_a-s_floor.o)
                0x00803258                floor
 .text          0x0080347c      0x504 c:/software/altera/10.1/nios2eds/bin/gnu/h-i686-mingw32/bin/../lib/gcc/nios2-elf/4.1.2/mno-hw-mul\libgcc.a(_addsub_df.o)
                0x0080388c                __subdf3
                0x0080390c                __adddf3
 .text          0x00803980       0x88 c:/software/altera/10.1/nios2eds/bin/gnu/h-i686-mingw32/bin/../lib/gcc/nios2-elf/4.1.2/mno-hw-mul\libgcc.a(_gt_df.o)
                0x00803980                __gtdf2
 .text          0x00803a08       0xf8 c:/software/altera/10.1/nios2eds/bin/gnu/h-i686-mingw32/bin/../lib/gcc/nios2-elf/4.1.2/mno-hw-mul\libgcc.a(_si_to_df.o)
                0x00803a08                __floatsidf
 .text          0x00803b00       0xd8 c:/software/altera/10.1/nios2eds/bin/gnu/h-i686-mingw32/bin/../lib/gcc/nios2-elf/4.1.2/mno-hw-mul\libgcc.a(_df_to_si.o)
                0x00803b00                __fixdfsi
 .text          0x00803bd8        0x0 c:/software/altera/10.1/nios2eds/bin/gnu/h-i686-mingw32/bin/../lib/gcc/nios2-elf/4.1.2/mno-hw-mul\libgcc.a(_thenan_df.o)
 .text          0x00803bd8      0x194 c:/software/altera/10.1/nios2eds/bin/gnu/h-i686-mingw32/bin/../lib/gcc/nios2-elf/4.1.2/mno-hw-mul\libgcc.a(_usi_to_df.o)
                0x00803bd8                __floatunsidf
 .text          0x00803d6c      0x14c c:/software/altera/10.1/nios2eds/bin/gnu/h-i686-mingw32/bin/../lib/gcc/nios2-elf/4.1.2/mno-hw-mul\libgcc.a(lib2-divmod.o)
                0x00803de8                __divsi3
                0x00803e48                __modsi3
                0x00803ea8                __udivsi3
                0x00803eb0                __umodsi3
 .text          0x00803eb8        0x0 c:/software/altera/10.1/nios2eds/bin/gnu/h-i686-mingw32/bin/../lib/gcc/nios2-elf/4.1.2/mno-hw-mul\libgcc.a(lib2-divtable.o)
 .text          0x00803eb8       0x38 c:/software/altera/10.1/nios2eds/bin/gnu/h-i686-mingw32/bin/../lib/gcc/nios2-elf/4.1.2/mno-hw-mul\libgcc.a(lib2-mul.o)
                0x00803eb8                __mulsi3
 .text          0x00803ef0       0x80 c:/software/altera/10.1/nios2eds/bin/gnu/h-i686-mingw32/bin/../lib/gcc/nios2-elf/4.1.2/mno-hw-mul\libgcc.a(_clzsi2.o)
                0x00803ef0                __clzsi2
 .text          0x00803f70      0x314 c:/software/altera/10.1/nios2eds/bin/gnu/h-i686-mingw32/bin/../lib/gcc/nios2-elf/4.1.2/mno-hw-mul\libgcc.a(_pack_df.o)
                0x00803f70                __pack_d
 .text          0x00804284      0x138 c:/software/altera/10.1/nios2eds/bin/gnu/h-i686-mingw32/bin/../lib/gcc/nios2-elf/4.1.2/mno-hw-mul\libgcc.a(_unpack_df.o)
                0x00804284                __unpack_d
 .text          0x008043bc       0xc8 c:/software/altera/10.1/nios2eds/bin/gnu/h-i686-mingw32/bin/../lib/gcc/nios2-elf/4.1.2/mno-hw-mul\libgcc.a(_fpcmp_parts_df.o)
                0x008043bc                __fpcmp_parts_d
 .text          0x00804484        0x0 c:/software/altera/10.1/nios2eds/bin/gnu/h-i686-mingw32/bin/../lib/gcc/nios2-elf/4.1.2/mno-hw-mul\libgcc.a(_clz.o)
 .text          0x00804484       0x38 c:/software/altera/10.1/nios2eds/bin/gnu/h-i686-mingw32/bin/../lib/gcc/nios2-elf/4.1.2/../../../../nios2-elf/lib/mno-hw-mul\libc.a(lib_a-exit.o)
                0x00804484                exit
 .text          0x008044bc        0x0 c:/software/altera/10.1/nios2eds/bin/gnu/h-i686-mingw32/bin/../lib/gcc/nios2-elf/4.1.2/../../../../nios2-elf/lib/mno-hw-mul\libc.a(lib_a-impure.o)
 .text          0x008044bc       0x98 c:/software/altera/10.1/nios2eds/bin/gnu/h-i686-mingw32/bin/../lib/gcc/nios2-elf/4.1.2/../../../../nios2-elf/lib/mno-hw-mul\libc.a(lib_a-memset.o)
                0x008044bc                memset
 .text          0x00804554       0x80 c:/software/altera/10.1/nios2eds/bin/gnu/h-i686-mingw32/bin/../lib/gcc/nios2-elf/4.1.2/../../../../nios2-elf/lib/mno-hw-mul\libc.a(lib_a-perror.o)
                0x00804554                _perror_r
                0x008045c0                perror
 .text          0x008045d4       0x78 c:/software/altera/10.1/nios2eds/bin/gnu/h-i686-mingw32/bin/../lib/gcc/nios2-elf/4.1.2/../../../../nios2-elf/lib/mno-hw-mul\libc.a(lib_a-printf.o)
                0x008045d4                printf
                0x00804618                _printf_r
 .text          0x0080464c       0xb4 c:/software/altera/10.1/nios2eds/bin/gnu/h-i686-mingw32/bin/../lib/gcc/nios2-elf/4.1.2/../../../../nios2-elf/lib/mno-hw-mul\libc.a(lib_a-puts.o)
                0x0080464c                _puts_r
                0x008046ec                puts
 .text          0x00804700       0xbc c:/software/altera/10.1/nios2eds/bin/gnu/h-i686-mingw32/bin/../lib/gcc/nios2-elf/4.1.2/../../../../nios2-elf/lib/mno-hw-mul\libc.a(lib_a-strcmp.o)
                0x00804700                strcmp
 .text          0x008047bc       0x8c c:/software/altera/10.1/nios2eds/bin/gnu/h-i686-mingw32/bin/../lib/gcc/nios2-elf/4.1.2/../../../../nios2-elf/lib/mno-hw-mul\libc.a(lib_a-strcpy.o)
                0x008047bc                strcpy
 .text          0x00804848      0x674 c:/software/altera/10.1/nios2eds/bin/gnu/h-i686-mingw32/bin/../lib/gcc/nios2-elf/4.1.2/../../../../nios2-elf/lib/mno-hw-mul\libc.a(lib_a-strerror.o)
                0x00804848                strerror
 .text          0x00804ebc       0x74 c:/software/altera/10.1/nios2eds/bin/gnu/h-i686-mingw32/bin/../lib/gcc/nios2-elf/4.1.2/../../../../nios2-elf/lib/mno-hw-mul\libc.a(lib_a-strlen.o)
                0x00804ebc                strlen
 .text          0x00804f30        0x8 c:/software/altera/10.1/nios2eds/bin/gnu/h-i686-mingw32/bin/../lib/gcc/nios2-elf/4.1.2/../../../../nios2-elf/lib/mno-hw-mul\libc.a(lib_a-u_strerr.o)
                0x00804f30                _user_strerror
 .text          0x00804f38     0x1f40 c:/software/altera/10.1/nios2eds/bin/gnu/h-i686-mingw32/bin/../lib/gcc/nios2-elf/4.1.2/../../../../nios2-elf/lib/mno-hw-mul\libc.a(lib_a-vfprintf.o)
                0x00804f90                ___vfprintf_internal_r
                0x00806e54                __vfprintf_internal
 .text          0x00806e78      0x13c c:/software/altera/10.1/nios2eds/bin/gnu/h-i686-mingw32/bin/../lib/gcc/nios2-elf/4.1.2/../../../../nios2-elf/lib/mno-hw-mul\libc.a(lib_a-wsetup.o)
                0x00806e78                __swsetup_r
 .text          0x00806fb4      0x1b4 c:/software/altera/10.1/nios2eds/bin/gnu/h-i686-mingw32/bin/../lib/gcc/nios2-elf/4.1.2/../../../../nios2-elf/lib/mno-hw-mul\libc.a(lib_a-__call_atexit.o)
                0x00806fb8                __call_exitprocs
 .text          0x00807168     0x17f8 c:/software/altera/10.1/nios2eds/bin/gnu/h-i686-mingw32/bin/../lib/gcc/nios2-elf/4.1.2/../../../../nios2-elf/lib/mno-hw-mul\libc.a(lib_a-dtoa.o)
                0x008073ac                _dtoa_r
 .text          0x00808960      0x230 c:/software/altera/10.1/nios2eds/bin/gnu/h-i686-mingw32/bin/../lib/gcc/nios2-elf/4.1.2/../../../../nios2-elf/lib/mno-hw-mul\libc.a(lib_a-fflush.o)
                0x00808960                _fflush_r
                0x00808b5c                fflush
 .text          0x00808b90      0x2f4 c:/software/altera/10.1/nios2eds/bin/gnu/h-i686-mingw32/bin/../lib/gcc/nios2-elf/4.1.2/../../../../nios2-elf/lib/mno-hw-mul\libc.a(lib_a-findfp.o)
                0x00808be8                __sfp_lock_acquire
                0x00808bec                __sfp_lock_release
                0x00808bf0                __sinit_lock_acquire
                0x00808bf4                __sinit_lock_release
                0x00808bf8                __sinit
                0x00808cac                __fp_unlock_all
                0x00808cc4                __fp_lock_all
                0x00808cdc                _cleanup_r
                0x00808ce8                _cleanup
                0x00808cf8                __sfmoreglue
                0x00808d94                __sfp
 .text          0x00808e84       0xbc c:/software/altera/10.1/nios2eds/bin/gnu/h-i686-mingw32/bin/../lib/gcc/nios2-elf/4.1.2/../../../../nios2-elf/lib/mno-hw-mul\libc.a(lib_a-fputc.o)
                0x00808e84                fputc
                0x00808ee8                _fputc_r
 .text          0x00808f40       0x90 c:/software/altera/10.1/nios2eds/bin/gnu/h-i686-mingw32/bin/../lib/gcc/nios2-elf/4.1.2/../../../../nios2-elf/lib/mno-hw-mul\libc.a(lib_a-fputs.o)
                0x00808f40                _fputs_r
                0x00808fb4                fputs
 .text          0x00808fd0      0x440 c:/software/altera/10.1/nios2eds/bin/gnu/h-i686-mingw32/bin/../lib/gcc/nios2-elf/4.1.2/../../../../nios2-elf/lib/mno-hw-mul\libc.a(lib_a-freer.o)
                0x00808fd0                _malloc_trim_r
                0x008090fc                _free_r
 .text          0x00809410      0x49c c:/software/altera/10.1/nios2eds/bin/gnu/h-i686-mingw32/bin/../lib/gcc/nios2-elf/4.1.2/../../../../nios2-elf/lib/mno-hw-mul\libc.a(lib_a-fvwrite.o)
                0x00809410                __sfvwrite_r
 .text          0x008098ac      0x180 c:/software/altera/10.1/nios2eds/bin/gnu/h-i686-mingw32/bin/../lib/gcc/nios2-elf/4.1.2/../../../../nios2-elf/lib/mno-hw-mul\libc.a(lib_a-fwalk.o)
                0x008098ac                _fwalk_reent
                0x00809974                _fwalk
 .text          0x00809a2c       0xc4 c:/software/altera/10.1/nios2eds/bin/gnu/h-i686-mingw32/bin/../lib/gcc/nios2-elf/4.1.2/../../../../nios2-elf/lib/mno-hw-mul\libc.a(lib_a-locale.o)
                0x00809a2c                __locale_charset
                0x00809a34                _localeconv_r
                0x00809a40                localeconv
                0x00809a50                _setlocale_r
                0x00809ad4                setlocale
 .text          0x00809af0      0x194 c:/software/altera/10.1/nios2eds/bin/gnu/h-i686-mingw32/bin/../lib/gcc/nios2-elf/4.1.2/../../../../nios2-elf/lib/mno-hw-mul\libc.a(lib_a-makebuf.o)
                0x00809af0                __smakebuf_r
 .text          0x00809c84      0x740 c:/software/altera/10.1/nios2eds/bin/gnu/h-i686-mingw32/bin/../lib/gcc/nios2-elf/4.1.2/../../../../nios2-elf/lib/mno-hw-mul\libc.a(lib_a-mallocr.o)
                0x00809c84                _malloc_r
 .text          0x0080a3c4       0xe4 c:/software/altera/10.1/nios2eds/bin/gnu/h-i686-mingw32/bin/../lib/gcc/nios2-elf/4.1.2/../../../../nios2-elf/lib/mno-hw-mul\libc.a(lib_a-memchr.o)
                0x0080a3c4                memchr
 .text          0x0080a4a8       0xa0 c:/software/altera/10.1/nios2eds/bin/gnu/h-i686-mingw32/bin/../lib/gcc/nios2-elf/4.1.2/../../../../nios2-elf/lib/mno-hw-mul\libc.a(lib_a-memcpy.o)
                0x0080a4a8                memcpy
 .text          0x0080a548       0xe0 c:/software/altera/10.1/nios2eds/bin/gnu/h-i686-mingw32/bin/../lib/gcc/nios2-elf/4.1.2/../../../../nios2-elf/lib/mno-hw-mul\libc.a(lib_a-memmove.o)
                0x0080a548                memmove
 .text          0x0080a628     0x108c c:/software/altera/10.1/nios2eds/bin/gnu/h-i686-mingw32/bin/../lib/gcc/nios2-elf/4.1.2/../../../../nios2-elf/lib/mno-hw-mul\libc.a(lib_a-mprec.o)
                0x0080a628                _Bfree
                0x0080a650                __hi0bits
                0x0080a6c0                __lo0bits
                0x0080a784                __mcmp
                0x0080a7e4                __ulp
                0x0080a864                __b2d
                0x0080a984                __ratio
                0x0080aa34                _mprec_log10
                0x0080aac8                __copybits
                0x0080ab20                __any_on
                0x0080aba8                _Balloc
                0x0080ac64                __d2b
                0x0080ade0                __mdiff
                0x0080af6c                __lshift
                0x0080b0b8                __multiply
                0x0080b30c                __i2b
                0x0080b348                __multadd
                0x0080b474                __pow5mult
                0x0080b594                __s2b
 .text          0x0080b6b4      0x1ec c:/software/altera/10.1/nios2eds/bin/gnu/h-i686-mingw32/bin/../lib/gcc/nios2-elf/4.1.2/../../../../nios2-elf/lib/mno-hw-mul\libc.a(lib_a-putc.o)
                0x0080b6b4                putc
                0x0080b7b8                _putc_r
 .text          0x0080b8a0      0x5f4 c:/software/altera/10.1/nios2eds/bin/gnu/h-i686-mingw32/bin/../lib/gcc/nios2-elf/4.1.2/../../../../nios2-elf/lib/mno-hw-mul\libc.a(lib_a-reallocr.o)
                0x0080b8a0                _realloc_r
 .text          0x0080be94       0x40 c:/software/altera/10.1/nios2eds/bin/gnu/h-i686-mingw32/bin/../lib/gcc/nios2-elf/4.1.2/../../../../nios2-elf/lib/mno-hw-mul\libc.a(lib_a-s_isinfd.o)
                0x0080be94                __isinfd
 .text          0x0080bed4       0x30 c:/software/altera/10.1/nios2eds/bin/gnu/h-i686-mingw32/bin/../lib/gcc/nios2-elf/4.1.2/../../../../nios2-elf/lib/mno-hw-mul\libc.a(lib_a-s_isnand.o)
                0x0080bed4                __isnand
 .text          0x0080bf04       0x70 c:/software/altera/10.1/nios2eds/bin/gnu/h-i686-mingw32/bin/../lib/gcc/nios2-elf/4.1.2/../../../../nios2-elf/lib/mno-hw-mul\libc.a(lib_a-sbrkr.o)
                0x0080bf04                _sbrk_r
 .text          0x0080bf74      0x14c c:/software/altera/10.1/nios2eds/bin/gnu/h-i686-mingw32/bin/../lib/gcc/nios2-elf/4.1.2/../../../../nios2-elf/lib/mno-hw-mul\libc.a(lib_a-stdio.o)
                0x0080bf74                __sclose
                0x0080bf7c                __sseek
                0x0080bfe4                __swrite
                0x0080c060                __sread
 .text          0x0080c0c0      0x14c c:/software/altera/10.1/nios2eds/bin/gnu/h-i686-mingw32/bin/../lib/gcc/nios2-elf/4.1.2/../../../../nios2-elf/lib/mno-hw-mul\libc.a(lib_a-wbuf.o)
                0x0080c0c0                __swbuf_r
                0x0080c1f0                __swbuf
 .text          0x0080c20c       0x78 c:/software/altera/10.1/nios2eds/bin/gnu/h-i686-mingw32/bin/../lib/gcc/nios2-elf/4.1.2/../../../../nios2-elf/lib/mno-hw-mul\libc.a(lib_a-writer.o)
                0x0080c20c                _write_r
 .text          0x0080c284       0xc8 c:/software/altera/10.1/nios2eds/bin/gnu/h-i686-mingw32/bin/../lib/gcc/nios2-elf/4.1.2/../../../../nios2-elf/lib/mno-hw-mul\libc.a(lib_a-callocr.o)
                0x0080c284                _calloc_r
 .text          0x0080c34c       0x70 c:/software/altera/10.1/nios2eds/bin/gnu/h-i686-mingw32/bin/../lib/gcc/nios2-elf/4.1.2/../../../../nios2-elf/lib/mno-hw-mul\libc.a(lib_a-closer.o)
                0x0080c34c                _close_r
 .text          0x0080c3bc      0x124 c:/software/altera/10.1/nios2eds/bin/gnu/h-i686-mingw32/bin/../lib/gcc/nios2-elf/4.1.2/../../../../nios2-elf/lib/mno-hw-mul\libc.a(lib_a-fclose.o)
                0x0080c3bc                _fclose_r
                0x0080c4cc                fclose
 .text          0x0080c4e0       0x74 c:/software/altera/10.1/nios2eds/bin/gnu/h-i686-mingw32/bin/../lib/gcc/nios2-elf/4.1.2/../../../../nios2-elf/lib/mno-hw-mul\libc.a(lib_a-fstatr.o)
                0x0080c4e0                _fstat_r
 .text          0x0080c554        0x0 c:/software/altera/10.1/nios2eds/bin/gnu/h-i686-mingw32/bin/../lib/gcc/nios2-elf/4.1.2/../../../../nios2-elf/lib/mno-hw-mul\libc.a(lib_a-int_errno.o)
 .text          0x0080c554       0x70 c:/software/altera/10.1/nios2eds/bin/gnu/h-i686-mingw32/bin/../lib/gcc/nios2-elf/4.1.2/../../../../nios2-elf/lib/mno-hw-mul\libc.a(lib_a-isattyr.o)
                0x0080c554                _isatty_r
 .text          0x0080c5c4       0x78 c:/software/altera/10.1/nios2eds/bin/gnu/h-i686-mingw32/bin/../lib/gcc/nios2-elf/4.1.2/../../../../nios2-elf/lib/mno-hw-mul\libc.a(lib_a-lseekr.o)
                0x0080c5c4                _lseek_r
 .text          0x0080c63c       0x78 c:/software/altera/10.1/nios2eds/bin/gnu/h-i686-mingw32/bin/../lib/gcc/nios2-elf/4.1.2/../../../../nios2-elf/lib/mno-hw-mul\libc.a(lib_a-readr.o)
                0x0080c63c                _read_r
 .text          0x0080c6b4      0x66c c:/software/altera/10.1/nios2eds/bin/gnu/h-i686-mingw32/bin/../lib/gcc/nios2-elf/4.1.2/mno-hw-mul\libgcc.a(_udivdi3.o)
                0x0080c6b4                __udivdi3
 .text          0x0080cd20      0x660 c:/software/altera/10.1/nios2eds/bin/gnu/h-i686-mingw32/bin/../lib/gcc/nios2-elf/4.1.2/mno-hw-mul\libgcc.a(_umoddi3.o)
                0x0080cd20                __umoddi3
 .text          0x0080d380      0x3c4 c:/software/altera/10.1/nios2eds/bin/gnu/h-i686-mingw32/bin/../lib/gcc/nios2-elf/4.1.2/mno-hw-mul\libgcc.a(_mul_df.o)
                0x0080d380                __muldf3
 .text          0x0080d744      0x258 c:/software/altera/10.1/nios2eds/bin/gnu/h-i686-mingw32/bin/../lib/gcc/nios2-elf/4.1.2/mno-hw-mul\libgcc.a(_div_df.o)
                0x0080d744                __divdf3
 .text          0x0080d99c       0x88 c:/software/altera/10.1/nios2eds/bin/gnu/h-i686-mingw32/bin/../lib/gcc/nios2-elf/4.1.2/mno-hw-mul\libgcc.a(_eq_df.o)
                0x0080d99c                __eqdf2
 .text          0x0080da24       0x88 c:/software/altera/10.1/nios2eds/bin/gnu/h-i686-mingw32/bin/../lib/gcc/nios2-elf/4.1.2/mno-hw-mul\libgcc.a(_ne_df.o)
                0x0080da24                __nedf2
 .text          0x0080daac       0x88 c:/software/altera/10.1/nios2eds/bin/gnu/h-i686-mingw32/bin/../lib/gcc/nios2-elf/4.1.2/mno-hw-mul\libgcc.a(_ge_df.o)
                0x0080daac                __gedf2
 .text          0x0080db34       0x88 c:/software/altera/10.1/nios2eds/bin/gnu/h-i686-mingw32/bin/../lib/gcc/nios2-elf/4.1.2/mno-hw-mul\libgcc.a(_lt_df.o)
                0x0080db34                __ltdf2
 .text          0x0080dbbc      0x124 c:/software/altera/10.1/nios2eds/bin/gnu/h-i686-mingw32/bin/../lib/gcc/nios2-elf/4.1.2/mno-hw-mul\libgcc.a(_muldi3.o)
                0x0080dbbc                __muldi3
 .text          0x0080dce0      0x160 ../lab2_bsp\libhal_bsp.a(alt_close.o)
                0x0080dce0                close
 .text          0x0080de40       0x2c ../lab2_bsp\libhal_bsp.a(alt_dev.o)
 .text          0x0080de6c        0x0 ../lab2_bsp\libhal_bsp.a(alt_errno.o)
 .text          0x0080de6c       0x60 ../lab2_bsp\libhal_bsp.a(alt_exit.o)
                0x0080deac                _exit
 .text          0x0080decc      0x138 ../lab2_bsp\libhal_bsp.a(alt_fstat.o)
                0x0080decc                fstat
 .text          0x0080e004      0x1c0 ../lab2_bsp\libhal_bsp.a(alt_irq_register.o)
                0x0080e004                alt_irq_register
 .text          0x0080e1c4        0x0 ../lab2_bsp\libhal_bsp.a(alt_irq_vars.o)
 .text          0x0080e1c4      0x124 ../lab2_bsp\libhal_bsp.a(alt_isatty.o)
                0x0080e1c4                isatty
 .text          0x0080e2e8       0xec ../lab2_bsp\libhal_bsp.a(alt_load.o)
                0x0080e2e8                alt_load
 .text          0x0080e3d4      0x154 ../lab2_bsp\libhal_bsp.a(alt_lseek.o)
                0x0080e3d4                lseek
 .text          0x0080e528       0x6c ../lab2_bsp\libhal_bsp.a(alt_main.o)
                0x0080e528                alt_main
 .text          0x0080e594       0x40 ../lab2_bsp\libhal_bsp.a(alt_malloc_lock.o)
                0x0080e594                __malloc_lock
                0x0080e5b4                __malloc_unlock
 .text          0x0080e5d4      0x184 ../lab2_bsp\libhal_bsp.a(alt_read.o)
                0x0080e5d4                read
 .text          0x0080e758       0x78 ../lab2_bsp\libhal_bsp.a(alt_release_fd.o)
                0x0080e758                alt_release_fd
 .text          0x0080e7d0       0xbc ../lab2_bsp\libhal_bsp.a(alt_sbrk.o)
                0x0080e7d0                sbrk
 .text          0x0080e88c       0x30 ../lab2_bsp\libhal_bsp.a(alt_usleep.o)
                0x0080e88c                usleep
 .text          0x0080e8bc      0x184 ../lab2_bsp\libhal_bsp.a(alt_write.o)
                0x0080e8bc                write
 .text          0x0080ea40       0xe0 ../lab2_bsp\libhal_bsp.a(alt_sys_init.o)
                0x0080ea40                alt_irq_init
                0x0080ea74                alt_sys_init
 .text          0x0080eb20      0x148 ../lab2_bsp\libhal_bsp.a(altera_avalon_jtag_uart_fd.o)
                0x0080eb20                altera_avalon_jtag_uart_read_fd
                0x0080eb78                altera_avalon_jtag_uart_write_fd
                0x0080ebd0                altera_avalon_jtag_uart_close_fd
                0x0080ec18                altera_avalon_jtag_uart_ioctl_fd
 .text          0x0080ec68      0x40c ../lab2_bsp\libhal_bsp.a(altera_avalon_jtag_uart_init.o)
                0x0080ec68                altera_avalon_jtag_uart_init
                0x0080f000                altera_avalon_jtag_uart_close
 .text          0x0080f074       0xf4 ../lab2_bsp\libhal_bsp.a(altera_avalon_jtag_uart_ioctl.o)
                0x0080f074                altera_avalon_jtag_uart_ioctl
 .text          0x0080f168      0x224 ../lab2_bsp\libhal_bsp.a(altera_avalon_jtag_uart_read.o)
                0x0080f168                altera_avalon_jtag_uart_read
 .text          0x0080f38c      0x240 ../lab2_bsp\libhal_bsp.a(altera_avalon_jtag_uart_write.o)
                0x0080f38c                altera_avalon_jtag_uart_write
 .text          0x0080f5cc      0xf80 ../lab2_bsp\libhal_bsp.a(altera_avalon_lcd_16207.o)
                0x0080fe08                altera_avalon_lcd_16207_write
                0x00810410                altera_avalon_lcd_16207_init
 .text          0x0081054c       0x58 ../lab2_bsp\libhal_bsp.a(altera_avalon_lcd_16207_fd.o)
                0x0081054c                altera_avalon_lcd_16207_write_fd
 .text          0x008105a4      0x100 ../lab2_bsp\libhal_bsp.a(altera_avalon_timer_sc.o)
                0x00810614                alt_avalon_timer_sc_init
 .text          0x008106a4      0x154 ../lab2_bsp\libhal_bsp.a(alt_alarm_start.o)
                0x008106a4                alt_alarm_start
 .text          0x008107f8      0x15c ../lab2_bsp\libhal_bsp.a(alt_busy_sleep.o)
                0x008107f8                alt_busy_sleep
 .text          0x00810954       0x1c ../lab2_bsp\libhal_bsp.a(alt_dcache_flush_all.o)
                0x00810954                alt_dcache_flush_all
 .text          0x00810970      0x114 ../lab2_bsp\libhal_bsp.a(alt_dev_llist_insert.o)
                0x00810970                alt_dev_llist_insert
 .text          0x00810a84       0x64 ../lab2_bsp\libhal_bsp.a(alt_do_ctors.o)
                0x00810a84                _do_ctors
 .text          0x00810ae8       0x64 ../lab2_bsp\libhal_bsp.a(alt_do_dtors.o)
                0x00810ae8                _do_dtors
 .text          0x00810b4c       0x30 ../lab2_bsp\libhal_bsp.a(alt_icache_flush_all.o)
                0x00810b4c                alt_icache_flush_all
 .text          0x00810b7c      0x1d4 ../lab2_bsp\libhal_bsp.a(alt_iic.o)
                0x00810b7c                alt_ic_isr_register
                0x00810bcc                alt_ic_irq_enable
                0x00810c68                alt_ic_irq_disable
                0x00810d08                alt_ic_irq_enabled
 .text          0x00810d50       0xf8 ../lab2_bsp\libhal_bsp.a(alt_iic_isr_register.o)
                0x00810d50                alt_iic_isr_register
 .text          0x00810e48      0x150 ../lab2_bsp\libhal_bsp.a(alt_io_redirect.o)
                0x00810f20                alt_io_redirect
 .text          0x00810f98        0x0 ../lab2_bsp\libhal_bsp.a(alt_irq_entry.o)
 .text          0x00810f98        0x0 ../lab2_bsp\libhal_bsp.a(alt_irq_handler.o)
 .text          0x00810f98      0x2e4 ../lab2_bsp\libhal_bsp.a(alt_open.o)
                0x00811090                open
 .text          0x0081127c      0x1a4 ../lab2_bsp\libhal_bsp.a(alt_tick.o)
                0x0081127c                alt_alarm_stop
                0x00811314                alt_tick
 .text          0x00811420       0x20 ../lab2_bsp\libhal_bsp.a(altera_nios2_irq.o)
                0x00811420                altera_nios2_irq_init
 .text          0x00811440        0x0 ../lab2_bsp\libhal_bsp.a(alt_exception_entry.o)
 .text          0x00811440       0x94 ../lab2_bsp\libhal_bsp.a(alt_find_dev.o)
                0x00811440                alt_find_dev
 .text          0x008114d4      0x120 ../lab2_bsp\libhal_bsp.a(alt_find_file.o)
                0x008114d4                alt_find_file
 .text          0x008115f4       0xd0 ../lab2_bsp\libhal_bsp.a(alt_get_fd.o)
                0x008115f4                alt_get_fd
 .text          0x008116c4       0x90 ../lab2_bsp\libhal_bsp.a(alt_icache_flush.o)
                0x008116c4                alt_icache_flush
 .text          0x00811754       0x14 c:/software/altera/10.1/nios2eds/bin/gnu/h-i686-mingw32/bin/../lib/gcc/nios2-elf/4.1.2/../../../../nios2-elf/lib/mno-hw-mul\libc.a(lib_a-atexit.o)
                0x00811754                atexit
 .text          0x00811768        0x0 c:/software/altera/10.1/nios2eds/bin/gnu/h-i686-mingw32/bin/../lib/gcc/nios2-elf/4.1.2/../../../../nios2-elf/lib/mno-hw-mul\libc.a(lib_a-ctype_.o)
 .text          0x00811768       0x74 c:/software/altera/10.1/nios2eds/bin/gnu/h-i686-mingw32/bin/../lib/gcc/nios2-elf/4.1.2/../../../../nios2-elf/lib/mno-hw-mul\libc.a(lib_a-memcmp.o)
                0x00811768                memcmp
 .text          0x008117dc      0x134 c:/software/altera/10.1/nios2eds/bin/gnu/h-i686-mingw32/bin/../lib/gcc/nios2-elf/4.1.2/../../../../nios2-elf/lib/mno-hw-mul\libc.a(lib_a-__atexit.o)
                0x008117dc                __register_exitproc
 *(.gnu.warning.*)
 *(.fini)
                0x00811910                PROVIDE (__etext, ABSOLUTE (.))
                0x00811910                PROVIDE (_etext, ABSOLUTE (.))
                0x00811910                PROVIDE (etext, ABSOLUTE (.))
 *(.eh_frame_hdr)
                0x00811910                . = ALIGN (0x4)
                0x00811910                PROVIDE (__preinit_array_start, ABSOLUTE (.))
 *(.preinit_array)
                0x00811910                PROVIDE (__preinit_array_end, ABSOLUTE (.))
                0x00811910                PROVIDE (__init_array_start, ABSOLUTE (.))
 *(.init_array)
                0x00811910                PROVIDE (__init_array_end, ABSOLUTE (.))
                0x00811910                PROVIDE (__fini_array_start, ABSOLUTE (.))
 *(.fini_array)
                0x00811910                PROVIDE (__fini_array_end, ABSOLUTE (.))
 *(.eh_frame)
 .eh_frame      0x00811910       0x40 c:/software/altera/10.1/nios2eds/bin/gnu/h-i686-mingw32/bin/../lib/gcc/nios2-elf/4.1.2/mno-hw-mul\libgcc.a(_udivdi3.o)
 .eh_frame      0x00811950       0x2c c:/software/altera/10.1/nios2eds/bin/gnu/h-i686-mingw32/bin/../lib/gcc/nios2-elf/4.1.2/mno-hw-mul\libgcc.a(_umoddi3.o)
                                 0x40 (size before relaxing)
 *(.gcc_except_table)
 *(.dynamic)
                0x0081197c                PROVIDE (__CTOR_LIST__, ABSOLUTE (.))
 *(.ctors)
 *(SORT(.ctors.*))
 .ctors.65535   0x0081197c        0x4 c:/software/altera/10.1/nios2eds/bin/gnu/h-i686-mingw32/bin/../lib/gcc/nios2-elf/4.1.2/../../../../nios2-elf/lib/mno-hw-mul\libc.a(lib_a-__call_atexit.o)
                0x00811980                PROVIDE (__CTOR_END__, ABSOLUTE (.))
                0x00811980                PROVIDE (__DTOR_LIST__, ABSOLUTE (.))
 *(.dtors)
 *(SORT(.dtors.*))
                0x00811980                PROVIDE (__DTOR_END__, ABSOLUTE (.))
 *(.jcr)
                0x00811980                . = ALIGN (0x4)

.rodata         0x00811980     0x10b0
                0x00811980                PROVIDE (__ram_rodata_start, ABSOLUTE (.))
                0x00811980                . = ALIGN (0x4)
 *(.rodata .rodata.* .gnu.linkonce.r.*)
 .rodata        0x00811980       0x38 obj/LCD.o
 .rodata.str1.4
                0x008119b8      0x2a8 obj/lab2.o
                                0x2ac (size before relaxing)
 .rodata.str1.4
                0x00811c60       0x54 obj/wm8731.o
 .rodata        0x00811cb4       0x14 c:/software/altera/10.1/nios2eds/bin/gnu/h-i686-mingw32/bin/../lib/gcc/nios2-elf/4.1.2/mno-hw-mul\libgcc.a(_thenan_df.o)
                0x00811cb4                __thenan_df
 .rodata        0x00811cc8      0x100 c:/software/altera/10.1/nios2eds/bin/gnu/h-i686-mingw32/bin/../lib/gcc/nios2-elf/4.1.2/mno-hw-mul\libgcc.a(_clz.o)
                0x00811cc8                __clz_tab
 .rodata.str1.4
                0x00811dc8        0x2 c:/software/altera/10.1/nios2eds/bin/gnu/h-i686-mingw32/bin/../lib/gcc/nios2-elf/4.1.2/../../../../nios2-elf/lib/mno-hw-mul\libc.a(lib_a-impure.o)
                                  0x4 (size before relaxing)
 *fill*         0x00811dca        0x2 00
 .rodata.str1.4
                0x00811dcc        0x3 c:/software/altera/10.1/nios2eds/bin/gnu/h-i686-mingw32/bin/../lib/gcc/nios2-elf/4.1.2/../../../../nios2-elf/lib/mno-hw-mul\libc.a(lib_a-perror.o)
                                  0x4 (size before relaxing)
 *fill*         0x00811dcf        0x1 00
 .rodata.str1.4
                0x00811dd0        0x2 c:/software/altera/10.1/nios2eds/bin/gnu/h-i686-mingw32/bin/../lib/gcc/nios2-elf/4.1.2/../../../../nios2-elf/lib/mno-hw-mul\libc.a(lib_a-puts.o)
                                  0x4 (size before relaxing)
 *fill*         0x00811dd2        0x2 00
 .rodata.str1.4
                0x00811dd4      0x7a2 c:/software/altera/10.1/nios2eds/bin/gnu/h-i686-mingw32/bin/../lib/gcc/nios2-elf/4.1.2/../../../../nios2-elf/lib/mno-hw-mul\libc.a(lib_a-strerror.o)
                                0x7a8 (size before relaxing)
 *fill*         0x00812576        0x2 00
 .rodata.str1.4
                0x00812578       0x5a c:/software/altera/10.1/nios2eds/bin/gnu/h-i686-mingw32/bin/../lib/gcc/nios2-elf/4.1.2/../../../../nios2-elf/lib/mno-hw-mul\libc.a(lib_a-vfprintf.o)
                                 0x60 (size before relaxing)
 .rodata        0x008125d2       0x20 c:/software/altera/10.1/nios2eds/bin/gnu/h-i686-mingw32/bin/../lib/gcc/nios2-elf/4.1.2/../../../../nios2-elf/lib/mno-hw-mul\libc.a(lib_a-vfprintf.o)
 *fill*         0x008125f2        0x2 00
 .rodata.str1.4
                0x008125f4       0x10 c:/software/altera/10.1/nios2eds/bin/gnu/h-i686-mingw32/bin/../lib/gcc/nios2-elf/4.1.2/../../../../nios2-elf/lib/mno-hw-mul\libc.a(lib_a-dtoa.o)
                                 0x14 (size before relaxing)
 .rodata.str1.4
                0x00812604        0xc c:/software/altera/10.1/nios2eds/bin/gnu/h-i686-mingw32/bin/../lib/gcc/nios2-elf/4.1.2/../../../../nios2-elf/lib/mno-hw-mul\libc.a(lib_a-locale.o)
                                 0x18 (size before relaxing)
 .rodata        0x00812610       0x30 c:/software/altera/10.1/nios2eds/bin/gnu/h-i686-mingw32/bin/../lib/gcc/nios2-elf/4.1.2/../../../../nios2-elf/lib/mno-hw-mul\libc.a(lib_a-locale.o)
 .rodata        0x00812640      0x124 c:/software/altera/10.1/nios2eds/bin/gnu/h-i686-mingw32/bin/../lib/gcc/nios2-elf/4.1.2/../../../../nios2-elf/lib/mno-hw-mul\libc.a(lib_a-mprec.o)
                0x00812640                __mprec_tens
                0x00812708                __mprec_bigtens
                0x00812730                __mprec_tinytens
 .rodata        0x00812764        0xc ../lab2_bsp\libhal_bsp.a(alt_dev.o)
 .rodata        0x00812770       0x14 ../lab2_bsp\libhal_bsp.a(alt_main.o)
 .rodata        0x00812784       0x28 ../lab2_bsp\libhal_bsp.a(alt_sys_init.o)
 .rodata        0x008127ac      0x281 c:/software/altera/10.1/nios2eds/bin/gnu/h-i686-mingw32/bin/../lib/gcc/nios2-elf/4.1.2/../../../../nios2-elf/lib/mno-hw-mul\libc.a(lib_a-ctype_.o)
                0x008127ac                _ctype_
 *(.rodata1)
                0x00812a30                . = ALIGN (0x4)
 *fill*         0x00812a2d        0x3 00
                0x00812a30                PROVIDE (__ram_rodata_end, ABSOLUTE (.))
                0x00811980                PROVIDE (__flash_rodata_start, LOADADDR (.rodata))

.rwdata         0x00812a30     0x1cc8 load address 0x008146f8
                0x00812a30                PROVIDE (__ram_rwdata_start, ABSOLUTE (.))
                0x00812a30                . = ALIGN (0x4)
 *(.got.plt)
 *(.got)
 *(.data1)
 *(.data .data.* .gnu.linkonce.d.*)
 .data          0x00812a30        0x0 ../lab2_bsp/obj/HAL/src/crt0.o
 .data          0x00812a30        0x0 obj/LCD.o
 .data          0x00812a30        0x0 obj/Open_I2C.o
 .data          0x00812a30        0x0 obj/lab2.o
 .data          0x00812a30        0x0 obj/wm8731.o
 .data          0x00812a30        0x0 c:/software/altera/10.1/nios2eds/bin/gnu/h-i686-mingw32/bin/../lib/gcc/nios2-elf/4.1.2/../../../../nios2-elf/lib/mno-hw-mul\libm.a(lib_a-s_ceil.o)
 .data          0x00812a30        0x0 c:/software/altera/10.1/nios2eds/bin/gnu/h-i686-mingw32/bin/../lib/gcc/nios2-elf/4.1.2/../../../../nios2-elf/lib/mno-hw-mul\libm.a(lib_a-s_floor.o)
 .data          0x00812a30        0x0 c:/software/altera/10.1/nios2eds/bin/gnu/h-i686-mingw32/bin/../lib/gcc/nios2-elf/4.1.2/mno-hw-mul\libgcc.a(_addsub_df.o)
 .data          0x00812a30        0x0 c:/software/altera/10.1/nios2eds/bin/gnu/h-i686-mingw32/bin/../lib/gcc/nios2-elf/4.1.2/mno-hw-mul\libgcc.a(_gt_df.o)
 .data          0x00812a30        0x0 c:/software/altera/10.1/nios2eds/bin/gnu/h-i686-mingw32/bin/../lib/gcc/nios2-elf/4.1.2/mno-hw-mul\libgcc.a(_si_to_df.o)
 .data          0x00812a30        0x0 c:/software/altera/10.1/nios2eds/bin/gnu/h-i686-mingw32/bin/../lib/gcc/nios2-elf/4.1.2/mno-hw-mul\libgcc.a(_df_to_si.o)
 .data          0x00812a30        0x0 c:/software/altera/10.1/nios2eds/bin/gnu/h-i686-mingw32/bin/../lib/gcc/nios2-elf/4.1.2/mno-hw-mul\libgcc.a(_thenan_df.o)
 .data          0x00812a30        0x0 c:/software/altera/10.1/nios2eds/bin/gnu/h-i686-mingw32/bin/../lib/gcc/nios2-elf/4.1.2/mno-hw-mul\libgcc.a(_usi_to_df.o)
 .data          0x00812a30        0x0 c:/software/altera/10.1/nios2eds/bin/gnu/h-i686-mingw32/bin/../lib/gcc/nios2-elf/4.1.2/mno-hw-mul\libgcc.a(lib2-divmod.o)
 .data          0x00812a30      0x100 c:/software/altera/10.1/nios2eds/bin/gnu/h-i686-mingw32/bin/../lib/gcc/nios2-elf/4.1.2/mno-hw-mul\libgcc.a(lib2-divtable.o)
                0x00812a30                __divsi3_table
 .data          0x00812b30        0x0 c:/software/altera/10.1/nios2eds/bin/gnu/h-i686-mingw32/bin/../lib/gcc/nios2-elf/4.1.2/mno-hw-mul\libgcc.a(lib2-mul.o)
 .data          0x00812b30        0x0 c:/software/altera/10.1/nios2eds/bin/gnu/h-i686-mingw32/bin/../lib/gcc/nios2-elf/4.1.2/mno-hw-mul\libgcc.a(_clzsi2.o)
 .data          0x00812b30        0x0 c:/software/altera/10.1/nios2eds/bin/gnu/h-i686-mingw32/bin/../lib/gcc/nios2-elf/4.1.2/mno-hw-mul\libgcc.a(_pack_df.o)
 .data          0x00812b30        0x0 c:/software/altera/10.1/nios2eds/bin/gnu/h-i686-mingw32/bin/../lib/gcc/nios2-elf/4.1.2/mno-hw-mul\libgcc.a(_unpack_df.o)
 .data          0x00812b30        0x0 c:/software/altera/10.1/nios2eds/bin/gnu/h-i686-mingw32/bin/../lib/gcc/nios2-elf/4.1.2/mno-hw-mul\libgcc.a(_fpcmp_parts_df.o)
 .data          0x00812b30        0x0 c:/software/altera/10.1/nios2eds/bin/gnu/h-i686-mingw32/bin/../lib/gcc/nios2-elf/4.1.2/mno-hw-mul\libgcc.a(_clz.o)
 .data          0x00812b30        0x0 c:/software/altera/10.1/nios2eds/bin/gnu/h-i686-mingw32/bin/../lib/gcc/nios2-elf/4.1.2/../../../../nios2-elf/lib/mno-hw-mul\libc.a(lib_a-exit.o)
 .data          0x00812b30      0x400 c:/software/altera/10.1/nios2eds/bin/gnu/h-i686-mingw32/bin/../lib/gcc/nios2-elf/4.1.2/../../../../nios2-elf/lib/mno-hw-mul\libc.a(lib_a-impure.o)
 .data          0x00812f30        0x0 c:/software/altera/10.1/nios2eds/bin/gnu/h-i686-mingw32/bin/../lib/gcc/nios2-elf/4.1.2/../../../../nios2-elf/lib/mno-hw-mul\libc.a(lib_a-memset.o)
 .data          0x00812f30        0x0 c:/software/altera/10.1/nios2eds/bin/gnu/h-i686-mingw32/bin/../lib/gcc/nios2-elf/4.1.2/../../../../nios2-elf/lib/mno-hw-mul\libc.a(lib_a-perror.o)
 .data          0x00812f30        0x0 c:/software/altera/10.1/nios2eds/bin/gnu/h-i686-mingw32/bin/../lib/gcc/nios2-elf/4.1.2/../../../../nios2-elf/lib/mno-hw-mul\libc.a(lib_a-printf.o)
 .data          0x00812f30        0x0 c:/software/altera/10.1/nios2eds/bin/gnu/h-i686-mingw32/bin/../lib/gcc/nios2-elf/4.1.2/../../../../nios2-elf/lib/mno-hw-mul\libc.a(lib_a-puts.o)
 .data          0x00812f30        0x0 c:/software/altera/10.1/nios2eds/bin/gnu/h-i686-mingw32/bin/../lib/gcc/nios2-elf/4.1.2/../../../../nios2-elf/lib/mno-hw-mul\libc.a(lib_a-strcmp.o)
 .data          0x00812f30        0x0 c:/software/altera/10.1/nios2eds/bin/gnu/h-i686-mingw32/bin/../lib/gcc/nios2-elf/4.1.2/../../../../nios2-elf/lib/mno-hw-mul\libc.a(lib_a-strcpy.o)
 .data          0x00812f30        0x0 c:/software/altera/10.1/nios2eds/bin/gnu/h-i686-mingw32/bin/../lib/gcc/nios2-elf/4.1.2/../../../../nios2-elf/lib/mno-hw-mul\libc.a(lib_a-strerror.o)
 .data          0x00812f30        0x0 c:/software/altera/10.1/nios2eds/bin/gnu/h-i686-mingw32/bin/../lib/gcc/nios2-elf/4.1.2/../../../../nios2-elf/lib/mno-hw-mul\libc.a(lib_a-strlen.o)
 .data          0x00812f30        0x0 c:/software/altera/10.1/nios2eds/bin/gnu/h-i686-mingw32/bin/../lib/gcc/nios2-elf/4.1.2/../../../../nios2-elf/lib/mno-hw-mul\libc.a(lib_a-u_strerr.o)
 .data          0x00812f30        0x0 c:/software/altera/10.1/nios2eds/bin/gnu/h-i686-mingw32/bin/../lib/gcc/nios2-elf/4.1.2/../../../../nios2-elf/lib/mno-hw-mul\libc.a(lib_a-vfprintf.o)
 .data          0x00812f30        0x0 c:/software/altera/10.1/nios2eds/bin/gnu/h-i686-mingw32/bin/../lib/gcc/nios2-elf/4.1.2/../../../../nios2-elf/lib/mno-hw-mul\libc.a(lib_a-wsetup.o)
 .data          0x00812f30        0x0 c:/software/altera/10.1/nios2eds/bin/gnu/h-i686-mingw32/bin/../lib/gcc/nios2-elf/4.1.2/../../../../nios2-elf/lib/mno-hw-mul\libc.a(lib_a-__call_atexit.o)
 .data          0x00812f30        0x0 c:/software/altera/10.1/nios2eds/bin/gnu/h-i686-mingw32/bin/../lib/gcc/nios2-elf/4.1.2/../../../../nios2-elf/lib/mno-hw-mul\libc.a(lib_a-dtoa.o)
 .data          0x00812f30        0x0 c:/software/altera/10.1/nios2eds/bin/gnu/h-i686-mingw32/bin/../lib/gcc/nios2-elf/4.1.2/../../../../nios2-elf/lib/mno-hw-mul\libc.a(lib_a-fflush.o)
 .data          0x00812f30        0x0 c:/software/altera/10.1/nios2eds/bin/gnu/h-i686-mingw32/bin/../lib/gcc/nios2-elf/4.1.2/../../../../nios2-elf/lib/mno-hw-mul\libc.a(lib_a-findfp.o)
 .data          0x00812f30        0x0 c:/software/altera/10.1/nios2eds/bin/gnu/h-i686-mingw32/bin/../lib/gcc/nios2-elf/4.1.2/../../../../nios2-elf/lib/mno-hw-mul\libc.a(lib_a-fputc.o)
 .data          0x00812f30        0x0 c:/software/altera/10.1/nios2eds/bin/gnu/h-i686-mingw32/bin/../lib/gcc/nios2-elf/4.1.2/../../../../nios2-elf/lib/mno-hw-mul\libc.a(lib_a-fputs.o)
 .data          0x00812f30        0x0 c:/software/altera/10.1/nios2eds/bin/gnu/h-i686-mingw32/bin/../lib/gcc/nios2-elf/4.1.2/../../../../nios2-elf/lib/mno-hw-mul\libc.a(lib_a-freer.o)
 .data          0x00812f30        0x0 c:/software/altera/10.1/nios2eds/bin/gnu/h-i686-mingw32/bin/../lib/gcc/nios2-elf/4.1.2/../../../../nios2-elf/lib/mno-hw-mul\libc.a(lib_a-fvwrite.o)
 .data          0x00812f30        0x0 c:/software/altera/10.1/nios2eds/bin/gnu/h-i686-mingw32/bin/../lib/gcc/nios2-elf/4.1.2/../../../../nios2-elf/lib/mno-hw-mul\libc.a(lib_a-fwalk.o)
 .data          0x00812f30        0xc c:/software/altera/10.1/nios2eds/bin/gnu/h-i686-mingw32/bin/../lib/gcc/nios2-elf/4.1.2/../../../../nios2-elf/lib/mno-hw-mul\libc.a(lib_a-locale.o)
                0x00812f30                __lc_ctype
 .data          0x00812f3c        0x0 c:/software/altera/10.1/nios2eds/bin/gnu/h-i686-mingw32/bin/../lib/gcc/nios2-elf/4.1.2/../../../../nios2-elf/lib/mno-hw-mul\libc.a(lib_a-makebuf.o)
 .data          0x00812f3c      0x408 c:/software/altera/10.1/nios2eds/bin/gnu/h-i686-mingw32/bin/../lib/gcc/nios2-elf/4.1.2/../../../../nios2-elf/lib/mno-hw-mul\libc.a(lib_a-mallocr.o)
                0x00812f3c                __malloc_av_
 .data          0x00813344        0x0 c:/software/altera/10.1/nios2eds/bin/gnu/h-i686-mingw32/bin/../lib/gcc/nios2-elf/4.1.2/../../../../nios2-elf/lib/mno-hw-mul\libc.a(lib_a-memchr.o)
 .data          0x00813344        0x0 c:/software/altera/10.1/nios2eds/bin/gnu/h-i686-mingw32/bin/../lib/gcc/nios2-elf/4.1.2/../../../../nios2-elf/lib/mno-hw-mul\libc.a(lib_a-memcpy.o)
 .data          0x00813344        0x0 c:/software/altera/10.1/nios2eds/bin/gnu/h-i686-mingw32/bin/../lib/gcc/nios2-elf/4.1.2/../../../../nios2-elf/lib/mno-hw-mul\libc.a(lib_a-memmove.o)
 .data          0x00813344        0x0 c:/software/altera/10.1/nios2eds/bin/gnu/h-i686-mingw32/bin/../lib/gcc/nios2-elf/4.1.2/../../../../nios2-elf/lib/mno-hw-mul\libc.a(lib_a-mprec.o)
 .data          0x00813344        0x0 c:/software/altera/10.1/nios2eds/bin/gnu/h-i686-mingw32/bin/../lib/gcc/nios2-elf/4.1.2/../../../../nios2-elf/lib/mno-hw-mul\libc.a(lib_a-putc.o)
 .data          0x00813344        0x0 c:/software/altera/10.1/nios2eds/bin/gnu/h-i686-mingw32/bin/../lib/gcc/nios2-elf/4.1.2/../../../../nios2-elf/lib/mno-hw-mul\libc.a(lib_a-reallocr.o)
 .data          0x00813344        0x0 c:/software/altera/10.1/nios2eds/bin/gnu/h-i686-mingw32/bin/../lib/gcc/nios2-elf/4.1.2/../../../../nios2-elf/lib/mno-hw-mul\libc.a(lib_a-s_isinfd.o)
 .data          0x00813344        0x0 c:/software/altera/10.1/nios2eds/bin/gnu/h-i686-mingw32/bin/../lib/gcc/nios2-elf/4.1.2/../../../../nios2-elf/lib/mno-hw-mul\libc.a(lib_a-s_isnand.o)
 .data          0x00813344        0x0 c:/software/altera/10.1/nios2eds/bin/gnu/h-i686-mingw32/bin/../lib/gcc/nios2-elf/4.1.2/../../../../nios2-elf/lib/mno-hw-mul\libc.a(lib_a-sbrkr.o)
 .data          0x00813344        0x0 c:/software/altera/10.1/nios2eds/bin/gnu/h-i686-mingw32/bin/../lib/gcc/nios2-elf/4.1.2/../../../../nios2-elf/lib/mno-hw-mul\libc.a(lib_a-stdio.o)
 .data          0x00813344        0x0 c:/software/altera/10.1/nios2eds/bin/gnu/h-i686-mingw32/bin/../lib/gcc/nios2-elf/4.1.2/../../../../nios2-elf/lib/mno-hw-mul\libc.a(lib_a-wbuf.o)
 .data          0x00813344        0x0 c:/software/altera/10.1/nios2eds/bin/gnu/h-i686-mingw32/bin/../lib/gcc/nios2-elf/4.1.2/../../../../nios2-elf/lib/mno-hw-mul\libc.a(lib_a-writer.o)
 .data          0x00813344        0x0 c:/software/altera/10.1/nios2eds/bin/gnu/h-i686-mingw32/bin/../lib/gcc/nios2-elf/4.1.2/../../../../nios2-elf/lib/mno-hw-mul\libc.a(lib_a-callocr.o)
 .data          0x00813344        0x0 c:/software/altera/10.1/nios2eds/bin/gnu/h-i686-mingw32/bin/../lib/gcc/nios2-elf/4.1.2/../../../../nios2-elf/lib/mno-hw-mul\libc.a(lib_a-closer.o)
 .data          0x00813344        0x0 c:/software/altera/10.1/nios2eds/bin/gnu/h-i686-mingw32/bin/../lib/gcc/nios2-elf/4.1.2/../../../../nios2-elf/lib/mno-hw-mul\libc.a(lib_a-fclose.o)
 .data          0x00813344        0x0 c:/software/altera/10.1/nios2eds/bin/gnu/h-i686-mingw32/bin/../lib/gcc/nios2-elf/4.1.2/../../../../nios2-elf/lib/mno-hw-mul\libc.a(lib_a-fstatr.o)
 .data          0x00813344        0x0 c:/software/altera/10.1/nios2eds/bin/gnu/h-i686-mingw32/bin/../lib/gcc/nios2-elf/4.1.2/../../../../nios2-elf/lib/mno-hw-mul\libc.a(lib_a-int_errno.o)
 .data          0x00813344        0x0 c:/software/altera/10.1/nios2eds/bin/gnu/h-i686-mingw32/bin/../lib/gcc/nios2-elf/4.1.2/../../../../nios2-elf/lib/mno-hw-mul\libc.a(lib_a-isattyr.o)
 .data          0x00813344        0x0 c:/software/altera/10.1/nios2eds/bin/gnu/h-i686-mingw32/bin/../lib/gcc/nios2-elf/4.1.2/../../../../nios2-elf/lib/mno-hw-mul\libc.a(lib_a-lseekr.o)
 .data          0x00813344        0x0 c:/software/altera/10.1/nios2eds/bin/gnu/h-i686-mingw32/bin/../lib/gcc/nios2-elf/4.1.2/../../../../nios2-elf/lib/mno-hw-mul\libc.a(lib_a-readr.o)
 .data          0x00813344        0x0 c:/software/altera/10.1/nios2eds/bin/gnu/h-i686-mingw32/bin/../lib/gcc/nios2-elf/4.1.2/mno-hw-mul\libgcc.a(_udivdi3.o)
 .data          0x00813344        0x0 c:/software/altera/10.1/nios2eds/bin/gnu/h-i686-mingw32/bin/../lib/gcc/nios2-elf/4.1.2/mno-hw-mul\libgcc.a(_umoddi3.o)
 .data          0x00813344        0x0 c:/software/altera/10.1/nios2eds/bin/gnu/h-i686-mingw32/bin/../lib/gcc/nios2-elf/4.1.2/mno-hw-mul\libgcc.a(_mul_df.o)
 .data          0x00813344        0x0 c:/software/altera/10.1/nios2eds/bin/gnu/h-i686-mingw32/bin/../lib/gcc/nios2-elf/4.1.2/mno-hw-mul\libgcc.a(_div_df.o)
 .data          0x00813344        0x0 c:/software/altera/10.1/nios2eds/bin/gnu/h-i686-mingw32/bin/../lib/gcc/nios2-elf/4.1.2/mno-hw-mul\libgcc.a(_eq_df.o)
 .data          0x00813344        0x0 c:/software/altera/10.1/nios2eds/bin/gnu/h-i686-mingw32/bin/../lib/gcc/nios2-elf/4.1.2/mno-hw-mul\libgcc.a(_ne_df.o)
 .data          0x00813344        0x0 c:/software/altera/10.1/nios2eds/bin/gnu/h-i686-mingw32/bin/../lib/gcc/nios2-elf/4.1.2/mno-hw-mul\libgcc.a(_ge_df.o)
 .data          0x00813344        0x0 c:/software/altera/10.1/nios2eds/bin/gnu/h-i686-mingw32/bin/../lib/gcc/nios2-elf/4.1.2/mno-hw-mul\libgcc.a(_lt_df.o)
 .data          0x00813344        0x0 c:/software/altera/10.1/nios2eds/bin/gnu/h-i686-mingw32/bin/../lib/gcc/nios2-elf/4.1.2/mno-hw-mul\libgcc.a(_muldi3.o)
 .data          0x00813344        0x0 ../lab2_bsp\libhal_bsp.a(alt_close.o)
 .data          0x00813344      0x1a8 ../lab2_bsp\libhal_bsp.a(alt_dev.o)
                0x00813344                alt_dev_null
                0x0081336c                alt_fd_list
 .data          0x008134ec        0x0 ../lab2_bsp\libhal_bsp.a(alt_errno.o)
 .data          0x008134ec        0x0 ../lab2_bsp\libhal_bsp.a(alt_exit.o)
 .data          0x008134ec        0x0 ../lab2_bsp\libhal_bsp.a(alt_fstat.o)
 .data          0x008134ec        0x0 ../lab2_bsp\libhal_bsp.a(alt_irq_register.o)
 .data          0x008134ec        0x0 ../lab2_bsp\libhal_bsp.a(alt_irq_vars.o)
 .data          0x008134ec        0x0 ../lab2_bsp\libhal_bsp.a(alt_isatty.o)
 .data          0x008134ec        0x0 ../lab2_bsp\libhal_bsp.a(alt_load.o)
 .data          0x008134ec        0x0 ../lab2_bsp\libhal_bsp.a(alt_lseek.o)
 .data          0x008134ec        0x0 ../lab2_bsp\libhal_bsp.a(alt_main.o)
 .data          0x008134ec        0x0 ../lab2_bsp\libhal_bsp.a(alt_malloc_lock.o)
 .data          0x008134ec        0x0 ../lab2_bsp\libhal_bsp.a(alt_read.o)
 .data          0x008134ec        0x0 ../lab2_bsp\libhal_bsp.a(alt_release_fd.o)
 .data          0x008134ec        0x0 ../lab2_bsp\libhal_bsp.a(alt_sbrk.o)
 .data          0x008134ec        0x0 ../lab2_bsp\libhal_bsp.a(alt_usleep.o)
 .data          0x008134ec        0x0 ../lab2_bsp\libhal_bsp.a(alt_write.o)
 .data          0x008134ec     0x1180 ../lab2_bsp\libhal_bsp.a(alt_sys_init.o)
 .data          0x0081466c        0x0 ../lab2_bsp\libhal_bsp.a(altera_avalon_jtag_uart_fd.o)
 .data          0x0081466c        0x0 ../lab2_bsp\libhal_bsp.a(altera_avalon_jtag_uart_init.o)
 .data          0x0081466c        0x0 ../lab2_bsp\libhal_bsp.a(altera_avalon_jtag_uart_ioctl.o)
 .data          0x0081466c        0x0 ../lab2_bsp\libhal_bsp.a(altera_avalon_jtag_uart_read.o)
 .data          0x0081466c        0x0 ../lab2_bsp\libhal_bsp.a(altera_avalon_jtag_uart_write.o)
 .data          0x0081466c        0x0 ../lab2_bsp\libhal_bsp.a(altera_avalon_lcd_16207.o)
 .data          0x0081466c        0x0 ../lab2_bsp\libhal_bsp.a(altera_avalon_lcd_16207_fd.o)
 .data          0x0081466c        0x0 ../lab2_bsp\libhal_bsp.a(altera_avalon_timer_sc.o)
 .data          0x0081466c        0x0 ../lab2_bsp\libhal_bsp.a(alt_alarm_start.o)
 .data          0x0081466c        0x0 ../lab2_bsp\libhal_bsp.a(alt_busy_sleep.o)
 .data          0x0081466c        0x0 ../lab2_bsp\libhal_bsp.a(alt_dcache_flush_all.o)
 .data          0x0081466c        0x0 ../lab2_bsp\libhal_bsp.a(alt_dev_llist_insert.o)
 .data          0x0081466c        0x0 ../lab2_bsp\libhal_bsp.a(alt_do_ctors.o)
 .data          0x0081466c        0x0 ../lab2_bsp\libhal_bsp.a(alt_do_dtors.o)
 .data          0x0081466c        0x0 ../lab2_bsp\libhal_bsp.a(alt_icache_flush_all.o)
 .data          0x0081466c        0x0 ../lab2_bsp\libhal_bsp.a(alt_iic.o)
 .data          0x0081466c        0x0 ../lab2_bsp\libhal_bsp.a(alt_iic_isr_register.o)
 .data          0x0081466c        0x0 ../lab2_bsp\libhal_bsp.a(alt_io_redirect.o)
 .data          0x0081466c        0x0 ../lab2_bsp\libhal_bsp.a(alt_irq_entry.o)
 .data          0x0081466c        0x0 ../lab2_bsp\libhal_bsp.a(alt_irq_handler.o)
 .data          0x0081466c        0x0 ../lab2_bsp\libhal_bsp.a(alt_open.o)
 .data          0x0081466c        0x0 ../lab2_bsp\libhal_bsp.a(alt_tick.o)
 .data          0x0081466c        0x0 ../lab2_bsp\libhal_bsp.a(altera_nios2_irq.o)
 .data          0x0081466c        0x0 ../lab2_bsp\libhal_bsp.a(alt_exception_entry.o)
 .data          0x0081466c        0x0 ../lab2_bsp\libhal_bsp.a(alt_find_dev.o)
 .data          0x0081466c        0x0 ../lab2_bsp\libhal_bsp.a(alt_find_file.o)
 .data          0x0081466c        0x0 ../lab2_bsp\libhal_bsp.a(alt_get_fd.o)
 .data          0x0081466c        0x0 ../lab2_bsp\libhal_bsp.a(alt_icache_flush.o)
 .data          0x0081466c        0x0 c:/software/altera/10.1/nios2eds/bin/gnu/h-i686-mingw32/bin/../lib/gcc/nios2-elf/4.1.2/../../../../nios2-elf/lib/mno-hw-mul\libc.a(lib_a-atexit.o)
 .data          0x0081466c        0x0 c:/software/altera/10.1/nios2eds/bin/gnu/h-i686-mingw32/bin/../lib/gcc/nios2-elf/4.1.2/../../../../nios2-elf/lib/mno-hw-mul\libc.a(lib_a-ctype_.o)
 .data          0x0081466c        0x0 c:/software/altera/10.1/nios2eds/bin/gnu/h-i686-mingw32/bin/../lib/gcc/nios2-elf/4.1.2/../../../../nios2-elf/lib/mno-hw-mul\libc.a(lib_a-memcmp.o)
 .data          0x0081466c        0x0 c:/software/altera/10.1/nios2eds/bin/gnu/h-i686-mingw32/bin/../lib/gcc/nios2-elf/4.1.2/../../../../nios2-elf/lib/mno-hw-mul\libc.a(lib_a-__atexit.o)
                0x0081c66c                _gp = ABSOLUTE ((. + 0x8000))
                0x0081c66c                PROVIDE (gp, _gp)
 *(.sdata .sdata.* .gnu.linkonce.s.*)
 .sdata         0x0081466c       0x44 obj/lab2.o
                0x0081466c                cmd0
                0x00814671                cmd55
                0x00814676                cmd2
                0x0081467b                cmd3
                0x00814680                cmd7
                0x00814685                cmd9
                0x0081468a                cmd16
                0x0081468f                cmd17
                0x00814694                acmd6
                0x00814699                acmd41
                0x0081469e                acmd51
                0x008146a4                next_track
                0x008146a8                data_rate
                0x008146ac                data_rate_incr
 .sdata         0x008146b0        0x8 c:/software/altera/10.1/nios2eds/bin/gnu/h-i686-mingw32/bin/../lib/gcc/nios2-elf/4.1.2/../../../../nios2-elf/lib/mno-hw-mul\libc.a(lib_a-impure.o)
                0x008146b0                _impure_ptr
                0x008146b4                _global_impure_ptr
 .sdata         0x008146b8        0x8 c:/software/altera/10.1/nios2eds/bin/gnu/h-i686-mingw32/bin/../lib/gcc/nios2-elf/4.1.2/../../../../nios2-elf/lib/mno-hw-mul\libc.a(lib_a-locale.o)
                0x008146b8                __mb_cur_max
 .sdata         0x008146c0        0x8 c:/software/altera/10.1/nios2eds/bin/gnu/h-i686-mingw32/bin/../lib/gcc/nios2-elf/4.1.2/../../../../nios2-elf/lib/mno-hw-mul\libc.a(lib_a-mallocr.o)
                0x008146c0                __malloc_trim_threshold
                0x008146c4                __malloc_sbrk_base
 .sdata         0x008146c8       0x14 ../lab2_bsp\libhal_bsp.a(alt_dev.o)
                0x008146c8                alt_fs_list
                0x008146d0                alt_dev_list
                0x008146d8                alt_max_fd
 .sdata         0x008146dc        0x4 ../lab2_bsp\libhal_bsp.a(alt_errno.o)
                0x008146dc                alt_errno
 .sdata         0x008146e0        0x4 ../lab2_bsp\libhal_bsp.a(alt_irq_vars.o)
                0x008146e0                alt_priority_mask
 .sdata         0x008146e4        0x4 ../lab2_bsp\libhal_bsp.a(alt_sbrk.o)
 .sdata         0x008146e8        0x4 ../lab2_bsp\libhal_bsp.a(altera_avalon_lcd_16207.o)
 .sdata         0x008146ec        0x8 ../lab2_bsp\libhal_bsp.a(alt_tick.o)
                0x008146ec                alt_alarm_list
 .sdata         0x008146f4        0x4 c:/software/altera/10.1/nios2eds/bin/gnu/h-i686-mingw32/bin/../lib/gcc/nios2-elf/4.1.2/../../../../nios2-elf/lib/mno-hw-mul\libc.a(lib_a-ctype_.o)
                0x008146f4                __ctype_ptr
 *(.sdata2 .sdata2.* .gnu.linkonce.s2.*)
                0x008146f8                . = ALIGN (0x4)
                0x008146f8                _edata = ABSOLUTE (.)
                0x008146f8                PROVIDE (edata, ABSOLUTE (.))
                0x008146f8                PROVIDE (__ram_rwdata_end, ABSOLUTE (.))
                0x008146f8                PROVIDE (__flash_rwdata_start, LOADADDR (.rwdata))

.bss            0x008163c0      0x408
                0x008163c0                __bss_start = ABSOLUTE (.)
                0x008163c0                PROVIDE (__sbss_start, ABSOLUTE (.))
                0x008163c0                PROVIDE (___sbss_start, ABSOLUTE (.))
 *(.dynsbss)
 *(.sbss .sbss.* .gnu.linkonce.sb.*)
 .sbss          0x008163c0       0x20 obj/lab2.o
                0x008163c0                file_count
                0x008163c4                file_number
                0x008163c8                PLAY
                0x008163cc                prev_track
                0x008163d0                pressed
                0x008163d4                sect_num
                0x008163d8                reverse
                0x008163dc                dly_channel
 .sbss          0x008163e0       0xd0 obj/lab2.o
                0x008163e0                BS_BootSig_32
                0x008163e4                FAT32ClusEntryVal
                0x008163e8                MBR_Bootable
                0x008163e9                BS_FilSysType_16
                0x008163f1                BPB_SecPerClus
                0x008163f4                BPB_RootEntCnt
                0x008163f8                FATOffset
                0x008163fc                BPB_RootClus
                0x00816400                BPB_ExtFlags
                0x00816404                FirstRootDirSecNum
                0x00816408                BS_DrvNum_32
                0x0081640c                BPB_SecPerTrk
                0x00816410                BPB_HiddSec
                0x00816414                BS_FilSysType_32
                0x0081641c                MBR_Partition_Type
                0x0081641d                BS_JmpBoot
                0x00816420                FirstDataSector
                0x00816424                BPB_NumFATs
                0x00816428                BPB_FATSz16
                0x0081642c                FAT16ClusEntryVal
                0x00816430                ThisFATEntOffset
                0x00816434                BS_VOLID_16
                0x00816438                BPB_BytsPerSec
                0x0081643c                BPB_FATSz32
                0x00816440                FATSz
                0x00816444                BPB_BkBootSec
                0x00816448                FAT12ClusEntryVal
                0x0081644c                BS_BootSig_16
                0x00816450                FATClusEntryVal
                0x00816454                BPB_TotSec16
                0x00816458                cmd_buffer
                0x0081645d                read_status
                0x0081645e                BS_OEMName
                0x00816466                FATType
                0x0081646c                ThisFATSecNum
                0x00816470                MBR_Partition_Len
                0x00816474                MBR_End_End
                0x00816478                BPB_TotSec32
                0x0081647c                DataSec
                0x00816480                TotSec
                0x00816484                CountofClusters
                0x00816488                RootDirSectors
                0x0081648c                BPB_RsvdSecCnt
                0x00816490                RCA
                0x00816494                BPB_NumHeads
                0x00816498                BS_VOLID_32
                0x0081649c                BS_DrvNum_16
                0x008164a0                BPB_FSInfo
                0x008164a4                BPB_Media
                0x008164a5                MBR_Start_Sector
                0x008164a8                BPB_FSVer
                0x008164ac                MBR_BS_Location
 .sbss          0x008164b0        0xc c:/software/altera/10.1/nios2eds/bin/gnu/h-i686-mingw32/bin/../lib/gcc/nios2-elf/4.1.2/../../../../nios2-elf/lib/mno-hw-mul\libc.a(lib_a-locale.o)
                0x008164b0                __nlocale_changed
                0x008164b4                __mlocale_changed
                0x008164b8                _PathLocale
 .sbss          0x008164bc        0xc c:/software/altera/10.1/nios2eds/bin/gnu/h-i686-mingw32/bin/../lib/gcc/nios2-elf/4.1.2/../../../../nios2-elf/lib/mno-hw-mul\libc.a(lib_a-mallocr.o)
                0x008164bc                __malloc_top_pad
                0x008164c0                __malloc_max_sbrked_mem
                0x008164c4                __malloc_max_total_mem
 .sbss          0x008164c8        0x4 c:/software/altera/10.1/nios2eds/bin/gnu/h-i686-mingw32/bin/../lib/gcc/nios2-elf/4.1.2/../../../../nios2-elf/lib/mno-hw-mul\libc.a(lib_a-int_errno.o)
                0x008164c8                errno
 .sbss          0x008164cc        0x4 ../lab2_bsp\libhal_bsp.a(alt_irq_vars.o)
                0x008164cc                alt_irq_active
 .sbss          0x008164d0        0xc ../lab2_bsp\libhal_bsp.a(alt_main.o)
                0x008164d0                alt_argc
                0x008164d4                alt_argv
                0x008164d8                alt_envp
 .sbss          0x008164dc        0x8 ../lab2_bsp\libhal_bsp.a(alt_tick.o)
                0x008164dc                _alt_tick_rate
                0x008164e0                _alt_nticks
 *(.sbss2 .sbss2.* .gnu.linkonce.sb2.*)
 *(.scommon)
                0x008164e4                PROVIDE (__sbss_end, ABSOLUTE (.))
                0x008164e4                PROVIDE (___sbss_end, ABSOLUTE (.))
 *(.dynbss)
 *(.bss .bss.* .gnu.linkonce.b.*)
 .bss           0x008164e4        0x0 ../lab2_bsp/obj/HAL/src/crt0.o
 .bss           0x008164e4        0x0 obj/LCD.o
 .bss           0x008164e4        0x0 obj/Open_I2C.o
 .bss           0x008164e4        0x0 obj/lab2.o
 .bss           0x008164e4        0x0 obj/wm8731.o
 .bss           0x008164e4        0x0 c:/software/altera/10.1/nios2eds/bin/gnu/h-i686-mingw32/bin/../lib/gcc/nios2-elf/4.1.2/../../../../nios2-elf/lib/mno-hw-mul\libm.a(lib_a-s_ceil.o)
 .bss           0x008164e4        0x0 c:/software/altera/10.1/nios2eds/bin/gnu/h-i686-mingw32/bin/../lib/gcc/nios2-elf/4.1.2/../../../../nios2-elf/lib/mno-hw-mul\libm.a(lib_a-s_floor.o)
 .bss           0x008164e4        0x0 c:/software/altera/10.1/nios2eds/bin/gnu/h-i686-mingw32/bin/../lib/gcc/nios2-elf/4.1.2/mno-hw-mul\libgcc.a(_addsub_df.o)
 .bss           0x008164e4        0x0 c:/software/altera/10.1/nios2eds/bin/gnu/h-i686-mingw32/bin/../lib/gcc/nios2-elf/4.1.2/mno-hw-mul\libgcc.a(_gt_df.o)
 .bss           0x008164e4        0x0 c:/software/altera/10.1/nios2eds/bin/gnu/h-i686-mingw32/bin/../lib/gcc/nios2-elf/4.1.2/mno-hw-mul\libgcc.a(_si_to_df.o)
 .bss           0x008164e4        0x0 c:/software/altera/10.1/nios2eds/bin/gnu/h-i686-mingw32/bin/../lib/gcc/nios2-elf/4.1.2/mno-hw-mul\libgcc.a(_df_to_si.o)
 .bss           0x008164e4        0x0 c:/software/altera/10.1/nios2eds/bin/gnu/h-i686-mingw32/bin/../lib/gcc/nios2-elf/4.1.2/mno-hw-mul\libgcc.a(_thenan_df.o)
 .bss           0x008164e4        0x0 c:/software/altera/10.1/nios2eds/bin/gnu/h-i686-mingw32/bin/../lib/gcc/nios2-elf/4.1.2/mno-hw-mul\libgcc.a(_usi_to_df.o)
 .bss           0x008164e4        0x0 c:/software/altera/10.1/nios2eds/bin/gnu/h-i686-mingw32/bin/../lib/gcc/nios2-elf/4.1.2/mno-hw-mul\libgcc.a(lib2-divmod.o)
 .bss           0x008164e4        0x0 c:/software/altera/10.1/nios2eds/bin/gnu/h-i686-mingw32/bin/../lib/gcc/nios2-elf/4.1.2/mno-hw-mul\libgcc.a(lib2-divtable.o)
 .bss           0x008164e4        0x0 c:/software/altera/10.1/nios2eds/bin/gnu/h-i686-mingw32/bin/../lib/gcc/nios2-elf/4.1.2/mno-hw-mul\libgcc.a(lib2-mul.o)
 .bss           0x008164e4        0x0 c:/software/altera/10.1/nios2eds/bin/gnu/h-i686-mingw32/bin/../lib/gcc/nios2-elf/4.1.2/mno-hw-mul\libgcc.a(_clzsi2.o)
 .bss           0x008164e4        0x0 c:/software/altera/10.1/nios2eds/bin/gnu/h-i686-mingw32/bin/../lib/gcc/nios2-elf/4.1.2/mno-hw-mul\libgcc.a(_pack_df.o)
 .bss           0x008164e4        0x0 c:/software/altera/10.1/nios2eds/bin/gnu/h-i686-mingw32/bin/../lib/gcc/nios2-elf/4.1.2/mno-hw-mul\libgcc.a(_unpack_df.o)
 .bss           0x008164e4        0x0 c:/software/altera/10.1/nios2eds/bin/gnu/h-i686-mingw32/bin/../lib/gcc/nios2-elf/4.1.2/mno-hw-mul\libgcc.a(_fpcmp_parts_df.o)
 .bss           0x008164e4        0x0 c:/software/altera/10.1/nios2eds/bin/gnu/h-i686-mingw32/bin/../lib/gcc/nios2-elf/4.1.2/mno-hw-mul\libgcc.a(_clz.o)
 .bss           0x008164e4        0x0 c:/software/altera/10.1/nios2eds/bin/gnu/h-i686-mingw32/bin/../lib/gcc/nios2-elf/4.1.2/../../../../nios2-elf/lib/mno-hw-mul\libc.a(lib_a-exit.o)
 .bss           0x008164e4        0x0 c:/software/altera/10.1/nios2eds/bin/gnu/h-i686-mingw32/bin/../lib/gcc/nios2-elf/4.1.2/../../../../nios2-elf/lib/mno-hw-mul\libc.a(lib_a-impure.o)
 .bss           0x008164e4        0x0 c:/software/altera/10.1/nios2eds/bin/gnu/h-i686-mingw32/bin/../lib/gcc/nios2-elf/4.1.2/../../../../nios2-elf/lib/mno-hw-mul\libc.a(lib_a-memset.o)
 .bss           0x008164e4        0x0 c:/software/altera/10.1/nios2eds/bin/gnu/h-i686-mingw32/bin/../lib/gcc/nios2-elf/4.1.2/../../../../nios2-elf/lib/mno-hw-mul\libc.a(lib_a-perror.o)
 .bss           0x008164e4        0x0 c:/software/altera/10.1/nios2eds/bin/gnu/h-i686-mingw32/bin/../lib/gcc/nios2-elf/4.1.2/../../../../nios2-elf/lib/mno-hw-mul\libc.a(lib_a-printf.o)
 .bss           0x008164e4        0x0 c:/software/altera/10.1/nios2eds/bin/gnu/h-i686-mingw32/bin/../lib/gcc/nios2-elf/4.1.2/../../../../nios2-elf/lib/mno-hw-mul\libc.a(lib_a-puts.o)
 .bss           0x008164e4        0x0 c:/software/altera/10.1/nios2eds/bin/gnu/h-i686-mingw32/bin/../lib/gcc/nios2-elf/4.1.2/../../../../nios2-elf/lib/mno-hw-mul\libc.a(lib_a-strcmp.o)
 .bss           0x008164e4        0x0 c:/software/altera/10.1/nios2eds/bin/gnu/h-i686-mingw32/bin/../lib/gcc/nios2-elf/4.1.2/../../../../nios2-elf/lib/mno-hw-mul\libc.a(lib_a-strcpy.o)
 .bss           0x008164e4        0x0 c:/software/altera/10.1/nios2eds/bin/gnu/h-i686-mingw32/bin/../lib/gcc/nios2-elf/4.1.2/../../../../nios2-elf/lib/mno-hw-mul\libc.a(lib_a-strerror.o)
 .bss           0x008164e4        0x0 c:/software/altera/10.1/nios2eds/bin/gnu/h-i686-mingw32/bin/../lib/gcc/nios2-elf/4.1.2/../../../../nios2-elf/lib/mno-hw-mul\libc.a(lib_a-strlen.o)
 .bss           0x008164e4        0x0 c:/software/altera/10.1/nios2eds/bin/gnu/h-i686-mingw32/bin/../lib/gcc/nios2-elf/4.1.2/../../../../nios2-elf/lib/mno-hw-mul\libc.a(lib_a-u_strerr.o)
 .bss           0x008164e4        0x0 c:/software/altera/10.1/nios2eds/bin/gnu/h-i686-mingw32/bin/../lib/gcc/nios2-elf/4.1.2/../../../../nios2-elf/lib/mno-hw-mul\libc.a(lib_a-vfprintf.o)
 .bss           0x008164e4        0x0 c:/software/altera/10.1/nios2eds/bin/gnu/h-i686-mingw32/bin/../lib/gcc/nios2-elf/4.1.2/../../../../nios2-elf/lib/mno-hw-mul\libc.a(lib_a-wsetup.o)
 .bss           0x008164e4        0x0 c:/software/altera/10.1/nios2eds/bin/gnu/h-i686-mingw32/bin/../lib/gcc/nios2-elf/4.1.2/../../../../nios2-elf/lib/mno-hw-mul\libc.a(lib_a-__call_atexit.o)
 .bss           0x008164e4        0x0 c:/software/altera/10.1/nios2eds/bin/gnu/h-i686-mingw32/bin/../lib/gcc/nios2-elf/4.1.2/../../../../nios2-elf/lib/mno-hw-mul\libc.a(lib_a-dtoa.o)
 .bss           0x008164e4        0x0 c:/software/altera/10.1/nios2eds/bin/gnu/h-i686-mingw32/bin/../lib/gcc/nios2-elf/4.1.2/../../../../nios2-elf/lib/mno-hw-mul\libc.a(lib_a-fflush.o)
 .bss           0x008164e4        0x0 c:/software/altera/10.1/nios2eds/bin/gnu/h-i686-mingw32/bin/../lib/gcc/nios2-elf/4.1.2/../../../../nios2-elf/lib/mno-hw-mul\libc.a(lib_a-findfp.o)
 .bss           0x008164e4        0x0 c:/software/altera/10.1/nios2eds/bin/gnu/h-i686-mingw32/bin/../lib/gcc/nios2-elf/4.1.2/../../../../nios2-elf/lib/mno-hw-mul\libc.a(lib_a-fputc.o)
 .bss           0x008164e4        0x0 c:/software/altera/10.1/nios2eds/bin/gnu/h-i686-mingw32/bin/../lib/gcc/nios2-elf/4.1.2/../../../../nios2-elf/lib/mno-hw-mul\libc.a(lib_a-fputs.o)
 .bss           0x008164e4        0x0 c:/software/altera/10.1/nios2eds/bin/gnu/h-i686-mingw32/bin/../lib/gcc/nios2-elf/4.1.2/../../../../nios2-elf/lib/mno-hw-mul\libc.a(lib_a-freer.o)
 .bss           0x008164e4        0x0 c:/software/altera/10.1/nios2eds/bin/gnu/h-i686-mingw32/bin/../lib/gcc/nios2-elf/4.1.2/../../../../nios2-elf/lib/mno-hw-mul\libc.a(lib_a-fvwrite.o)
 .bss           0x008164e4        0x0 c:/software/altera/10.1/nios2eds/bin/gnu/h-i686-mingw32/bin/../lib/gcc/nios2-elf/4.1.2/../../../../nios2-elf/lib/mno-hw-mul\libc.a(lib_a-fwalk.o)
 .bss           0x008164e4        0x0 c:/software/altera/10.1/nios2eds/bin/gnu/h-i686-mingw32/bin/../lib/gcc/nios2-elf/4.1.2/../../../../nios2-elf/lib/mno-hw-mul\libc.a(lib_a-locale.o)
 .bss           0x008164e4        0x0 c:/software/altera/10.1/nios2eds/bin/gnu/h-i686-mingw32/bin/../lib/gcc/nios2-elf/4.1.2/../../../../nios2-elf/lib/mno-hw-mul\libc.a(lib_a-makebuf.o)
 .bss           0x008164e4       0x28 c:/software/altera/10.1/nios2eds/bin/gnu/h-i686-mingw32/bin/../lib/gcc/nios2-elf/4.1.2/../../../../nios2-elf/lib/mno-hw-mul\libc.a(lib_a-mallocr.o)
                0x008164e4                __malloc_current_mallinfo
 .bss           0x0081650c        0x0 c:/software/altera/10.1/nios2eds/bin/gnu/h-i686-mingw32/bin/../lib/gcc/nios2-elf/4.1.2/../../../../nios2-elf/lib/mno-hw-mul\libc.a(lib_a-memchr.o)
 .bss           0x0081650c        0x0 c:/software/altera/10.1/nios2eds/bin/gnu/h-i686-mingw32/bin/../lib/gcc/nios2-elf/4.1.2/../../../../nios2-elf/lib/mno-hw-mul\libc.a(lib_a-memcpy.o)
 .bss           0x0081650c        0x0 c:/software/altera/10.1/nios2eds/bin/gnu/h-i686-mingw32/bin/../lib/gcc/nios2-elf/4.1.2/../../../../nios2-elf/lib/mno-hw-mul\libc.a(lib_a-memmove.o)
 .bss           0x0081650c        0x0 c:/software/altera/10.1/nios2eds/bin/gnu/h-i686-mingw32/bin/../lib/gcc/nios2-elf/4.1.2/../../../../nios2-elf/lib/mno-hw-mul\libc.a(lib_a-mprec.o)
 .bss           0x0081650c        0x0 c:/software/altera/10.1/nios2eds/bin/gnu/h-i686-mingw32/bin/../lib/gcc/nios2-elf/4.1.2/../../../../nios2-elf/lib/mno-hw-mul\libc.a(lib_a-putc.o)
 .bss           0x0081650c        0x0 c:/software/altera/10.1/nios2eds/bin/gnu/h-i686-mingw32/bin/../lib/gcc/nios2-elf/4.1.2/../../../../nios2-elf/lib/mno-hw-mul\libc.a(lib_a-reallocr.o)
 .bss           0x0081650c        0x0 c:/software/altera/10.1/nios2eds/bin/gnu/h-i686-mingw32/bin/../lib/gcc/nios2-elf/4.1.2/../../../../nios2-elf/lib/mno-hw-mul\libc.a(lib_a-s_isinfd.o)
 .bss           0x0081650c        0x0 c:/software/altera/10.1/nios2eds/bin/gnu/h-i686-mingw32/bin/../lib/gcc/nios2-elf/4.1.2/../../../../nios2-elf/lib/mno-hw-mul\libc.a(lib_a-s_isnand.o)
 .bss           0x0081650c        0x0 c:/software/altera/10.1/nios2eds/bin/gnu/h-i686-mingw32/bin/../lib/gcc/nios2-elf/4.1.2/../../../../nios2-elf/lib/mno-hw-mul\libc.a(lib_a-sbrkr.o)
 .bss           0x0081650c        0x0 c:/software/altera/10.1/nios2eds/bin/gnu/h-i686-mingw32/bin/../lib/gcc/nios2-elf/4.1.2/../../../../nios2-elf/lib/mno-hw-mul\libc.a(lib_a-stdio.o)
 .bss           0x0081650c        0x0 c:/software/altera/10.1/nios2eds/bin/gnu/h-i686-mingw32/bin/../lib/gcc/nios2-elf/4.1.2/../../../../nios2-elf/lib/mno-hw-mul\libc.a(lib_a-wbuf.o)
 .bss           0x0081650c        0x0 c:/software/altera/10.1/nios2eds/bin/gnu/h-i686-mingw32/bin/../lib/gcc/nios2-elf/4.1.2/../../../../nios2-elf/lib/mno-hw-mul\libc.a(lib_a-writer.o)
 .bss           0x0081650c        0x0 c:/software/altera/10.1/nios2eds/bin/gnu/h-i686-mingw32/bin/../lib/gcc/nios2-elf/4.1.2/../../../../nios2-elf/lib/mno-hw-mul\libc.a(lib_a-callocr.o)
 .bss           0x0081650c        0x0 c:/software/altera/10.1/nios2eds/bin/gnu/h-i686-mingw32/bin/../lib/gcc/nios2-elf/4.1.2/../../../../nios2-elf/lib/mno-hw-mul\libc.a(lib_a-closer.o)
 .bss           0x0081650c        0x0 c:/software/altera/10.1/nios2eds/bin/gnu/h-i686-mingw32/bin/../lib/gcc/nios2-elf/4.1.2/../../../../nios2-elf/lib/mno-hw-mul\libc.a(lib_a-fclose.o)
 .bss           0x0081650c        0x0 c:/software/altera/10.1/nios2eds/bin/gnu/h-i686-mingw32/bin/../lib/gcc/nios2-elf/4.1.2/../../../../nios2-elf/lib/mno-hw-mul\libc.a(lib_a-fstatr.o)
 .bss           0x0081650c        0x0 c:/software/altera/10.1/nios2eds/bin/gnu/h-i686-mingw32/bin/../lib/gcc/nios2-elf/4.1.2/../../../../nios2-elf/lib/mno-hw-mul\libc.a(lib_a-int_errno.o)
 .bss           0x0081650c        0x0 c:/software/altera/10.1/nios2eds/bin/gnu/h-i686-mingw32/bin/../lib/gcc/nios2-elf/4.1.2/../../../../nios2-elf/lib/mno-hw-mul\libc.a(lib_a-isattyr.o)
 .bss           0x0081650c        0x0 c:/software/altera/10.1/nios2eds/bin/gnu/h-i686-mingw32/bin/../lib/gcc/nios2-elf/4.1.2/../../../../nios2-elf/lib/mno-hw-mul\libc.a(lib_a-lseekr.o)
 .bss           0x0081650c        0x0 c:/software/altera/10.1/nios2eds/bin/gnu/h-i686-mingw32/bin/../lib/gcc/nios2-elf/4.1.2/../../../../nios2-elf/lib/mno-hw-mul\libc.a(lib_a-readr.o)
 .bss           0x0081650c        0x0 c:/software/altera/10.1/nios2eds/bin/gnu/h-i686-mingw32/bin/../lib/gcc/nios2-elf/4.1.2/mno-hw-mul\libgcc.a(_udivdi3.o)
 .bss           0x0081650c        0x0 c:/software/altera/10.1/nios2eds/bin/gnu/h-i686-mingw32/bin/../lib/gcc/nios2-elf/4.1.2/mno-hw-mul\libgcc.a(_umoddi3.o)
 .bss           0x0081650c        0x0 c:/software/altera/10.1/nios2eds/bin/gnu/h-i686-mingw32/bin/../lib/gcc/nios2-elf/4.1.2/mno-hw-mul\libgcc.a(_mul_df.o)
 .bss           0x0081650c        0x0 c:/software/altera/10.1/nios2eds/bin/gnu/h-i686-mingw32/bin/../lib/gcc/nios2-elf/4.1.2/mno-hw-mul\libgcc.a(_div_df.o)
 .bss           0x0081650c        0x0 c:/software/altera/10.1/nios2eds/bin/gnu/h-i686-mingw32/bin/../lib/gcc/nios2-elf/4.1.2/mno-hw-mul\libgcc.a(_eq_df.o)
 .bss           0x0081650c        0x0 c:/software/altera/10.1/nios2eds/bin/gnu/h-i686-mingw32/bin/../lib/gcc/nios2-elf/4.1.2/mno-hw-mul\libgcc.a(_ne_df.o)
 .bss           0x0081650c        0x0 c:/software/altera/10.1/nios2eds/bin/gnu/h-i686-mingw32/bin/../lib/gcc/nios2-elf/4.1.2/mno-hw-mul\libgcc.a(_ge_df.o)
 .bss           0x0081650c        0x0 c:/software/altera/10.1/nios2eds/bin/gnu/h-i686-mingw32/bin/../lib/gcc/nios2-elf/4.1.2/mno-hw-mul\libgcc.a(_lt_df.o)
 .bss           0x0081650c        0x0 c:/software/altera/10.1/nios2eds/bin/gnu/h-i686-mingw32/bin/../lib/gcc/nios2-elf/4.1.2/mno-hw-mul\libgcc.a(_muldi3.o)
 .bss           0x0081650c        0x0 ../lab2_bsp\libhal_bsp.a(alt_close.o)
 .bss           0x0081650c        0x0 ../lab2_bsp\libhal_bsp.a(alt_dev.o)
 .bss           0x0081650c        0x0 ../lab2_bsp\libhal_bsp.a(alt_errno.o)
 .bss           0x0081650c        0x0 ../lab2_bsp\libhal_bsp.a(alt_exit.o)
 .bss           0x0081650c        0x0 ../lab2_bsp\libhal_bsp.a(alt_fstat.o)
 .bss           0x0081650c        0x0 ../lab2_bsp\libhal_bsp.a(alt_irq_register.o)
 .bss           0x0081650c        0x0 ../lab2_bsp\libhal_bsp.a(alt_irq_vars.o)
 .bss           0x0081650c        0x0 ../lab2_bsp\libhal_bsp.a(alt_isatty.o)
 .bss           0x0081650c        0x0 ../lab2_bsp\libhal_bsp.a(alt_load.o)
 .bss           0x0081650c        0x0 ../lab2_bsp\libhal_bsp.a(alt_lseek.o)
 .bss           0x0081650c        0x0 ../lab2_bsp\libhal_bsp.a(alt_main.o)
 .bss           0x0081650c        0x0 ../lab2_bsp\libhal_bsp.a(alt_malloc_lock.o)
 .bss           0x0081650c        0x0 ../lab2_bsp\libhal_bsp.a(alt_read.o)
 .bss           0x0081650c        0x0 ../lab2_bsp\libhal_bsp.a(alt_release_fd.o)
 .bss           0x0081650c        0x0 ../lab2_bsp\libhal_bsp.a(alt_sbrk.o)
 .bss           0x0081650c        0x0 ../lab2_bsp\libhal_bsp.a(alt_usleep.o)
 .bss           0x0081650c        0x0 ../lab2_bsp\libhal_bsp.a(alt_write.o)
 .bss           0x0081650c        0x0 ../lab2_bsp\libhal_bsp.a(alt_sys_init.o)
 .bss           0x0081650c        0x0 ../lab2_bsp\libhal_bsp.a(altera_avalon_jtag_uart_fd.o)
 .bss           0x0081650c        0x0 ../lab2_bsp\libhal_bsp.a(altera_avalon_jtag_uart_init.o)
 .bss           0x0081650c        0x0 ../lab2_bsp\libhal_bsp.a(altera_avalon_jtag_uart_ioctl.o)
 .bss           0x0081650c        0x0 ../lab2_bsp\libhal_bsp.a(altera_avalon_jtag_uart_read.o)
 .bss           0x0081650c        0x0 ../lab2_bsp\libhal_bsp.a(altera_avalon_jtag_uart_write.o)
 .bss           0x0081650c        0x0 ../lab2_bsp\libhal_bsp.a(altera_avalon_lcd_16207.o)
 .bss           0x0081650c        0x0 ../lab2_bsp\libhal_bsp.a(altera_avalon_lcd_16207_fd.o)
 .bss           0x0081650c        0x0 ../lab2_bsp\libhal_bsp.a(altera_avalon_timer_sc.o)
 .bss           0x0081650c        0x0 ../lab2_bsp\libhal_bsp.a(alt_alarm_start.o)
 .bss           0x0081650c        0x0 ../lab2_bsp\libhal_bsp.a(alt_busy_sleep.o)
 .bss           0x0081650c        0x0 ../lab2_bsp\libhal_bsp.a(alt_dcache_flush_all.o)
 .bss           0x0081650c        0x0 ../lab2_bsp\libhal_bsp.a(alt_dev_llist_insert.o)
 .bss           0x0081650c        0x0 ../lab2_bsp\libhal_bsp.a(alt_do_ctors.o)
 .bss           0x0081650c        0x0 ../lab2_bsp\libhal_bsp.a(alt_do_dtors.o)
 .bss           0x0081650c        0x0 ../lab2_bsp\libhal_bsp.a(alt_icache_flush_all.o)
 .bss           0x0081650c        0x0 ../lab2_bsp\libhal_bsp.a(alt_iic.o)
 .bss           0x0081650c        0x0 ../lab2_bsp\libhal_bsp.a(alt_iic_isr_register.o)
 .bss           0x0081650c        0x0 ../lab2_bsp\libhal_bsp.a(alt_io_redirect.o)
 .bss           0x0081650c        0x0 ../lab2_bsp\libhal_bsp.a(alt_irq_entry.o)
 .bss           0x0081650c        0x0 ../lab2_bsp\libhal_bsp.a(alt_irq_handler.o)
 .bss           0x0081650c        0x0 ../lab2_bsp\libhal_bsp.a(alt_open.o)
 .bss           0x0081650c        0x0 ../lab2_bsp\libhal_bsp.a(alt_tick.o)
 .bss           0x0081650c        0x0 ../lab2_bsp\libhal_bsp.a(altera_nios2_irq.o)
 .bss           0x0081650c        0x0 ../lab2_bsp\libhal_bsp.a(alt_exception_entry.o)
 .bss           0x0081650c        0x0 ../lab2_bsp\libhal_bsp.a(alt_find_dev.o)
 .bss           0x0081650c        0x0 ../lab2_bsp\libhal_bsp.a(alt_find_file.o)
 .bss           0x0081650c        0x0 ../lab2_bsp\libhal_bsp.a(alt_get_fd.o)
 .bss           0x0081650c        0x0 ../lab2_bsp\libhal_bsp.a(alt_icache_flush.o)
 .bss           0x0081650c        0x0 c:/software/altera/10.1/nios2eds/bin/gnu/h-i686-mingw32/bin/../lib/gcc/nios2-elf/4.1.2/../../../../nios2-elf/lib/mno-hw-mul\libc.a(lib_a-atexit.o)
 .bss           0x0081650c        0x0 c:/software/altera/10.1/nios2eds/bin/gnu/h-i686-mingw32/bin/../lib/gcc/nios2-elf/4.1.2/../../../../nios2-elf/lib/mno-hw-mul\libc.a(lib_a-ctype_.o)
 .bss           0x0081650c        0x0 c:/software/altera/10.1/nios2eds/bin/gnu/h-i686-mingw32/bin/../lib/gcc/nios2-elf/4.1.2/../../../../nios2-elf/lib/mno-hw-mul\libc.a(lib_a-memcmp.o)
 .bss           0x0081650c        0x0 c:/software/altera/10.1/nios2eds/bin/gnu/h-i686-mingw32/bin/../lib/gcc/nios2-elf/4.1.2/../../../../nios2-elf/lib/mno-hw-mul\libc.a(lib_a-__atexit.o)
 *(COMMON)
 COMMON         0x0081650c       0x2a obj/lab2.o
                0x0081650c                response_buffer
                0x00816520                BS_VOLLab_32
                0x0081652b                BS_VOLLab_16
 *fill*         0x00816536        0x2 00
 COMMON         0x00816538      0x100 ../lab2_bsp\libhal_bsp.a(alt_irq_handler.o)
                0x00816538                alt_irq
 COMMON         0x00816638      0x190 c:/software/altera/10.1/nios2eds/bin/gnu/h-i686-mingw32/bin/../lib/gcc/nios2-elf/4.1.2/../../../../nios2-elf/lib/mno-hw-mul\libc.a(lib_a-atexit.o)
                0x00816638                _atexit0
                0x008167c8                . = ALIGN (0x4)
                0x008167c8                __bss_end = ABSOLUTE (.)

.sdram_0        0x008167c8        0x0
                0x008167c8                PROVIDE (_alt_partition_sdram_0_start, ABSOLUTE (.))
 *(.sdram_0. sdram_0.*)
                0x008167c8                . = ALIGN (0x4)
                0x008167c8                PROVIDE (_alt_partition_sdram_0_end, ABSOLUTE (.))
                0x008167c8                _end = ABSOLUTE (.)
                0x008167c8                end = ABSOLUTE (.)
                0x008167c8                __alt_stack_base = ABSOLUTE (.)
                0x008167c8                PROVIDE (_alt_partition_sdram_0_load_addr, LOADADDR (.sdram_0))

.stab
 *(.stab)

.stabstr
 *(.stabstr)

.stab.excl
 *(.stab.excl)

.stab.exclstr
 *(.stab.exclstr)

.stab.index
 *(.stab.index)

.stab.indexstr
 *(.stab.indexstr)

.comment        0x00000000       0x23
 *(.comment)
 .comment       0x00000000       0x23 obj/LCD.o
                                 0x24 (size before relaxing)
 .comment       0x00000000       0x24 obj/Open_I2C.o
 .comment       0x00000000       0x24 obj/lab2.o
 .comment       0x00000000       0x24 obj/wm8731.o
 .comment       0x00000000       0x24 c:/software/altera/10.1/nios2eds/bin/gnu/h-i686-mingw32/bin/../lib/gcc/nios2-elf/4.1.2/../../../../nios2-elf/lib/mno-hw-mul\libm.a(lib_a-s_ceil.o)
 .comment       0x00000000       0x24 c:/software/altera/10.1/nios2eds/bin/gnu/h-i686-mingw32/bin/../lib/gcc/nios2-elf/4.1.2/../../../../nios2-elf/lib/mno-hw-mul\libm.a(lib_a-s_floor.o)
 .comment       0x00000000       0x24 c:/software/altera/10.1/nios2eds/bin/gnu/h-i686-mingw32/bin/../lib/gcc/nios2-elf/4.1.2/mno-hw-mul\libgcc.a(_addsub_df.o)
 .comment       0x00000000       0x24 c:/software/altera/10.1/nios2eds/bin/gnu/h-i686-mingw32/bin/../lib/gcc/nios2-elf/4.1.2/mno-hw-mul\libgcc.a(_gt_df.o)
 .comment       0x00000000       0x24 c:/software/altera/10.1/nios2eds/bin/gnu/h-i686-mingw32/bin/../lib/gcc/nios2-elf/4.1.2/mno-hw-mul\libgcc.a(_si_to_df.o)
 .comment       0x00000000       0x24 c:/software/altera/10.1/nios2eds/bin/gnu/h-i686-mingw32/bin/../lib/gcc/nios2-elf/4.1.2/mno-hw-mul\libgcc.a(_df_to_si.o)
 .comment       0x00000000       0x24 c:/software/altera/10.1/nios2eds/bin/gnu/h-i686-mingw32/bin/../lib/gcc/nios2-elf/4.1.2/mno-hw-mul\libgcc.a(_thenan_df.o)
 .comment       0x00000000       0x24 c:/software/altera/10.1/nios2eds/bin/gnu/h-i686-mingw32/bin/../lib/gcc/nios2-elf/4.1.2/mno-hw-mul\libgcc.a(_usi_to_df.o)
 .comment       0x00000000       0x24 c:/software/altera/10.1/nios2eds/bin/gnu/h-i686-mingw32/bin/../lib/gcc/nios2-elf/4.1.2/mno-hw-mul\libgcc.a(lib2-divmod.o)
 .comment       0x00000000       0x24 c:/software/altera/10.1/nios2eds/bin/gnu/h-i686-mingw32/bin/../lib/gcc/nios2-elf/4.1.2/mno-hw-mul\libgcc.a(lib2-divtable.o)
 .comment       0x00000000       0x24 c:/software/altera/10.1/nios2eds/bin/gnu/h-i686-mingw32/bin/../lib/gcc/nios2-elf/4.1.2/mno-hw-mul\libgcc.a(lib2-mul.o)
 .comment       0x00000000       0x24 c:/software/altera/10.1/nios2eds/bin/gnu/h-i686-mingw32/bin/../lib/gcc/nios2-elf/4.1.2/mno-hw-mul\libgcc.a(_clzsi2.o)
 .comment       0x00000000       0x24 c:/software/altera/10.1/nios2eds/bin/gnu/h-i686-mingw32/bin/../lib/gcc/nios2-elf/4.1.2/mno-hw-mul\libgcc.a(_pack_df.o)
 .comment       0x00000000       0x24 c:/software/altera/10.1/nios2eds/bin/gnu/h-i686-mingw32/bin/../lib/gcc/nios2-elf/4.1.2/mno-hw-mul\libgcc.a(_unpack_df.o)
 .comment       0x00000000       0x24 c:/software/altera/10.1/nios2eds/bin/gnu/h-i686-mingw32/bin/../lib/gcc/nios2-elf/4.1.2/mno-hw-mul\libgcc.a(_fpcmp_parts_df.o)
 .comment       0x00000000       0x24 c:/software/altera/10.1/nios2eds/bin/gnu/h-i686-mingw32/bin/../lib/gcc/nios2-elf/4.1.2/mno-hw-mul\libgcc.a(_clz.o)
 .comment       0x00000000       0x24 c:/software/altera/10.1/nios2eds/bin/gnu/h-i686-mingw32/bin/../lib/gcc/nios2-elf/4.1.2/../../../../nios2-elf/lib/mno-hw-mul\libc.a(lib_a-exit.o)
 .comment       0x00000000       0x24 c:/software/altera/10.1/nios2eds/bin/gnu/h-i686-mingw32/bin/../lib/gcc/nios2-elf/4.1.2/../../../../nios2-elf/lib/mno-hw-mul\libc.a(lib_a-impure.o)
 .comment       0x00000000       0x24 c:/software/altera/10.1/nios2eds/bin/gnu/h-i686-mingw32/bin/../lib/gcc/nios2-elf/4.1.2/../../../../nios2-elf/lib/mno-hw-mul\libc.a(lib_a-memset.o)
 .comment       0x00000000       0x24 c:/software/altera/10.1/nios2eds/bin/gnu/h-i686-mingw32/bin/../lib/gcc/nios2-elf/4.1.2/../../../../nios2-elf/lib/mno-hw-mul\libc.a(lib_a-perror.o)
 .comment       0x00000000       0x24 c:/software/altera/10.1/nios2eds/bin/gnu/h-i686-mingw32/bin/../lib/gcc/nios2-elf/4.1.2/../../../../nios2-elf/lib/mno-hw-mul\libc.a(lib_a-printf.o)
 .comment       0x00000000       0x24 c:/software/altera/10.1/nios2eds/bin/gnu/h-i686-mingw32/bin/../lib/gcc/nios2-elf/4.1.2/../../../../nios2-elf/lib/mno-hw-mul\libc.a(lib_a-puts.o)
 .comment       0x00000000       0x24 c:/software/altera/10.1/nios2eds/bin/gnu/h-i686-mingw32/bin/../lib/gcc/nios2-elf/4.1.2/../../../../nios2-elf/lib/mno-hw-mul\libc.a(lib_a-strcmp.o)
 .comment       0x00000000       0x24 c:/software/altera/10.1/nios2eds/bin/gnu/h-i686-mingw32/bin/../lib/gcc/nios2-elf/4.1.2/../../../../nios2-elf/lib/mno-hw-mul\libc.a(lib_a-strcpy.o)
 .comment       0x00000000       0x24 c:/software/altera/10.1/nios2eds/bin/gnu/h-i686-mingw32/bin/../lib/gcc/nios2-elf/4.1.2/../../../../nios2-elf/lib/mno-hw-mul\libc.a(lib_a-strerror.o)
 .comment       0x00000000       0x24 c:/software/altera/10.1/nios2eds/bin/gnu/h-i686-mingw32/bin/../lib/gcc/nios2-elf/4.1.2/../../../../nios2-elf/lib/mno-hw-mul\libc.a(lib_a-strlen.o)
 .comment       0x00000000       0x24 c:/software/altera/10.1/nios2eds/bin/gnu/h-i686-mingw32/bin/../lib/gcc/nios2-elf/4.1.2/../../../../nios2-elf/lib/mno-hw-mul\libc.a(lib_a-u_strerr.o)
 .comment       0x00000000       0x24 c:/software/altera/10.1/nios2eds/bin/gnu/h-i686-mingw32/bin/../lib/gcc/nios2-elf/4.1.2/../../../../nios2-elf/lib/mno-hw-mul\libc.a(lib_a-vfprintf.o)
 .comment       0x00000000       0x24 c:/software/altera/10.1/nios2eds/bin/gnu/h-i686-mingw32/bin/../lib/gcc/nios2-elf/4.1.2/../../../../nios2-elf/lib/mno-hw-mul\libc.a(lib_a-wsetup.o)
 .comment       0x00000000       0x24 c:/software/altera/10.1/nios2eds/bin/gnu/h-i686-mingw32/bin/../lib/gcc/nios2-elf/4.1.2/../../../../nios2-elf/lib/mno-hw-mul\libc.a(lib_a-__call_atexit.o)
 .comment       0x00000000       0x24 c:/software/altera/10.1/nios2eds/bin/gnu/h-i686-mingw32/bin/../lib/gcc/nios2-elf/4.1.2/../../../../nios2-elf/lib/mno-hw-mul\libc.a(lib_a-dtoa.o)
 .comment       0x00000000       0x24 c:/software/altera/10.1/nios2eds/bin/gnu/h-i686-mingw32/bin/../lib/gcc/nios2-elf/4.1.2/../../../../nios2-elf/lib/mno-hw-mul\libc.a(lib_a-fflush.o)
 .comment       0x00000000       0x24 c:/software/altera/10.1/nios2eds/bin/gnu/h-i686-mingw32/bin/../lib/gcc/nios2-elf/4.1.2/../../../../nios2-elf/lib/mno-hw-mul\libc.a(lib_a-findfp.o)
 .comment       0x00000000       0x24 c:/software/altera/10.1/nios2eds/bin/gnu/h-i686-mingw32/bin/../lib/gcc/nios2-elf/4.1.2/../../../../nios2-elf/lib/mno-hw-mul\libc.a(lib_a-fputc.o)
 .comment       0x00000000       0x24 c:/software/altera/10.1/nios2eds/bin/gnu/h-i686-mingw32/bin/../lib/gcc/nios2-elf/4.1.2/../../../../nios2-elf/lib/mno-hw-mul\libc.a(lib_a-fputs.o)
 .comment       0x00000000       0x24 c:/software/altera/10.1/nios2eds/bin/gnu/h-i686-mingw32/bin/../lib/gcc/nios2-elf/4.1.2/../../../../nios2-elf/lib/mno-hw-mul\libc.a(lib_a-freer.o)
 .comment       0x00000000       0x24 c:/software/altera/10.1/nios2eds/bin/gnu/h-i686-mingw32/bin/../lib/gcc/nios2-elf/4.1.2/../../../../nios2-elf/lib/mno-hw-mul\libc.a(lib_a-fvwrite.o)
 .comment       0x00000000       0x24 c:/software/altera/10.1/nios2eds/bin/gnu/h-i686-mingw32/bin/../lib/gcc/nios2-elf/4.1.2/../../../../nios2-elf/lib/mno-hw-mul\libc.a(lib_a-fwalk.o)
 .comment       0x00000000       0x24 c:/software/altera/10.1/nios2eds/bin/gnu/h-i686-mingw32/bin/../lib/gcc/nios2-elf/4.1.2/../../../../nios2-elf/lib/mno-hw-mul\libc.a(lib_a-locale.o)
 .comment       0x00000000       0x24 c:/software/altera/10.1/nios2eds/bin/gnu/h-i686-mingw32/bin/../lib/gcc/nios2-elf/4.1.2/../../../../nios2-elf/lib/mno-hw-mul\libc.a(lib_a-makebuf.o)
 .comment       0x00000000       0x24 c:/software/altera/10.1/nios2eds/bin/gnu/h-i686-mingw32/bin/../lib/gcc/nios2-elf/4.1.2/../../../../nios2-elf/lib/mno-hw-mul\libc.a(lib_a-mallocr.o)
 .comment       0x00000000       0x24 c:/software/altera/10.1/nios2eds/bin/gnu/h-i686-mingw32/bin/../lib/gcc/nios2-elf/4.1.2/../../../../nios2-elf/lib/mno-hw-mul\libc.a(lib_a-memchr.o)
 .comment       0x00000000       0x24 c:/software/altera/10.1/nios2eds/bin/gnu/h-i686-mingw32/bin/../lib/gcc/nios2-elf/4.1.2/../../../../nios2-elf/lib/mno-hw-mul\libc.a(lib_a-memcpy.o)
 .comment       0x00000000       0x24 c:/software/altera/10.1/nios2eds/bin/gnu/h-i686-mingw32/bin/../lib/gcc/nios2-elf/4.1.2/../../../../nios2-elf/lib/mno-hw-mul\libc.a(lib_a-memmove.o)
 .comment       0x00000000       0x24 c:/software/altera/10.1/nios2eds/bin/gnu/h-i686-mingw32/bin/../lib/gcc/nios2-elf/4.1.2/../../../../nios2-elf/lib/mno-hw-mul\libc.a(lib_a-mprec.o)
 .comment       0x00000000       0x24 c:/software/altera/10.1/nios2eds/bin/gnu/h-i686-mingw32/bin/../lib/gcc/nios2-elf/4.1.2/../../../../nios2-elf/lib/mno-hw-mul\libc.a(lib_a-putc.o)
 .comment       0x00000000       0x24 c:/software/altera/10.1/nios2eds/bin/gnu/h-i686-mingw32/bin/../lib/gcc/nios2-elf/4.1.2/../../../../nios2-elf/lib/mno-hw-mul\libc.a(lib_a-reallocr.o)
 .comment       0x00000000       0x24 c:/software/altera/10.1/nios2eds/bin/gnu/h-i686-mingw32/bin/../lib/gcc/nios2-elf/4.1.2/../../../../nios2-elf/lib/mno-hw-mul\libc.a(lib_a-s_isinfd.o)